/workspace/polar_codes/utils.py:61: RuntimeWarning: overflow encountered in exp
  return np.log2(1 + np.exp(-2 * s * y)) * np.exp(-y ** 2 / 2)
/workspace/polar_codes/utils.py:61: RuntimeWarning: invalid value encountered in scalar multiply
  return np.log2(1 + np.exp(-2 * s * y)) * np.exp(-y ** 2 / 2)
/workspace/polar_codes/utils.py:63: IntegrationWarning: The occurrence of roundoff error is detected, which prevents 
  the requested tolerance from being achieved.  The error may be 
  underestimated.
  val, _ = integrate.quad(integrand, -np.inf, np.inf)
单元测试通过。

============================================================
SC 仿真: N=256, K=128, R=0.5
============================================================
  Eb/N0=0.00dB | BLER=1.0000e+00 | BER=4.8258e-01 | Errors=100 | Frames=100 | AvgTime=8.72ms
  Eb/N0=0.25dB | BLER=1.0000e+00 | BER=4.8289e-01 | Errors=100 | Frames=100 | AvgTime=8.83ms
  Eb/N0=0.50dB | BLER=1.0000e+00 | BER=4.8297e-01 | Errors=100 | Frames=100 | AvgTime=8.71ms
  Eb/N0=0.75dB | BLER=1.0000e+00 | BER=4.7664e-01 | Errors=100 | Frames=100 | AvgTime=8.82ms
  Eb/N0=1.00dB | BLER=1.0000e+00 | BER=4.6250e-01 | Errors=100 | Frames=100 | AvgTime=8.73ms
  Eb/N0=1.25dB | BLER=1.0000e+00 | BER=4.7797e-01 | Errors=100 | Frames=100 | AvgTime=8.80ms
  Eb/N0=1.50dB | BLER=1.0000e+00 | BER=4.6391e-01 | Errors=100 | Frames=100 | AvgTime=8.73ms
  Eb/N0=1.75dB | BLER=1.0000e+00 | BER=4.6398e-01 | Errors=100 | Frames=100 | AvgTime=8.82ms
  Eb/N0=2.00dB | BLER=1.0000e+00 | BER=4.7336e-01 | Errors=100 | Frames=100 | AvgTime=8.71ms
  Eb/N0=2.25dB | BLER=1.0000e+00 | BER=4.6703e-01 | Errors=100 | Frames=100 | AvgTime=8.69ms
  Eb/N0=2.50dB | BLER=1.0000e+00 | BER=4.6484e-01 | Errors=100 | Frames=100 | AvgTime=8.74ms
  Eb/N0=2.75dB | BLER=1.0000e+00 | BER=4.4797e-01 | Errors=100 | Frames=100 | AvgTime=8.69ms
  Eb/N0=3.00dB | BLER=1.0000e+00 | BER=4.5398e-01 | Errors=100 | Frames=100 | AvgTime=8.71ms
  Eb/N0=3.25dB | BLER=1.0000e+00 | BER=4.4234e-01 | Errors=100 | Frames=100 | AvgTime=8.71ms
  Eb/N0=3.50dB | BLER=1.0000e+00 | BER=4.4312e-01 | Errors=100 | Frames=100 | AvgTime=8.77ms
  Eb/N0=3.75dB | BLER=1.0000e+00 | BER=4.4500e-01 | Errors=100 | Frames=100 | AvgTime=8.74ms
  Eb/N0=4.00dB | BLER=1.0000e+00 | BER=4.3320e-01 | Errors=100 | Frames=100 | AvgTime=8.69ms
  Eb/N0=4.25dB | BLER=1.0000e+00 | BER=4.0891e-01 | Errors=100 | Frames=100 | AvgTime=8.70ms
  Eb/N0=4.50dB | BLER=1.0000e+00 | BER=4.0430e-01 | Errors=100 | Frames=100 | AvgTime=8.73ms
  Eb/N0=4.75dB | BLER=1.0000e+00 | BER=4.0820e-01 | Errors=100 | Frames=100 | AvgTime=8.74ms
  Eb/N0=5.00dB | BLER=1.0000e+00 | BER=3.9727e-01 | Errors=100 | Frames=100 | AvgTime=8.73ms
  Eb/N0=5.25dB | BLER=1.0000e+00 | BER=3.8781e-01 | Errors=100 | Frames=100 | AvgTime=8.69ms

============================================================
SC 仿真: N=512, K=256, R=0.5
============================================================
  Eb/N0=0.00dB | BLER=1.0000e+00 | BER=4.8695e-01 | Errors=100 | Frames=100 | AvgTime=19.53ms
  Eb/N0=0.25dB | BLER=1.0000e+00 | BER=4.9160e-01 | Errors=100 | Frames=100 | AvgTime=19.49ms
  Eb/N0=0.50dB | BLER=1.0000e+00 | BER=4.8547e-01 | Errors=100 | Frames=100 | AvgTime=19.51ms
  Eb/N0=0.75dB | BLER=1.0000e+00 | BER=4.8922e-01 | Errors=100 | Frames=100 | AvgTime=19.56ms
  Eb/N0=1.00dB | BLER=1.0000e+00 | BER=4.8281e-01 | Errors=100 | Frames=100 | AvgTime=19.64ms
  Eb/N0=1.25dB | BLER=1.0000e+00 | BER=4.8609e-01 | Errors=100 | Frames=100 | AvgTime=19.56ms
  Eb/N0=1.50dB | BLER=1.0000e+00 | BER=4.7926e-01 | Errors=100 | Frames=100 | AvgTime=19.50ms
  Eb/N0=1.75dB | BLER=1.0000e+00 | BER=4.7609e-01 | Errors=100 | Frames=100 | AvgTime=19.71ms
  Eb/N0=2.00dB | BLER=1.0000e+00 | BER=4.8828e-01 | Errors=100 | Frames=100 | AvgTime=19.65ms
  Eb/N0=2.25dB | BLER=1.0000e+00 | BER=4.8063e-01 | Errors=100 | Frames=100 | AvgTime=19.51ms
  Eb/N0=2.50dB | BLER=1.0000e+00 | BER=4.8027e-01 | Errors=100 | Frames=100 | AvgTime=19.49ms
  Eb/N0=2.75dB | BLER=1.0000e+00 | BER=4.6930e-01 | Errors=100 | Frames=100 | AvgTime=19.54ms
  Eb/N0=3.00dB | BLER=1.0000e+00 | BER=4.7598e-01 | Errors=100 | Frames=100 | AvgTime=19.52ms
  Eb/N0=3.25dB | BLER=1.0000e+00 | BER=4.6840e-01 | Errors=100 | Frames=100 | AvgTime=19.53ms
  Eb/N0=3.50dB | BLER=1.0000e+00 | BER=4.7844e-01 | Errors=100 | Frames=100 | AvgTime=19.62ms
  Eb/N0=3.75dB | BLER=1.0000e+00 | BER=4.5730e-01 | Errors=100 | Frames=100 | AvgTime=20.35ms
  Eb/N0=4.00dB | BLER=1.0000e+00 | BER=4.5969e-01 | Errors=100 | Frames=100 | AvgTime=19.75ms
  Eb/N0=4.25dB | BLER=1.0000e+00 | BER=4.5824e-01 | Errors=100 | Frames=100 | AvgTime=19.65ms
  Eb/N0=4.50dB | BLER=1.0000e+00 | BER=4.4500e-01 | Errors=100 | Frames=100 | AvgTime=19.60ms
  Eb/N0=4.75dB | BLER=1.0000e+00 | BER=4.4863e-01 | Errors=100 | Frames=100 | AvgTime=19.54ms
  Eb/N0=5.00dB | BLER=1.0000e+00 | BER=4.3242e-01 | Errors=100 | Frames=100 | AvgTime=20.13ms
  Eb/N0=5.25dB | BLER=1.0000e+00 | BER=4.1566e-01 | Errors=100 | Frames=100 | AvgTime=19.67ms

============================================================
SC 仿真: N=1024, K=512, R=0.5
============================================================
  Eb/N0=0.00dB | BLER=1.0000e+00 | BER=4.9615e-01 | Errors=100 | Frames=100 | AvgTime=43.96ms
  Eb/N0=0.25dB | BLER=1.0000e+00 | BER=4.9592e-01 | Errors=100 | Frames=100 | AvgTime=43.66ms
  Eb/N0=0.50dB | BLER=1.0000e+00 | BER=4.9127e-01 | Errors=100 | Frames=100 | AvgTime=43.68ms
  Eb/N0=0.75dB | BLER=1.0000e+00 | BER=4.9385e-01 | Errors=100 | Frames=100 | AvgTime=45.02ms
  Eb/N0=1.00dB | BLER=1.0000e+00 | BER=4.9492e-01 | Errors=100 | Frames=100 | AvgTime=43.83ms
  Eb/N0=1.25dB | BLER=1.0000e+00 | BER=4.9537e-01 | Errors=100 | Frames=100 | AvgTime=43.79ms
  Eb/N0=1.50dB | BLER=1.0000e+00 | BER=4.9506e-01 | Errors=100 | Frames=100 | AvgTime=43.74ms
  Eb/N0=1.75dB | BLER=1.0000e+00 | BER=4.9270e-01 | Errors=100 | Frames=100 | AvgTime=43.76ms
  Eb/N0=2.00dB | BLER=1.0000e+00 | BER=4.9312e-01 | Errors=100 | Frames=100 | AvgTime=43.71ms
  Eb/N0=2.25dB | BLER=1.0000e+00 | BER=4.9049e-01 | Errors=100 | Frames=100 | AvgTime=43.72ms
  Eb/N0=2.50dB | BLER=1.0000e+00 | BER=4.8771e-01 | Errors=100 | Frames=100 | AvgTime=43.85ms
  Eb/N0=2.75dB | BLER=1.0000e+00 | BER=4.8924e-01 | Errors=100 | Frames=100 | AvgTime=43.91ms
  Eb/N0=3.00dB | BLER=1.0000e+00 | BER=4.8980e-01 | Errors=100 | Frames=100 | AvgTime=43.84ms
  Eb/N0=3.25dB | BLER=1.0000e+00 | BER=4.8309e-01 | Errors=100 | Frames=100 | AvgTime=43.88ms
  Eb/N0=3.50dB | BLER=1.0000e+00 | BER=4.8164e-01 | Errors=100 | Frames=100 | AvgTime=43.86ms
  Eb/N0=3.75dB | BLER=1.0000e+00 | BER=4.7891e-01 | Errors=100 | Frames=100 | AvgTime=44.19ms
  Eb/N0=4.00dB | BLER=1.0000e+00 | BER=4.8307e-01 | Errors=100 | Frames=100 | AvgTime=44.10ms
  Eb/N0=4.25dB | BLER=1.0000e+00 | BER=4.7408e-01 | Errors=100 | Frames=100 | AvgTime=44.73ms
  Eb/N0=4.50dB | BLER=1.0000e+00 | BER=4.7949e-01 | Errors=100 | Frames=100 | AvgTime=43.87ms
  Eb/N0=4.75dB | BLER=1.0000e+00 | BER=4.7762e-01 | Errors=100 | Frames=100 | AvgTime=43.52ms
  Eb/N0=5.00dB | BLER=1.0000e+00 | BER=4.7025e-01 | Errors=100 | Frames=100 | AvgTime=45.12ms
  Eb/N0=5.25dB | BLER=1.0000e+00 | BER=4.6381e-01 | Errors=100 | Frames=100 | AvgTime=43.63ms

BPSK 信道容量限（R=0.5）: Eb/N0 = 20.000 dB

实验一完成。结果保存至 results/ 目录。
