============================================================
单元测试
============================================================
test_encoder: OK [1 0 1 1]
test_ga_construction: OK
test_sc_recursive_lossless: OK
test_sc_nonrecursive_matches_recursive: OK
test_scl_l1_equals_sc: OK
test_crc: OK
test_bp_smoke: OK 20

All unit tests passed.

============================================================
SC 仿真: N=256, K=128, R=0.5
============================================================
  Eb/N0=0.00dB | BLER=1.0000e+00 | BER=4.8258e-01 | Errors=100 | Frames=100 | AvgTime=2.64ms
  Eb/N0=0.25dB | BLER=1.0000e+00 | BER=4.8469e-01 | Errors=100 | Frames=100 | AvgTime=2.63ms
  Eb/N0=0.50dB | BLER=1.0000e+00 | BER=4.6234e-01 | Errors=100 | Frames=100 | AvgTime=2.63ms
  Eb/N0=0.75dB | BLER=1.0000e+00 | BER=4.6719e-01 | Errors=100 | Frames=100 | AvgTime=2.63ms
  Eb/N0=1.00dB | BLER=1.0000e+00 | BER=4.6633e-01 | Errors=100 | Frames=100 | AvgTime=2.63ms
  Eb/N0=1.25dB | BLER=1.0000e+00 | BER=4.7742e-01 | Errors=100 | Frames=100 | AvgTime=2.63ms
  Eb/N0=1.50dB | BLER=1.0000e+00 | BER=4.7750e-01 | Errors=100 | Frames=100 | AvgTime=2.63ms
  Eb/N0=1.75dB | BLER=1.0000e+00 | BER=4.7047e-01 | Errors=100 | Frames=100 | AvgTime=2.63ms
  Eb/N0=2.00dB | BLER=1.0000e+00 | BER=4.5656e-01 | Errors=100 | Frames=100 | AvgTime=2.63ms
  Eb/N0=2.25dB | BLER=1.0000e+00 | BER=4.5758e-01 | Errors=100 | Frames=100 | AvgTime=2.63ms
  Eb/N0=2.50dB | BLER=1.0000e+00 | BER=4.5508e-01 | Errors=100 | Frames=100 | AvgTime=2.63ms
  Eb/N0=2.75dB | BLER=1.0000e+00 | BER=4.5258e-01 | Errors=100 | Frames=100 | AvgTime=2.63ms
  Eb/N0=3.00dB | BLER=1.0000e+00 | BER=4.4055e-01 | Errors=100 | Frames=100 | AvgTime=2.63ms
  Eb/N0=3.25dB | BLER=1.0000e+00 | BER=4.5062e-01 | Errors=100 | Frames=100 | AvgTime=2.63ms
  Eb/N0=3.50dB | BLER=1.0000e+00 | BER=4.4188e-01 | Errors=100 | Frames=100 | AvgTime=2.63ms
  Eb/N0=3.75dB | BLER=1.0000e+00 | BER=4.4008e-01 | Errors=100 | Frames=100 | AvgTime=2.64ms
  Eb/N0=4.00dB | BLER=1.0000e+00 | BER=4.3539e-01 | Errors=100 | Frames=100 | AvgTime=2.64ms
  Eb/N0=4.25dB | BLER=1.0000e+00 | BER=4.2594e-01 | Errors=100 | Frames=100 | AvgTime=2.63ms
  Eb/N0=4.50dB | BLER=1.0000e+00 | BER=4.0336e-01 | Errors=100 | Frames=100 | AvgTime=2.63ms
  Eb/N0=4.75dB | BLER=1.0000e+00 | BER=3.9297e-01 | Errors=100 | Frames=100 | AvgTime=2.63ms
  Eb/N0=5.00dB | BLER=1.0000e+00 | BER=3.8641e-01 | Errors=100 | Frames=100 | AvgTime=2.63ms
  Eb/N0=5.25dB | BLER=9.9010e-01 | BER=3.5442e-01 | Errors=100 | Frames=101 | AvgTime=2.63ms

============================================================
SC 仿真: N=512, K=256, R=0.5
============================================================
  Eb/N0=0.00dB | BLER=1.0000e+00 | BER=4.9891e-01 | Errors=100 | Frames=100 | AvgTime=5.96ms
  Eb/N0=0.25dB | BLER=1.0000e+00 | BER=4.9590e-01 | Errors=100 | Frames=100 | AvgTime=5.96ms
  Eb/N0=0.50dB | BLER=1.0000e+00 | BER=4.9004e-01 | Errors=100 | Frames=100 | AvgTime=5.95ms
  Eb/N0=0.75dB | BLER=1.0000e+00 | BER=4.8711e-01 | Errors=100 | Frames=100 | AvgTime=5.95ms
  Eb/N0=1.00dB | BLER=1.0000e+00 | BER=4.8633e-01 | Errors=100 | Frames=100 | AvgTime=5.95ms
  Eb/N0=1.25dB | BLER=1.0000e+00 | BER=4.8707e-01 | Errors=100 | Frames=100 | AvgTime=5.95ms
  Eb/N0=1.50dB | BLER=1.0000e+00 | BER=4.8738e-01 | Errors=100 | Frames=100 | AvgTime=6.02ms
  Eb/N0=1.75dB | BLER=1.0000e+00 | BER=4.9176e-01 | Errors=100 | Frames=100 | AvgTime=6.02ms
  Eb/N0=2.00dB | BLER=1.0000e+00 | BER=4.7652e-01 | Errors=100 | Frames=100 | AvgTime=6.01ms
  Eb/N0=2.25dB | BLER=1.0000e+00 | BER=4.8684e-01 | Errors=100 | Frames=100 | AvgTime=6.01ms
  Eb/N0=2.50dB | BLER=1.0000e+00 | BER=4.7574e-01 | Errors=100 | Frames=100 | AvgTime=5.96ms
  Eb/N0=2.75dB | BLER=1.0000e+00 | BER=4.7797e-01 | Errors=100 | Frames=100 | AvgTime=5.96ms
  Eb/N0=3.00dB | BLER=1.0000e+00 | BER=4.6965e-01 | Errors=100 | Frames=100 | AvgTime=5.96ms
  Eb/N0=3.25dB | BLER=1.0000e+00 | BER=4.8609e-01 | Errors=100 | Frames=100 | AvgTime=5.95ms
  Eb/N0=3.50dB | BLER=1.0000e+00 | BER=4.6863e-01 | Errors=100 | Frames=100 | AvgTime=5.96ms
  Eb/N0=3.75dB | BLER=1.0000e+00 | BER=4.6176e-01 | Errors=100 | Frames=100 | AvgTime=5.96ms
  Eb/N0=4.00dB | BLER=1.0000e+00 | BER=4.6512e-01 | Errors=100 | Frames=100 | AvgTime=5.95ms
  Eb/N0=4.25dB | BLER=1.0000e+00 | BER=4.6418e-01 | Errors=100 | Frames=100 | AvgTime=5.95ms
  Eb/N0=4.50dB | BLER=1.0000e+00 | BER=4.4953e-01 | Errors=100 | Frames=100 | AvgTime=5.95ms
  Eb/N0=4.75dB | BLER=1.0000e+00 | BER=4.4543e-01 | Errors=100 | Frames=100 | AvgTime=5.96ms
  Eb/N0=5.00dB | BLER=1.0000e+00 | BER=4.3520e-01 | Errors=100 | Frames=100 | AvgTime=5.95ms
  Eb/N0=5.25dB | BLER=1.0000e+00 | BER=4.3305e-01 | Errors=100 | Frames=100 | AvgTime=5.97ms

============================================================
SC 仿真: N=1024, K=512, R=0.5
============================================================
  Eb/N0=0.00dB | BLER=1.0000e+00 | BER=4.9465e-01 | Errors=100 | Frames=100 | AvgTime=13.24ms
  Eb/N0=0.25dB | BLER=1.0000e+00 | BER=4.9602e-01 | Errors=100 | Frames=100 | AvgTime=13.25ms
  Eb/N0=0.50dB | BLER=1.0000e+00 | BER=4.9234e-01 | Errors=100 | Frames=100 | AvgTime=13.25ms
  Eb/N0=0.75dB | BLER=1.0000e+00 | BER=4.9520e-01 | Errors=100 | Frames=100 | AvgTime=13.24ms
  Eb/N0=1.00dB | BLER=1.0000e+00 | BER=4.9014e-01 | Errors=100 | Frames=100 | AvgTime=13.23ms
  Eb/N0=1.25dB | BLER=1.0000e+00 | BER=4.9949e-01 | Errors=100 | Frames=100 | AvgTime=13.24ms
  Eb/N0=1.50dB | BLER=1.0000e+00 | BER=4.9414e-01 | Errors=100 | Frames=100 | AvgTime=13.24ms
  Eb/N0=1.75dB | BLER=1.0000e+00 | BER=4.9838e-01 | Errors=100 | Frames=100 | AvgTime=13.24ms
  Eb/N0=2.00dB | BLER=1.0000e+00 | BER=4.9303e-01 | Errors=100 | Frames=100 | AvgTime=13.23ms
  Eb/N0=2.25dB | BLER=1.0000e+00 | BER=4.9090e-01 | Errors=100 | Frames=100 | AvgTime=13.24ms
  Eb/N0=2.50dB | BLER=1.0000e+00 | BER=4.9318e-01 | Errors=100 | Frames=100 | AvgTime=13.24ms
  Eb/N0=2.75dB | BLER=1.0000e+00 | BER=4.9203e-01 | Errors=100 | Frames=100 | AvgTime=13.26ms
  Eb/N0=3.00dB | BLER=1.0000e+00 | BER=4.8842e-01 | Errors=100 | Frames=100 | AvgTime=13.27ms
  Eb/N0=3.25dB | BLER=1.0000e+00 | BER=4.8586e-01 | Errors=100 | Frames=100 | AvgTime=13.24ms
  Eb/N0=3.50dB | BLER=1.0000e+00 | BER=4.9439e-01 | Errors=100 | Frames=100 | AvgTime=13.23ms
  Eb/N0=3.75dB | BLER=1.0000e+00 | BER=4.8781e-01 | Errors=100 | Frames=100 | AvgTime=13.24ms
  Eb/N0=4.00dB | BLER=1.0000e+00 | BER=4.8182e-01 | Errors=100 | Frames=100 | AvgTime=13.24ms
  Eb/N0=4.25dB | BLER=1.0000e+00 | BER=4.7785e-01 | Errors=100 | Frames=100 | AvgTime=13.24ms
  Eb/N0=4.50dB | BLER=1.0000e+00 | BER=4.7164e-01 | Errors=100 | Frames=100 | AvgTime=13.24ms
  Eb/N0=4.75dB | BLER=1.0000e+00 | BER=4.7482e-01 | Errors=100 | Frames=100 | AvgTime=13.23ms
  Eb/N0=5.00dB | BLER=1.0000e+00 | BER=4.6953e-01 | Errors=100 | Frames=100 | AvgTime=13.24ms
  Eb/N0=5.25dB | BLER=1.0000e+00 | BER=4.6654e-01 | Errors=100 | Frames=100 | AvgTime=13.24ms

BPSK 信道容量限（R=0.5）: Eb/N0 = 0.180 dB

实验一完成。结果保存至 results/ 目录。
