单元测试通过。

============================================================
SC 仿真: N=256, K=128, R=0.5
============================================================
  Eb/N0=0.00dB | BLER=1.0000e+00 | BER=4.8797e-01 | Errors=50 | Frames=50 | AvgTime=3.45ms
  Eb/N0=0.50dB | BLER=1.0000e+00 | BER=4.7672e-01 | Errors=50 | Frames=50 | AvgTime=3.63ms
  Eb/N0=1.00dB | BLER=1.0000e+00 | BER=4.7406e-01 | Errors=50 | Frames=50 | AvgTime=3.45ms
  Eb/N0=1.50dB | BLER=1.0000e+00 | BER=4.5891e-01 | Errors=50 | Frames=50 | AvgTime=3.42ms
  Eb/N0=2.00dB | BLER=1.0000e+00 | BER=4.8297e-01 | Errors=50 | Frames=50 | AvgTime=3.43ms
  Eb/N0=2.50dB | BLER=1.0000e+00 | BER=4.2812e-01 | Errors=50 | Frames=50 | AvgTime=3.44ms
  Eb/N0=3.00dB | BLER=1.0000e+00 | BER=4.6016e-01 | Errors=50 | Frames=50 | AvgTime=3.43ms
  Eb/N0=3.50dB | BLER=1.0000e+00 | BER=4.3812e-01 | Errors=50 | Frames=50 | AvgTime=3.47ms
  Eb/N0=4.00dB | BLER=1.0000e+00 | BER=4.2422e-01 | Errors=50 | Frames=50 | AvgTime=3.44ms
  Eb/N0=4.50dB | BLER=1.0000e+00 | BER=4.2344e-01 | Errors=50 | Frames=50 | AvgTime=3.45ms
  Eb/N0=5.00dB | BLER=1.0000e+00 | BER=4.0297e-01 | Errors=50 | Frames=50 | AvgTime=3.42ms
  Eb/N0=5.50dB | BLER=1.0000e+00 | BER=3.9203e-01 | Errors=50 | Frames=50 | AvgTime=3.43ms
  Eb/N0=6.00dB | BLER=9.6154e-01 | BER=2.9988e-01 | Errors=50 | Frames=52 | AvgTime=4.06ms
  Eb/N0=6.50dB | BLER=9.8039e-01 | BER=2.6057e-01 | Errors=50 | Frames=51 | AvgTime=3.44ms
  Eb/N0=7.00dB | BLER=9.8039e-01 | BER=2.8983e-01 | Errors=50 | Frames=51 | AvgTime=3.43ms
  Eb/N0=7.50dB | BLER=7.8125e-01 | BER=1.9153e-01 | Errors=50 | Frames=64 | AvgTime=3.43ms
  Eb/N0=8.00dB | BLER=6.2500e-01 | BER=1.3096e-01 | Errors=50 | Frames=80 | AvgTime=3.43ms

============================================================
SC 仿真: N=512, K=256, R=0.5
============================================================
  Eb/N0=0.00dB | BLER=1.0000e+00 | BER=4.8859e-01 | Errors=50 | Frames=50 | AvgTime=7.79ms
  Eb/N0=0.50dB | BLER=1.0000e+00 | BER=4.9547e-01 | Errors=50 | Frames=50 | AvgTime=8.02ms
  Eb/N0=1.00dB | BLER=1.0000e+00 | BER=4.9109e-01 | Errors=50 | Frames=50 | AvgTime=7.90ms
  Eb/N0=1.50dB | BLER=1.0000e+00 | BER=4.8547e-01 | Errors=50 | Frames=50 | AvgTime=7.76ms
  Eb/N0=2.00dB | BLER=1.0000e+00 | BER=4.7977e-01 | Errors=50 | Frames=50 | AvgTime=7.80ms
  Eb/N0=2.50dB | BLER=1.0000e+00 | BER=4.9031e-01 | Errors=50 | Frames=50 | AvgTime=7.75ms
  Eb/N0=3.00dB | BLER=1.0000e+00 | BER=4.7180e-01 | Errors=50 | Frames=50 | AvgTime=8.56ms
  Eb/N0=3.50dB | BLER=1.0000e+00 | BER=4.7367e-01 | Errors=50 | Frames=50 | AvgTime=7.81ms
  Eb/N0=4.00dB | BLER=1.0000e+00 | BER=4.5922e-01 | Errors=50 | Frames=50 | AvgTime=7.80ms
  Eb/N0=4.50dB | BLER=1.0000e+00 | BER=4.4742e-01 | Errors=50 | Frames=50 | AvgTime=8.24ms
  Eb/N0=5.00dB | BLER=1.0000e+00 | BER=4.3500e-01 | Errors=50 | Frames=50 | AvgTime=7.83ms
  Eb/N0=5.50dB | BLER=1.0000e+00 | BER=4.3625e-01 | Errors=50 | Frames=50 | AvgTime=8.04ms
  Eb/N0=6.00dB | BLER=1.0000e+00 | BER=3.6852e-01 | Errors=50 | Frames=50 | AvgTime=7.73ms
  Eb/N0=6.50dB | BLER=1.0000e+00 | BER=3.4344e-01 | Errors=50 | Frames=50 | AvgTime=7.75ms
  Eb/N0=7.00dB | BLER=1.0000e+00 | BER=2.9422e-01 | Errors=50 | Frames=50 | AvgTime=7.84ms
  Eb/N0=7.50dB | BLER=9.0909e-01 | BER=2.8104e-01 | Errors=50 | Frames=55 | AvgTime=7.78ms
  Eb/N0=8.00dB | BLER=8.4746e-01 | BER=2.3391e-01 | Errors=50 | Frames=59 | AvgTime=7.96ms

============================================================
SC 仿真: N=1024, K=512, R=0.5
============================================================
  Eb/N0=0.00dB | BLER=1.0000e+00 | BER=4.9840e-01 | Errors=50 | Frames=50 | AvgTime=17.54ms
  Eb/N0=0.50dB | BLER=1.0000e+00 | BER=4.9352e-01 | Errors=50 | Frames=50 | AvgTime=17.54ms
  Eb/N0=1.00dB | BLER=1.0000e+00 | BER=5.0062e-01 | Errors=50 | Frames=50 | AvgTime=17.33ms
  Eb/N0=1.50dB | BLER=1.0000e+00 | BER=4.9852e-01 | Errors=50 | Frames=50 | AvgTime=17.23ms
  Eb/N0=2.00dB | BLER=1.0000e+00 | BER=4.9242e-01 | Errors=50 | Frames=50 | AvgTime=17.33ms
  Eb/N0=2.50dB | BLER=1.0000e+00 | BER=4.8828e-01 | Errors=50 | Frames=50 | AvgTime=17.34ms
  Eb/N0=3.00dB | BLER=1.0000e+00 | BER=4.9352e-01 | Errors=50 | Frames=50 | AvgTime=17.23ms
  Eb/N0=3.50dB | BLER=1.0000e+00 | BER=4.8992e-01 | Errors=50 | Frames=50 | AvgTime=17.21ms
  Eb/N0=4.00dB | BLER=1.0000e+00 | BER=4.8355e-01 | Errors=50 | Frames=50 | AvgTime=17.21ms
  Eb/N0=4.50dB | BLER=1.0000e+00 | BER=4.8711e-01 | Errors=50 | Frames=50 | AvgTime=17.19ms
  Eb/N0=5.00dB | BLER=1.0000e+00 | BER=4.7613e-01 | Errors=50 | Frames=50 | AvgTime=17.21ms
  Eb/N0=5.50dB | BLER=1.0000e+00 | BER=4.6219e-01 | Errors=50 | Frames=50 | AvgTime=17.50ms
  Eb/N0=6.00dB | BLER=1.0000e+00 | BER=4.3184e-01 | Errors=50 | Frames=50 | AvgTime=17.30ms
  Eb/N0=6.50dB | BLER=1.0000e+00 | BER=4.2066e-01 | Errors=50 | Frames=50 | AvgTime=17.18ms
  Eb/N0=7.00dB | BLER=1.0000e+00 | BER=4.0988e-01 | Errors=50 | Frames=50 | AvgTime=17.26ms
  Eb/N0=7.50dB | BLER=1.0000e+00 | BER=3.6184e-01 | Errors=50 | Frames=50 | AvgTime=17.18ms
  Eb/N0=8.00dB | BLER=1.0000e+00 | BER=3.1086e-01 | Errors=50 | Frames=50 | AvgTime=17.21ms

BPSK 信道容量限（R=0.5）: Eb/N0 = 5.711 dB

实验一完成。结果保存至 results/ 目录。
