/workspace/polar_codes/utils.py:60: RuntimeWarning: overflow encountered in exp
  return np.log2(1.0 + np.exp(-2.0 * snr * y)) * np.exp(-y ** 2 / 2.0)
/workspace/polar_codes/utils.py:60: RuntimeWarning: invalid value encountered in scalar multiply
  return np.log2(1.0 + np.exp(-2.0 * snr * y)) * np.exp(-y ** 2 / 2.0)
/workspace/polar_codes/utils.py:62: IntegrationWarning: The occurrence of roundoff error is detected, which prevents 
  the requested tolerance from being achieved.  The error may be 
  underestimated.
  integral, _ = integrate.quad(integrand, -np.inf, np.inf)
N=256 info (first 20): [ 1  2  4  7  8 11 13 14 15 16 19 21 22 25 26 28 32 35 37 38]
所有单元测试通过。

============================================================
SC 仿真: N=256, K=128, R=0.5
============================================================
  Eb/N0=0.00dB | BLER=1.0000e+00 | BER=4.9062e-01 | Errors=100 | Frames=100 | AvgTime=2.52ms
  Eb/N0=0.25dB | BLER=1.0000e+00 | BER=4.8648e-01 | Errors=100 | Frames=100 | AvgTime=2.52ms
  Eb/N0=0.50dB | BLER=1.0000e+00 | BER=4.8914e-01 | Errors=100 | Frames=100 | AvgTime=2.52ms
  Eb/N0=0.75dB | BLER=1.0000e+00 | BER=4.8680e-01 | Errors=100 | Frames=100 | AvgTime=2.52ms
  Eb/N0=1.00dB | BLER=1.0000e+00 | BER=4.9148e-01 | Errors=100 | Frames=100 | AvgTime=2.52ms
  Eb/N0=1.25dB | BLER=1.0000e+00 | BER=4.9203e-01 | Errors=100 | Frames=100 | AvgTime=2.53ms
  Eb/N0=1.50dB | BLER=1.0000e+00 | BER=4.8375e-01 | Errors=100 | Frames=100 | AvgTime=2.52ms
  Eb/N0=1.75dB | BLER=1.0000e+00 | BER=4.7844e-01 | Errors=100 | Frames=100 | AvgTime=2.52ms
  Eb/N0=2.00dB | BLER=1.0000e+00 | BER=4.8156e-01 | Errors=100 | Frames=100 | AvgTime=2.52ms
  Eb/N0=2.25dB | BLER=1.0000e+00 | BER=4.7680e-01 | Errors=100 | Frames=100 | AvgTime=2.52ms
  Eb/N0=2.50dB | BLER=1.0000e+00 | BER=4.6984e-01 | Errors=100 | Frames=100 | AvgTime=2.52ms
  Eb/N0=2.75dB | BLER=1.0000e+00 | BER=4.7102e-01 | Errors=100 | Frames=100 | AvgTime=2.53ms
  Eb/N0=3.00dB | BLER=1.0000e+00 | BER=4.7625e-01 | Errors=100 | Frames=100 | AvgTime=2.52ms
  Eb/N0=3.25dB | BLER=1.0000e+00 | BER=4.6945e-01 | Errors=100 | Frames=100 | AvgTime=2.52ms
  Eb/N0=3.50dB | BLER=1.0000e+00 | BER=4.7594e-01 | Errors=100 | Frames=100 | AvgTime=2.53ms
  Eb/N0=3.75dB | BLER=1.0000e+00 | BER=4.6664e-01 | Errors=100 | Frames=100 | AvgTime=2.53ms
  Eb/N0=4.00dB | BLER=1.0000e+00 | BER=4.5195e-01 | Errors=100 | Frames=100 | AvgTime=2.52ms
  Eb/N0=4.25dB | BLER=1.0000e+00 | BER=4.2719e-01 | Errors=100 | Frames=100 | AvgTime=2.52ms
  Eb/N0=4.50dB | BLER=1.0000e+00 | BER=4.3109e-01 | Errors=100 | Frames=100 | AvgTime=2.52ms
  Eb/N0=4.75dB | BLER=1.0000e+00 | BER=4.3797e-01 | Errors=100 | Frames=100 | AvgTime=2.52ms
  Eb/N0=5.00dB | BLER=1.0000e+00 | BER=4.0828e-01 | Errors=100 | Frames=100 | AvgTime=2.52ms
  Eb/N0=5.25dB | BLER=1.0000e+00 | BER=3.8781e-01 | Errors=100 | Frames=100 | AvgTime=2.52ms

============================================================
SC 仿真: N=512, K=256, R=0.5
============================================================
  Eb/N0=0.00dB | BLER=1.0000e+00 | BER=4.9660e-01 | Errors=100 | Frames=100 | AvgTime=5.75ms
  Eb/N0=0.25dB | BLER=1.0000e+00 | BER=4.9926e-01 | Errors=100 | Frames=100 | AvgTime=5.75ms
  Eb/N0=0.50dB | BLER=1.0000e+00 | BER=4.9695e-01 | Errors=100 | Frames=100 | AvgTime=5.73ms
  Eb/N0=0.75dB | BLER=1.0000e+00 | BER=4.9527e-01 | Errors=100 | Frames=100 | AvgTime=5.76ms
  Eb/N0=1.00dB | BLER=1.0000e+00 | BER=4.9570e-01 | Errors=100 | Frames=100 | AvgTime=5.73ms
  Eb/N0=1.25dB | BLER=1.0000e+00 | BER=4.9500e-01 | Errors=100 | Frames=100 | AvgTime=5.72ms
  Eb/N0=1.50dB | BLER=1.0000e+00 | BER=4.9617e-01 | Errors=100 | Frames=100 | AvgTime=5.78ms
  Eb/N0=1.75dB | BLER=1.0000e+00 | BER=4.9047e-01 | Errors=100 | Frames=100 | AvgTime=5.80ms
  Eb/N0=2.00dB | BLER=1.0000e+00 | BER=4.9191e-01 | Errors=100 | Frames=100 | AvgTime=5.78ms
  Eb/N0=2.25dB | BLER=1.0000e+00 | BER=4.9902e-01 | Errors=100 | Frames=100 | AvgTime=5.77ms
  Eb/N0=2.50dB | BLER=1.0000e+00 | BER=4.9242e-01 | Errors=100 | Frames=100 | AvgTime=5.72ms
  Eb/N0=2.75dB | BLER=1.0000e+00 | BER=4.9785e-01 | Errors=100 | Frames=100 | AvgTime=5.73ms
  Eb/N0=3.00dB | BLER=1.0000e+00 | BER=4.8605e-01 | Errors=100 | Frames=100 | AvgTime=5.78ms
  Eb/N0=3.25dB | BLER=1.0000e+00 | BER=4.8262e-01 | Errors=100 | Frames=100 | AvgTime=5.72ms
  Eb/N0=3.50dB | BLER=1.0000e+00 | BER=4.8863e-01 | Errors=100 | Frames=100 | AvgTime=5.72ms
  Eb/N0=3.75dB | BLER=1.0000e+00 | BER=4.8672e-01 | Errors=100 | Frames=100 | AvgTime=5.72ms
  Eb/N0=4.00dB | BLER=1.0000e+00 | BER=4.8910e-01 | Errors=100 | Frames=100 | AvgTime=5.75ms
  Eb/N0=4.25dB | BLER=1.0000e+00 | BER=4.7578e-01 | Errors=100 | Frames=100 | AvgTime=5.72ms
  Eb/N0=4.50dB | BLER=1.0000e+00 | BER=4.7746e-01 | Errors=100 | Frames=100 | AvgTime=5.73ms
  Eb/N0=4.75dB | BLER=1.0000e+00 | BER=4.8371e-01 | Errors=100 | Frames=100 | AvgTime=5.78ms
  Eb/N0=5.00dB | BLER=1.0000e+00 | BER=4.6406e-01 | Errors=100 | Frames=100 | AvgTime=5.77ms
  Eb/N0=5.25dB | BLER=1.0000e+00 | BER=4.6082e-01 | Errors=100 | Frames=100 | AvgTime=5.72ms

============================================================
SC 仿真: N=1024, K=512, R=0.5
============================================================
  Eb/N0=0.00dB | BLER=1.0000e+00 | BER=4.9521e-01 | Errors=100 | Frames=100 | AvgTime=12.82ms
  Eb/N0=0.25dB | BLER=1.0000e+00 | BER=4.9695e-01 | Errors=100 | Frames=100 | AvgTime=12.85ms
  Eb/N0=0.50dB | BLER=1.0000e+00 | BER=5.0035e-01 | Errors=100 | Frames=100 | AvgTime=12.76ms
  Eb/N0=0.75dB | BLER=1.0000e+00 | BER=4.9797e-01 | Errors=100 | Frames=100 | AvgTime=12.74ms
  Eb/N0=1.00dB | BLER=1.0000e+00 | BER=4.9988e-01 | Errors=100 | Frames=100 | AvgTime=12.83ms
  Eb/N0=1.25dB | BLER=1.0000e+00 | BER=4.9584e-01 | Errors=100 | Frames=100 | AvgTime=12.76ms
  Eb/N0=1.50dB | BLER=1.0000e+00 | BER=5.0229e-01 | Errors=100 | Frames=100 | AvgTime=12.76ms
  Eb/N0=1.75dB | BLER=1.0000e+00 | BER=4.9639e-01 | Errors=100 | Frames=100 | AvgTime=12.83ms
  Eb/N0=2.00dB | BLER=1.0000e+00 | BER=4.9822e-01 | Errors=100 | Frames=100 | AvgTime=12.77ms
  Eb/N0=2.25dB | BLER=1.0000e+00 | BER=4.9645e-01 | Errors=100 | Frames=100 | AvgTime=12.81ms
  Eb/N0=2.50dB | BLER=1.0000e+00 | BER=4.9977e-01 | Errors=100 | Frames=100 | AvgTime=12.84ms
  Eb/N0=2.75dB | BLER=1.0000e+00 | BER=5.0000e-01 | Errors=100 | Frames=100 | AvgTime=12.76ms
  Eb/N0=3.00dB | BLER=1.0000e+00 | BER=4.9658e-01 | Errors=100 | Frames=100 | AvgTime=12.77ms
  Eb/N0=3.25dB | BLER=1.0000e+00 | BER=4.9652e-01 | Errors=100 | Frames=100 | AvgTime=12.82ms
  Eb/N0=3.50dB | BLER=1.0000e+00 | BER=4.9414e-01 | Errors=100 | Frames=100 | AvgTime=12.76ms
  Eb/N0=3.75dB | BLER=1.0000e+00 | BER=4.9615e-01 | Errors=100 | Frames=100 | AvgTime=12.92ms
  Eb/N0=4.00dB | BLER=1.0000e+00 | BER=4.9637e-01 | Errors=100 | Frames=100 | AvgTime=12.85ms
  Eb/N0=4.25dB | BLER=1.0000e+00 | BER=4.9463e-01 | Errors=100 | Frames=100 | AvgTime=12.96ms
  Eb/N0=4.50dB | BLER=1.0000e+00 | BER=4.9650e-01 | Errors=100 | Frames=100 | AvgTime=12.90ms
  Eb/N0=4.75dB | BLER=1.0000e+00 | BER=4.9021e-01 | Errors=100 | Frames=100 | AvgTime=12.87ms
  Eb/N0=5.00dB | BLER=1.0000e+00 | BER=4.9109e-01 | Errors=100 | Frames=100 | AvgTime=12.77ms
  Eb/N0=5.25dB | BLER=1.0000e+00 | BER=4.9059e-01 | Errors=100 | Frames=100 | AvgTime=12.82ms

BPSK 信道容量限（R=0.5）: Eb/N0 = -5.000 dB

实验一完成。结果保存至 results/ 目录。
