单元测试通过。

============================================================
SC 仿真: N=256, K=128, R=0.5
============================================================
  Eb/N0=0.00dB | BLER=1.0000e+00 | BER=4.8977e-01 | Errors=100 | Frames=100 | AvgTime=2.61ms
  Eb/N0=0.50dB | BLER=1.0000e+00 | BER=4.8859e-01 | Errors=100 | Frames=100 | AvgTime=2.62ms
  Eb/N0=1.00dB | BLER=1.0000e+00 | BER=4.8211e-01 | Errors=100 | Frames=100 | AvgTime=2.61ms
  Eb/N0=1.50dB | BLER=1.0000e+00 | BER=4.7437e-01 | Errors=100 | Frames=100 | AvgTime=2.61ms
  Eb/N0=2.00dB | BLER=1.0000e+00 | BER=4.7055e-01 | Errors=100 | Frames=100 | AvgTime=2.63ms
  Eb/N0=2.50dB | BLER=1.0000e+00 | BER=4.5664e-01 | Errors=100 | Frames=100 | AvgTime=2.68ms
  Eb/N0=3.00dB | BLER=1.0000e+00 | BER=4.3906e-01 | Errors=100 | Frames=100 | AvgTime=2.69ms
  Eb/N0=3.50dB | BLER=1.0000e+00 | BER=4.3688e-01 | Errors=100 | Frames=100 | AvgTime=2.67ms
  Eb/N0=4.00dB | BLER=1.0000e+00 | BER=4.1750e-01 | Errors=100 | Frames=100 | AvgTime=2.65ms
  Eb/N0=4.50dB | BLER=1.0000e+00 | BER=3.9844e-01 | Errors=100 | Frames=100 | AvgTime=2.65ms
  Eb/N0=5.00dB | BLER=1.0000e+00 | BER=3.9500e-01 | Errors=100 | Frames=100 | AvgTime=2.64ms
  Eb/N0=5.50dB | BLER=1.0000e+00 | BER=3.6062e-01 | Errors=100 | Frames=100 | AvgTime=2.62ms
  Eb/N0=6.00dB | BLER=9.9010e-01 | BER=3.2720e-01 | Errors=100 | Frames=101 | AvgTime=2.64ms
  Eb/N0=6.50dB | BLER=9.9010e-01 | BER=2.9223e-01 | Errors=100 | Frames=101 | AvgTime=2.64ms
  Eb/N0=7.00dB | BLER=9.7087e-01 | BER=2.4113e-01 | Errors=100 | Frames=103 | AvgTime=2.65ms
  Eb/N0=7.50dB | BLER=9.0909e-01 | BER=2.0263e-01 | Errors=100 | Frames=110 | AvgTime=2.65ms
  Eb/N0=8.00dB | BLER=6.8027e-01 | BER=1.2654e-01 | Errors=100 | Frames=147 | AvgTime=2.79ms
  Eb/N0=8.50dB | BLER=4.4444e-01 | BER=7.4410e-02 | Errors=100 | Frames=225 | AvgTime=2.64ms
  Eb/N0=9.00dB | BLER=3.2258e-01 | BER=4.6472e-02 | Errors=100 | Frames=310 | AvgTime=2.62ms
  Eb/N0=9.50dB | BLER=1.7094e-01 | BER=2.0887e-02 | Errors=100 | Frames=585 | AvgTime=2.61ms
  Eb/N0=10.00dB | BLER=5.3333e-02 | BER=6.8500e-03 | Errors=100 | Frames=1875 | AvgTime=2.61ms

============================================================
SC 仿真: N=512, K=256, R=0.5
============================================================
  Eb/N0=0.00dB | BLER=1.0000e+00 | BER=4.9043e-01 | Errors=100 | Frames=100 | AvgTime=5.91ms
  Eb/N0=0.50dB | BLER=1.0000e+00 | BER=4.8516e-01 | Errors=100 | Frames=100 | AvgTime=5.92ms
  Eb/N0=1.00dB | BLER=1.0000e+00 | BER=4.8570e-01 | Errors=100 | Frames=100 | AvgTime=5.91ms
  Eb/N0=1.50dB | BLER=1.0000e+00 | BER=4.8723e-01 | Errors=100 | Frames=100 | AvgTime=5.90ms
  Eb/N0=2.00dB | BLER=1.0000e+00 | BER=4.7867e-01 | Errors=100 | Frames=100 | AvgTime=5.98ms
  Eb/N0=2.50dB | BLER=1.0000e+00 | BER=4.7945e-01 | Errors=100 | Frames=100 | AvgTime=6.05ms
  Eb/N0=3.00dB | BLER=1.0000e+00 | BER=4.7250e-01 | Errors=100 | Frames=100 | AvgTime=5.91ms
  Eb/N0=3.50dB | BLER=1.0000e+00 | BER=4.7223e-01 | Errors=100 | Frames=100 | AvgTime=5.89ms
  Eb/N0=4.00dB | BLER=1.0000e+00 | BER=4.6086e-01 | Errors=100 | Frames=100 | AvgTime=5.90ms
  Eb/N0=4.50dB | BLER=1.0000e+00 | BER=4.5246e-01 | Errors=100 | Frames=100 | AvgTime=5.91ms
  Eb/N0=5.00dB | BLER=1.0000e+00 | BER=4.4391e-01 | Errors=100 | Frames=100 | AvgTime=5.94ms
  Eb/N0=5.50dB | BLER=1.0000e+00 | BER=4.3375e-01 | Errors=100 | Frames=100 | AvgTime=5.93ms
  Eb/N0=6.00dB | BLER=1.0000e+00 | BER=4.0555e-01 | Errors=100 | Frames=100 | AvgTime=5.90ms
  Eb/N0=6.50dB | BLER=1.0000e+00 | BER=3.8613e-01 | Errors=100 | Frames=100 | AvgTime=5.90ms
  Eb/N0=7.00dB | BLER=9.9010e-01 | BER=3.2263e-01 | Errors=100 | Frames=101 | AvgTime=5.90ms
  Eb/N0=7.50dB | BLER=9.2593e-01 | BER=2.4378e-01 | Errors=100 | Frames=108 | AvgTime=5.90ms
  Eb/N0=8.00dB | BLER=8.1301e-01 | BER=1.7546e-01 | Errors=100 | Frames=123 | AvgTime=5.89ms
  Eb/N0=8.50dB | BLER=6.9930e-01 | BER=1.2994e-01 | Errors=100 | Frames=143 | AvgTime=5.90ms
  Eb/N0=9.00dB | BLER=5.4945e-01 | BER=8.4972e-02 | Errors=100 | Frames=182 | AvgTime=5.90ms
  Eb/N0=9.50dB | BLER=4.0650e-01 | BER=5.3084e-02 | Errors=100 | Frames=246 | AvgTime=5.92ms
  Eb/N0=10.00dB | BLER=2.8490e-01 | BER=2.4194e-02 | Errors=100 | Frames=351 | AvgTime=5.91ms

============================================================
SC 仿真: N=1024, K=512, R=0.5
============================================================
  Eb/N0=0.00dB | BLER=1.0000e+00 | BER=4.9762e-01 | Errors=100 | Frames=100 | AvgTime=13.20ms
  Eb/N0=0.50dB | BLER=1.0000e+00 | BER=4.9619e-01 | Errors=100 | Frames=100 | AvgTime=13.21ms
  Eb/N0=1.00dB | BLER=1.0000e+00 | BER=4.9480e-01 | Errors=100 | Frames=100 | AvgTime=13.20ms
  Eb/N0=1.50dB | BLER=1.0000e+00 | BER=4.9416e-01 | Errors=100 | Frames=100 | AvgTime=13.16ms
  Eb/N0=2.00dB | BLER=1.0000e+00 | BER=4.9295e-01 | Errors=100 | Frames=100 | AvgTime=13.19ms
  Eb/N0=2.50dB | BLER=1.0000e+00 | BER=4.9111e-01 | Errors=100 | Frames=100 | AvgTime=13.18ms
  Eb/N0=3.00dB | BLER=1.0000e+00 | BER=4.9135e-01 | Errors=100 | Frames=100 | AvgTime=13.28ms
  Eb/N0=3.50dB | BLER=1.0000e+00 | BER=4.8137e-01 | Errors=100 | Frames=100 | AvgTime=13.54ms
  Eb/N0=4.00dB | BLER=1.0000e+00 | BER=4.8273e-01 | Errors=100 | Frames=100 | AvgTime=13.97ms
  Eb/N0=4.50dB | BLER=1.0000e+00 | BER=4.7961e-01 | Errors=100 | Frames=100 | AvgTime=13.73ms
  Eb/N0=5.00dB | BLER=1.0000e+00 | BER=4.6982e-01 | Errors=100 | Frames=100 | AvgTime=13.99ms
  Eb/N0=5.50dB | BLER=1.0000e+00 | BER=4.6127e-01 | Errors=100 | Frames=100 | AvgTime=13.70ms
  Eb/N0=6.00dB | BLER=1.0000e+00 | BER=4.4635e-01 | Errors=100 | Frames=100 | AvgTime=13.45ms
  Eb/N0=6.50dB | BLER=1.0000e+00 | BER=4.2252e-01 | Errors=100 | Frames=100 | AvgTime=13.23ms
  Eb/N0=7.00dB | BLER=1.0000e+00 | BER=3.9703e-01 | Errors=100 | Frames=100 | AvgTime=13.43ms
  Eb/N0=7.50dB | BLER=1.0000e+00 | BER=3.5678e-01 | Errors=100 | Frames=100 | AvgTime=13.55ms
  Eb/N0=8.00dB | BLER=9.9010e-01 | BER=3.0618e-01 | Errors=100 | Frames=101 | AvgTime=13.46ms
  Eb/N0=8.50dB | BLER=9.6154e-01 | BER=2.8347e-01 | Errors=100 | Frames=104 | AvgTime=13.38ms
  Eb/N0=9.00dB | BLER=7.5188e-01 | BER=1.5672e-01 | Errors=100 | Frames=133 | AvgTime=13.20ms
  Eb/N0=9.50dB | BLER=6.2893e-01 | BER=1.1654e-01 | Errors=100 | Frames=159 | AvgTime=13.29ms
  Eb/N0=10.00dB | BLER=3.7313e-01 | BER=5.0278e-02 | Errors=100 | Frames=268 | AvgTime=13.20ms

BPSK 信道容量限（R=0.5）: Eb/N0 = -5.000 dB

实验一完成。结果保存至 results/ 目录。
