/workspace/polar_codes/utils.py:71: RuntimeWarning: overflow encountered in exp
  return np.log2(1.0 + np.exp(-2.0 * snr * y)) * np.exp(-0.5 * y * y)
/workspace/polar_codes/utils.py:71: RuntimeWarning: invalid value encountered in scalar multiply
  return np.log2(1.0 + np.exp(-2.0 * snr * y)) * np.exp(-0.5 * y * y)
/workspace/polar_codes/utils.py:73: IntegrationWarning: The occurrence of roundoff error is detected, which prevents 
  the requested tolerance from being achieved.  The error may be 
  underestimated.
  val, _ = integrate.quad(integrand, -np.inf, np.inf)
单元测试通过。

实验三 SC: N=256
  Eb/N0=1.00dB | BLER=1.0000e+00 | BER=4.7367e-01 | Errors=100 | Frames=100 | AvgTime=2.60ms
  Eb/N0=1.25dB | BLER=1.0000e+00 | BER=4.6305e-01 | Errors=100 | Frames=100 | AvgTime=2.60ms
  Eb/N0=1.50dB | BLER=1.0000e+00 | BER=4.6906e-01 | Errors=100 | Frames=100 | AvgTime=2.59ms
  Eb/N0=1.75dB | BLER=1.0000e+00 | BER=4.6734e-01 | Errors=100 | Frames=100 | AvgTime=2.59ms
  Eb/N0=2.00dB | BLER=1.0000e+00 | BER=4.7055e-01 | Errors=100 | Frames=100 | AvgTime=2.59ms
  Eb/N0=2.25dB | BLER=1.0000e+00 | BER=4.6156e-01 | Errors=100 | Frames=100 | AvgTime=2.59ms
  Eb/N0=2.50dB | BLER=1.0000e+00 | BER=4.4844e-01 | Errors=100 | Frames=100 | AvgTime=2.59ms
  Eb/N0=2.75dB | BLER=1.0000e+00 | BER=4.5859e-01 | Errors=100 | Frames=100 | AvgTime=2.59ms
  Eb/N0=3.00dB | BLER=1.0000e+00 | BER=4.4727e-01 | Errors=100 | Frames=100 | AvgTime=2.60ms
  Eb/N0=3.25dB | BLER=1.0000e+00 | BER=4.3484e-01 | Errors=100 | Frames=100 | AvgTime=2.60ms
  Eb/N0=3.50dB | BLER=1.0000e+00 | BER=4.4922e-01 | Errors=100 | Frames=100 | AvgTime=2.59ms
  Eb/N0=3.75dB | BLER=1.0000e+00 | BER=4.2664e-01 | Errors=100 | Frames=100 | AvgTime=2.59ms
  Eb/N0=4.00dB | BLER=1.0000e+00 | BER=4.1703e-01 | Errors=100 | Frames=100 | AvgTime=2.59ms
  Eb/N0=4.25dB | BLER=1.0000e+00 | BER=4.2195e-01 | Errors=100 | Frames=100 | AvgTime=2.60ms
  Eb/N0=4.50dB | BLER=1.0000e+00 | BER=3.8828e-01 | Errors=100 | Frames=100 | AvgTime=2.59ms
  Eb/N0=4.75dB | BLER=1.0000e+00 | BER=3.9813e-01 | Errors=100 | Frames=100 | AvgTime=2.60ms
  Eb/N0=5.00dB | BLER=1.0000e+00 | BER=3.8609e-01 | Errors=100 | Frames=100 | AvgTime=2.59ms
  Eb/N0=5.25dB | BLER=1.0000e+00 | BER=3.7453e-01 | Errors=100 | Frames=100 | AvgTime=2.59ms
实验三 SCL: N=256
  Eb/N0=1.00dB | BLER=1.0000e+00 | BER=4.4547e-01 | Errors=100 | Frames=100 | AvgTime=12.11ms
  Eb/N0=1.25dB | BLER=1.0000e+00 | BER=4.4266e-01 | Errors=100 | Frames=100 | AvgTime=12.08ms
  Eb/N0=1.50dB | BLER=1.0000e+00 | BER=4.4375e-01 | Errors=100 | Frames=100 | AvgTime=12.09ms
  Eb/N0=1.75dB | BLER=1.0000e+00 | BER=4.3688e-01 | Errors=100 | Frames=100 | AvgTime=12.15ms
  Eb/N0=2.00dB | BLER=1.0000e+00 | BER=4.2961e-01 | Errors=100 | Frames=100 | AvgTime=12.08ms
  Eb/N0=2.25dB | BLER=1.0000e+00 | BER=4.2125e-01 | Errors=100 | Frames=100 | AvgTime=12.09ms
  Eb/N0=2.50dB | BLER=1.0000e+00 | BER=3.8211e-01 | Errors=100 | Frames=100 | AvgTime=12.09ms
  Eb/N0=2.75dB | BLER=1.0000e+00 | BER=3.8234e-01 | Errors=100 | Frames=100 | AvgTime=12.20ms
  Eb/N0=3.00dB | BLER=1.0000e+00 | BER=3.8750e-01 | Errors=100 | Frames=100 | AvgTime=12.14ms
  Eb/N0=3.25dB | BLER=1.0000e+00 | BER=3.7953e-01 | Errors=100 | Frames=100 | AvgTime=12.14ms
  Eb/N0=3.50dB | BLER=1.0000e+00 | BER=3.6023e-01 | Errors=100 | Frames=100 | AvgTime=12.12ms
  Eb/N0=3.75dB | BLER=1.0000e+00 | BER=3.4148e-01 | Errors=100 | Frames=100 | AvgTime=12.18ms
  Eb/N0=4.00dB | BLER=1.0000e+00 | BER=3.0383e-01 | Errors=100 | Frames=100 | AvgTime=12.11ms
  Eb/N0=4.25dB | BLER=9.9010e-01 | BER=2.9425e-01 | Errors=100 | Frames=101 | AvgTime=12.12ms
  Eb/N0=4.50dB | BLER=9.9010e-01 | BER=2.9649e-01 | Errors=100 | Frames=101 | AvgTime=12.08ms
  Eb/N0=4.75dB | BLER=9.7087e-01 | BER=2.6654e-01 | Errors=100 | Frames=103 | AvgTime=12.10ms
  Eb/N0=5.00dB | BLER=9.8039e-01 | BER=2.6294e-01 | Errors=100 | Frames=102 | AvgTime=12.09ms
  Eb/N0=5.25dB | BLER=9.0090e-01 | BER=2.0256e-01 | Errors=100 | Frames=111 | AvgTime=12.08ms
实验三 BP: N=256
  Eb/N0=1.00dB | BLER=1.0000e+00 | BER=4.9773e-01 | Errors=100 | Frames=100 | AvgTime=308.99ms | AvgIter=50.0
  Eb/N0=1.25dB | BLER=1.0000e+00 | BER=4.9664e-01 | Errors=100 | Frames=100 | AvgTime=308.96ms | AvgIter=50.0
  Eb/N0=1.50dB | BLER=1.0000e+00 | BER=4.9094e-01 | Errors=100 | Frames=100 | AvgTime=308.55ms | AvgIter=50.0
  Eb/N0=1.75dB | BLER=1.0000e+00 | BER=4.9156e-01 | Errors=100 | Frames=100 | AvgTime=308.67ms | AvgIter=50.0
  Eb/N0=2.00dB | BLER=1.0000e+00 | BER=4.8516e-01 | Errors=100 | Frames=100 | AvgTime=308.67ms | AvgIter=50.0
  Eb/N0=2.25dB | BLER=1.0000e+00 | BER=4.8969e-01 | Errors=100 | Frames=100 | AvgTime=308.24ms | AvgIter=50.0
  Eb/N0=2.50dB | BLER=1.0000e+00 | BER=4.9180e-01 | Errors=100 | Frames=100 | AvgTime=309.35ms | AvgIter=50.0
  Eb/N0=2.75dB | BLER=1.0000e+00 | BER=4.8953e-01 | Errors=100 | Frames=100 | AvgTime=308.90ms | AvgIter=50.0
  Eb/N0=3.00dB | BLER=1.0000e+00 | BER=4.8320e-01 | Errors=100 | Frames=100 | AvgTime=308.90ms | AvgIter=50.0
  Eb/N0=3.25dB | BLER=1.0000e+00 | BER=4.8328e-01 | Errors=100 | Frames=100 | AvgTime=308.77ms | AvgIter=50.0
  Eb/N0=3.50dB | BLER=1.0000e+00 | BER=4.9539e-01 | Errors=100 | Frames=100 | AvgTime=308.72ms | AvgIter=50.0
  Eb/N0=3.75dB | BLER=1.0000e+00 | BER=4.8781e-01 | Errors=100 | Frames=100 | AvgTime=312.76ms | AvgIter=50.0
  Eb/N0=4.00dB | BLER=1.0000e+00 | BER=4.8305e-01 | Errors=100 | Frames=100 | AvgTime=310.45ms | AvgIter=50.0
  Eb/N0=4.25dB | BLER=1.0000e+00 | BER=4.8938e-01 | Errors=100 | Frames=100 | AvgTime=310.20ms | AvgIter=50.0
  Eb/N0=4.50dB | BLER=1.0000e+00 | BER=4.8672e-01 | Errors=100 | Frames=100 | AvgTime=309.22ms | AvgIter=50.0
  Eb/N0=4.75dB | BLER=1.0000e+00 | BER=4.8523e-01 | Errors=100 | Frames=100 | AvgTime=309.28ms | AvgIter=50.0
  Eb/N0=5.00dB | BLER=1.0000e+00 | BER=4.8313e-01 | Errors=100 | Frames=100 | AvgTime=308.93ms | AvgIter=50.0
  Eb/N0=5.25dB | BLER=1.0000e+00 | BER=4.8516e-01 | Errors=100 | Frames=100 | AvgTime=309.43ms | AvgIter=50.0

实验三 SC: N=512
  Eb/N0=1.00dB | BLER=1.0000e+00 | BER=4.9203e-01 | Errors=100 | Frames=100 | AvgTime=5.84ms
  Eb/N0=1.25dB | BLER=1.0000e+00 | BER=4.8418e-01 | Errors=100 | Frames=100 | AvgTime=5.83ms
  Eb/N0=1.50dB | BLER=1.0000e+00 | BER=4.8352e-01 | Errors=100 | Frames=100 | AvgTime=5.84ms
  Eb/N0=1.75dB | BLER=1.0000e+00 | BER=4.8203e-01 | Errors=100 | Frames=100 | AvgTime=5.84ms
  Eb/N0=2.00dB | BLER=1.0000e+00 | BER=4.7867e-01 | Errors=100 | Frames=100 | AvgTime=5.84ms
  Eb/N0=2.25dB | BLER=1.0000e+00 | BER=4.7996e-01 | Errors=100 | Frames=100 | AvgTime=5.84ms
  Eb/N0=2.50dB | BLER=1.0000e+00 | BER=4.7652e-01 | Errors=100 | Frames=100 | AvgTime=5.84ms
  Eb/N0=2.75dB | BLER=1.0000e+00 | BER=4.7867e-01 | Errors=100 | Frames=100 | AvgTime=5.85ms
  Eb/N0=3.00dB | BLER=1.0000e+00 | BER=4.7629e-01 | Errors=100 | Frames=100 | AvgTime=5.85ms
  Eb/N0=3.25dB | BLER=1.0000e+00 | BER=4.7145e-01 | Errors=100 | Frames=100 | AvgTime=5.85ms
  Eb/N0=3.50dB | BLER=1.0000e+00 | BER=4.6633e-01 | Errors=100 | Frames=100 | AvgTime=5.87ms
  Eb/N0=3.75dB | BLER=1.0000e+00 | BER=4.7063e-01 | Errors=100 | Frames=100 | AvgTime=5.86ms
  Eb/N0=4.00dB | BLER=1.0000e+00 | BER=4.6664e-01 | Errors=100 | Frames=100 | AvgTime=5.85ms
  Eb/N0=4.25dB | BLER=1.0000e+00 | BER=4.6465e-01 | Errors=100 | Frames=100 | AvgTime=5.85ms
  Eb/N0=4.50dB | BLER=1.0000e+00 | BER=4.4609e-01 | Errors=100 | Frames=100 | AvgTime=5.85ms
  Eb/N0=4.75dB | BLER=1.0000e+00 | BER=4.5586e-01 | Errors=100 | Frames=100 | AvgTime=5.85ms
  Eb/N0=5.00dB | BLER=1.0000e+00 | BER=4.4215e-01 | Errors=100 | Frames=100 | AvgTime=5.86ms
  Eb/N0=5.25dB | BLER=1.0000e+00 | BER=4.1363e-01 | Errors=100 | Frames=100 | AvgTime=5.85ms
实验三 SCL: N=512
  Eb/N0=1.00dB | BLER=1.0000e+00 | BER=4.7844e-01 | Errors=100 | Frames=100 | AvgTime=29.05ms
  Eb/N0=1.25dB | BLER=1.0000e+00 | BER=4.7453e-01 | Errors=100 | Frames=100 | AvgTime=29.09ms
  Eb/N0=1.50dB | BLER=1.0000e+00 | BER=4.6145e-01 | Errors=100 | Frames=100 | AvgTime=29.10ms
  Eb/N0=1.75dB | BLER=1.0000e+00 | BER=4.6387e-01 | Errors=100 | Frames=100 | AvgTime=29.45ms
  Eb/N0=2.00dB | BLER=1.0000e+00 | BER=4.6316e-01 | Errors=100 | Frames=100 | AvgTime=29.34ms
  Eb/N0=2.25dB | BLER=1.0000e+00 | BER=4.5699e-01 | Errors=100 | Frames=100 | AvgTime=29.15ms
  Eb/N0=2.50dB | BLER=1.0000e+00 | BER=4.4738e-01 | Errors=100 | Frames=100 | AvgTime=29.03ms
  Eb/N0=2.75dB | BLER=1.0000e+00 | BER=4.4957e-01 | Errors=100 | Frames=100 | AvgTime=29.04ms
  Eb/N0=3.00dB | BLER=1.0000e+00 | BER=4.3504e-01 | Errors=100 | Frames=100 | AvgTime=29.04ms
  Eb/N0=3.25dB | BLER=1.0000e+00 | BER=4.3504e-01 | Errors=100 | Frames=100 | AvgTime=29.00ms
  Eb/N0=3.50dB | BLER=1.0000e+00 | BER=4.2363e-01 | Errors=100 | Frames=100 | AvgTime=29.03ms
  Eb/N0=3.75dB | BLER=1.0000e+00 | BER=4.1066e-01 | Errors=100 | Frames=100 | AvgTime=29.39ms
  Eb/N0=4.00dB | BLER=1.0000e+00 | BER=4.0336e-01 | Errors=100 | Frames=100 | AvgTime=29.05ms
  Eb/N0=4.25dB | BLER=1.0000e+00 | BER=4.0750e-01 | Errors=100 | Frames=100 | AvgTime=29.04ms
  Eb/N0=4.50dB | BLER=1.0000e+00 | BER=3.8031e-01 | Errors=100 | Frames=100 | AvgTime=29.09ms
  Eb/N0=4.75dB | BLER=1.0000e+00 | BER=3.5563e-01 | Errors=100 | Frames=100 | AvgTime=29.67ms
  Eb/N0=5.00dB | BLER=1.0000e+00 | BER=3.4258e-01 | Errors=100 | Frames=100 | AvgTime=29.11ms
  Eb/N0=5.25dB | BLER=1.0000e+00 | BER=3.0906e-01 | Errors=100 | Frames=100 | AvgTime=29.16ms
实验三 BP: N=512
  Eb/N0=1.00dB | BLER=1.0000e+00 | BER=4.9586e-01 | Errors=100 | Frames=100 | AvgTime=696.01ms | AvgIter=50.0
  Eb/N0=1.25dB | BLER=1.0000e+00 | BER=4.9172e-01 | Errors=100 | Frames=100 | AvgTime=694.13ms | AvgIter=50.0
  Eb/N0=1.50dB | BLER=1.0000e+00 | BER=4.9621e-01 | Errors=100 | Frames=100 | AvgTime=696.10ms | AvgIter=50.0
  Eb/N0=1.75dB | BLER=1.0000e+00 | BER=4.9410e-01 | Errors=100 | Frames=100 | AvgTime=697.63ms | AvgIter=50.0
  Eb/N0=2.00dB | BLER=1.0000e+00 | BER=4.9402e-01 | Errors=100 | Frames=100 | AvgTime=699.69ms | AvgIter=50.0
  Eb/N0=2.25dB | BLER=1.0000e+00 | BER=4.8832e-01 | Errors=100 | Frames=100 | AvgTime=697.72ms | AvgIter=50.0
  Eb/N0=2.50dB | BLER=1.0000e+00 | BER=4.9086e-01 | Errors=100 | Frames=100 | AvgTime=697.01ms | AvgIter=50.0
  Eb/N0=2.75dB | BLER=1.0000e+00 | BER=4.9648e-01 | Errors=100 | Frames=100 | AvgTime=696.68ms | AvgIter=50.0
  Eb/N0=3.00dB | BLER=1.0000e+00 | BER=4.9449e-01 | Errors=100 | Frames=100 | AvgTime=695.43ms | AvgIter=50.0
  Eb/N0=3.25dB | BLER=1.0000e+00 | BER=4.8656e-01 | Errors=100 | Frames=100 | AvgTime=696.42ms | AvgIter=50.0
  Eb/N0=3.50dB | BLER=1.0000e+00 | BER=4.8559e-01 | Errors=100 | Frames=100 | AvgTime=706.46ms | AvgIter=50.0
  Eb/N0=3.75dB | BLER=1.0000e+00 | BER=4.8715e-01 | Errors=100 | Frames=100 | AvgTime=703.45ms | AvgIter=50.0
  Eb/N0=4.00dB | BLER=1.0000e+00 | BER=4.8078e-01 | Errors=100 | Frames=100 | AvgTime=698.66ms | AvgIter=50.0
  Eb/N0=4.25dB | BLER=1.0000e+00 | BER=4.9527e-01 | Errors=100 | Frames=100 | AvgTime=699.06ms | AvgIter=50.0
  Eb/N0=4.50dB | BLER=1.0000e+00 | BER=4.8477e-01 | Errors=100 | Frames=100 | AvgTime=705.73ms | AvgIter=50.0
  Eb/N0=4.75dB | BLER=1.0000e+00 | BER=4.8203e-01 | Errors=100 | Frames=100 | AvgTime=702.14ms | AvgIter=50.0
  Eb/N0=5.00dB | BLER=1.0000e+00 | BER=4.8434e-01 | Errors=100 | Frames=100 | AvgTime=699.61ms | AvgIter=50.0
  Eb/N0=5.25dB | BLER=1.0000e+00 | BER=4.7578e-01 | Errors=100 | Frames=100 | AvgTime=705.33ms | AvgIter=50.0

实验三完成。
