编码器校验通过
N=8, K=4: info=[0 3 5 6], frozen=[1 2 4 7]
N=256, K=128, info前20: [ 1  2  4  7  8 11 13 14 16 19 21 22 25 26 28 31 32 35 37 38]
SC 译码校验通过 (100 帧, Eb/N0=10dB)
SCL L=1 路径度量校验通过
CRC 校验通过

SC 基线 (L=1)
  Eb/N0=1.00dB | BLER=1.0000e+00 | BER=4.8488e-01 | Errors=100 | Frames=100 | AvgTime=5.26ms
  Eb/N0=1.25dB | BLER=1.0000e+00 | BER=4.9129e-01 | Errors=100 | Frames=100 | AvgTime=5.26ms
  Eb/N0=1.50dB | BLER=1.0000e+00 | BER=4.9316e-01 | Errors=100 | Frames=100 | AvgTime=5.39ms
  Eb/N0=1.75dB | BLER=1.0000e+00 | BER=4.7828e-01 | Errors=100 | Frames=100 | AvgTime=5.29ms
  Eb/N0=2.00dB | BLER=1.0000e+00 | BER=4.7645e-01 | Errors=100 | Frames=100 | AvgTime=5.29ms
  Eb/N0=2.25dB | BLER=1.0000e+00 | BER=4.8309e-01 | Errors=100 | Frames=100 | AvgTime=5.30ms
  Eb/N0=2.50dB | BLER=1.0000e+00 | BER=4.7699e-01 | Errors=100 | Frames=100 | AvgTime=5.29ms
  Eb/N0=2.75dB | BLER=1.0000e+00 | BER=4.7727e-01 | Errors=100 | Frames=100 | AvgTime=5.26ms
  Eb/N0=3.00dB | BLER=1.0000e+00 | BER=4.8395e-01 | Errors=100 | Frames=100 | AvgTime=5.26ms
  Eb/N0=3.25dB | BLER=1.0000e+00 | BER=4.7176e-01 | Errors=100 | Frames=100 | AvgTime=5.27ms
  Eb/N0=3.50dB | BLER=1.0000e+00 | BER=4.6598e-01 | Errors=100 | Frames=100 | AvgTime=5.22ms
  Eb/N0=3.75dB | BLER=1.0000e+00 | BER=4.7008e-01 | Errors=100 | Frames=100 | AvgTime=5.26ms
  Eb/N0=4.00dB | BLER=1.0000e+00 | BER=4.6250e-01 | Errors=100 | Frames=100 | AvgTime=5.24ms
  Eb/N0=4.25dB | BLER=1.0000e+00 | BER=4.5832e-01 | Errors=100 | Frames=100 | AvgTime=5.26ms
  Eb/N0=4.50dB | BLER=1.0000e+00 | BER=4.4938e-01 | Errors=100 | Frames=100 | AvgTime=5.28ms
  Eb/N0=4.75dB | BLER=1.0000e+00 | BER=4.5172e-01 | Errors=100 | Frames=100 | AvgTime=5.25ms
  Eb/N0=5.00dB | BLER=1.0000e+00 | BER=4.4223e-01 | Errors=100 | Frames=100 | AvgTime=5.25ms
  Eb/N0=5.25dB | BLER=1.0000e+00 | BER=4.1379e-01 | Errors=100 | Frames=100 | AvgTime=5.20ms

SCL 仿真: N=512, K=256, L=2
  Eb/N0=1.00dB | BLER=1.0000e+00 | BER=4.7754e-01 | Errors=100 | Frames=100 | AvgTime=19.77ms
  Eb/N0=1.25dB | BLER=1.0000e+00 | BER=4.8523e-01 | Errors=100 | Frames=100 | AvgTime=19.56ms
  Eb/N0=1.50dB | BLER=1.0000e+00 | BER=4.7824e-01 | Errors=100 | Frames=100 | AvgTime=19.56ms
  Eb/N0=1.75dB | BLER=1.0000e+00 | BER=4.7848e-01 | Errors=100 | Frames=100 | AvgTime=19.69ms
  Eb/N0=2.00dB | BLER=1.0000e+00 | BER=4.8305e-01 | Errors=100 | Frames=100 | AvgTime=20.14ms
  Eb/N0=2.25dB | BLER=1.0000e+00 | BER=4.7465e-01 | Errors=100 | Frames=100 | AvgTime=19.64ms
  Eb/N0=2.50dB | BLER=1.0000e+00 | BER=4.6512e-01 | Errors=100 | Frames=100 | AvgTime=19.68ms
  Eb/N0=2.75dB | BLER=1.0000e+00 | BER=4.6469e-01 | Errors=100 | Frames=100 | AvgTime=19.61ms
  Eb/N0=3.00dB | BLER=1.0000e+00 | BER=4.6332e-01 | Errors=100 | Frames=100 | AvgTime=19.80ms
  Eb/N0=3.25dB | BLER=1.0000e+00 | BER=4.5750e-01 | Errors=100 | Frames=100 | AvgTime=19.67ms
  Eb/N0=3.50dB | BLER=1.0000e+00 | BER=4.4609e-01 | Errors=100 | Frames=100 | AvgTime=19.60ms
  Eb/N0=3.75dB | BLER=1.0000e+00 | BER=4.5391e-01 | Errors=100 | Frames=100 | AvgTime=19.78ms
  Eb/N0=4.00dB | BLER=1.0000e+00 | BER=4.5156e-01 | Errors=100 | Frames=100 | AvgTime=19.65ms
  Eb/N0=4.25dB | BLER=1.0000e+00 | BER=4.3391e-01 | Errors=100 | Frames=100 | AvgTime=19.61ms
  Eb/N0=4.50dB | BLER=1.0000e+00 | BER=4.3992e-01 | Errors=100 | Frames=100 | AvgTime=19.60ms
  Eb/N0=4.75dB | BLER=1.0000e+00 | BER=4.1762e-01 | Errors=100 | Frames=100 | AvgTime=19.80ms
  Eb/N0=5.00dB | BLER=1.0000e+00 | BER=4.1406e-01 | Errors=100 | Frames=100 | AvgTime=19.62ms
  Eb/N0=5.25dB | BLER=1.0000e+00 | BER=3.8641e-01 | Errors=100 | Frames=100 | AvgTime=19.62ms

SCL 仿真: N=512, K=256, L=4
  Eb/N0=1.00dB | BLER=1.0000e+00 | BER=4.6797e-01 | Errors=100 | Frames=100 | AvgTime=37.45ms
  Eb/N0=1.25dB | BLER=1.0000e+00 | BER=4.7652e-01 | Errors=100 | Frames=100 | AvgTime=37.63ms
  Eb/N0=1.50dB | BLER=1.0000e+00 | BER=4.6570e-01 | Errors=100 | Frames=100 | AvgTime=37.96ms
  Eb/N0=1.75dB | BLER=1.0000e+00 | BER=4.6617e-01 | Errors=100 | Frames=100 | AvgTime=38.03ms
  Eb/N0=2.00dB | BLER=1.0000e+00 | BER=4.5926e-01 | Errors=100 | Frames=100 | AvgTime=37.49ms
  Eb/N0=2.25dB | BLER=1.0000e+00 | BER=4.4906e-01 | Errors=100 | Frames=100 | AvgTime=38.03ms
  Eb/N0=2.50dB | BLER=1.0000e+00 | BER=4.5285e-01 | Errors=100 | Frames=100 | AvgTime=37.51ms
  Eb/N0=2.75dB | BLER=1.0000e+00 | BER=4.5613e-01 | Errors=100 | Frames=100 | AvgTime=37.80ms
  Eb/N0=3.00dB | BLER=1.0000e+00 | BER=4.4891e-01 | Errors=100 | Frames=100 | AvgTime=38.48ms
  Eb/N0=3.25dB | BLER=1.0000e+00 | BER=4.4160e-01 | Errors=100 | Frames=100 | AvgTime=38.55ms
  Eb/N0=3.50dB | BLER=1.0000e+00 | BER=4.1945e-01 | Errors=100 | Frames=100 | AvgTime=38.07ms
  Eb/N0=3.75dB | BLER=1.0000e+00 | BER=4.2133e-01 | Errors=100 | Frames=100 | AvgTime=37.67ms
  Eb/N0=4.00dB | BLER=1.0000e+00 | BER=4.0762e-01 | Errors=100 | Frames=100 | AvgTime=37.58ms
  Eb/N0=4.25dB | BLER=1.0000e+00 | BER=3.9238e-01 | Errors=100 | Frames=100 | AvgTime=37.78ms
  Eb/N0=4.50dB | BLER=1.0000e+00 | BER=3.8188e-01 | Errors=100 | Frames=100 | AvgTime=37.57ms
  Eb/N0=4.75dB | BLER=1.0000e+00 | BER=3.6113e-01 | Errors=100 | Frames=100 | AvgTime=37.60ms
  Eb/N0=5.00dB | BLER=1.0000e+00 | BER=3.4957e-01 | Errors=100 | Frames=100 | AvgTime=37.74ms
  Eb/N0=5.25dB | BLER=1.0000e+00 | BER=3.1613e-01 | Errors=100 | Frames=100 | AvgTime=37.88ms

SCL 仿真: N=512, K=256, L=8
  Eb/N0=1.00dB | BLER=1.0000e+00 | BER=4.6004e-01 | Errors=100 | Frames=100 | AvgTime=77.75ms
  Eb/N0=1.25dB | BLER=1.0000e+00 | BER=4.6500e-01 | Errors=100 | Frames=100 | AvgTime=76.54ms
  Eb/N0=1.50dB | BLER=1.0000e+00 | BER=4.5691e-01 | Errors=100 | Frames=100 | AvgTime=76.84ms
  Eb/N0=1.75dB | BLER=1.0000e+00 | BER=4.5773e-01 | Errors=100 | Frames=100 | AvgTime=77.42ms
  Eb/N0=2.00dB | BLER=1.0000e+00 | BER=4.4715e-01 | Errors=100 | Frames=100 | AvgTime=76.63ms
  Eb/N0=2.25dB | BLER=1.0000e+00 | BER=4.4633e-01 | Errors=100 | Frames=100 | AvgTime=76.53ms
  Eb/N0=2.50dB | BLER=1.0000e+00 | BER=4.2812e-01 | Errors=100 | Frames=100 | AvgTime=76.64ms
  Eb/N0=2.75dB | BLER=1.0000e+00 | BER=4.2500e-01 | Errors=100 | Frames=100 | AvgTime=76.44ms
  Eb/N0=3.00dB | BLER=1.0000e+00 | BER=4.1363e-01 | Errors=100 | Frames=100 | AvgTime=76.74ms
  Eb/N0=3.25dB | BLER=1.0000e+00 | BER=4.2270e-01 | Errors=100 | Frames=100 | AvgTime=76.62ms
  Eb/N0=3.50dB | BLER=1.0000e+00 | BER=3.9633e-01 | Errors=100 | Frames=100 | AvgTime=76.77ms
  Eb/N0=3.75dB | BLER=1.0000e+00 | BER=3.9055e-01 | Errors=100 | Frames=100 | AvgTime=76.73ms
  Eb/N0=4.00dB | BLER=1.0000e+00 | BER=3.6207e-01 | Errors=100 | Frames=100 | AvgTime=76.55ms
  Eb/N0=4.25dB | BLER=1.0000e+00 | BER=3.7020e-01 | Errors=100 | Frames=100 | AvgTime=79.61ms
  Eb/N0=4.50dB | BLER=1.0000e+00 | BER=3.4777e-01 | Errors=100 | Frames=100 | AvgTime=77.64ms
  Eb/N0=4.75dB | BLER=1.0000e+00 | BER=3.1008e-01 | Errors=100 | Frames=100 | AvgTime=77.42ms
  Eb/N0=5.00dB | BLER=1.0000e+00 | BER=3.0039e-01 | Errors=100 | Frames=100 | AvgTime=76.93ms
  Eb/N0=5.25dB | BLER=1.0000e+00 | BER=2.5832e-01 | Errors=100 | Frames=100 | AvgTime=76.74ms

CA-SCL 仿真: N=512, K=256, L=8, CRC=8
  Eb/N0=1.00dB | BLER=1.0000e+00 | BER=4.7246e-01 | Errors=100 | Frames=100 | AvgTime=77.93ms
  Eb/N0=1.25dB | BLER=1.0000e+00 | BER=4.6161e-01 | Errors=100 | Frames=100 | AvgTime=78.82ms
  Eb/N0=1.50dB | BLER=1.0000e+00 | BER=4.6218e-01 | Errors=100 | Frames=100 | AvgTime=77.34ms
  Eb/N0=1.75dB | BLER=1.0000e+00 | BER=4.5198e-01 | Errors=100 | Frames=100 | AvgTime=77.91ms
  Eb/N0=2.00dB | BLER=1.0000e+00 | BER=4.5456e-01 | Errors=100 | Frames=100 | AvgTime=77.41ms
  Eb/N0=2.25dB | BLER=1.0000e+00 | BER=4.4440e-01 | Errors=100 | Frames=100 | AvgTime=77.91ms
  Eb/N0=2.50dB | BLER=1.0000e+00 | BER=4.4286e-01 | Errors=100 | Frames=100 | AvgTime=77.43ms
  Eb/N0=2.75dB | BLER=1.0000e+00 | BER=4.3254e-01 | Errors=100 | Frames=100 | AvgTime=77.03ms
  Eb/N0=3.00dB | BLER=1.0000e+00 | BER=4.1698e-01 | Errors=100 | Frames=100 | AvgTime=77.24ms
  Eb/N0=3.25dB | BLER=1.0000e+00 | BER=4.1411e-01 | Errors=100 | Frames=100 | AvgTime=77.02ms
  Eb/N0=3.50dB | BLER=1.0000e+00 | BER=4.0968e-01 | Errors=100 | Frames=100 | AvgTime=77.52ms
  Eb/N0=3.75dB | BLER=1.0000e+00 | BER=3.9222e-01 | Errors=100 | Frames=100 | AvgTime=76.99ms/workspace/polar_codes/utils.py:64: RuntimeWarning: overflow encountered in exp
  return np.log2(1 + np.exp(-2 * s * y)) * np.exp(-y ** 2 / 2) / np.sqrt(2 * np.pi)
/workspace/polar_codes/utils.py:64: RuntimeWarning: invalid value encountered in scalar multiply
  return np.log2(1 + np.exp(-2 * s * y)) * np.exp(-y ** 2 / 2) / np.sqrt(2 * np.pi)
/workspace/polar_codes/utils.py:66: IntegrationWarning: The occurrence of roundoff error is detected, which prevents 
  the requested tolerance from being achieved.  The error may be 
  underestimated.
  val, _ = integrate.quad(integrand, -np.inf, np.inf, limit=200)

  Eb/N0=4.00dB | BLER=1.0000e+00 | BER=3.8113e-01 | Errors=100 | Frames=100 | AvgTime=77.13ms
  Eb/N0=4.25dB | BLER=1.0000e+00 | BER=3.7690e-01 | Errors=100 | Frames=100 | AvgTime=77.25ms
  Eb/N0=4.50dB | BLER=1.0000e+00 | BER=3.5815e-01 | Errors=100 | Frames=100 | AvgTime=76.63ms
  Eb/N0=4.75dB | BLER=1.0000e+00 | BER=3.4415e-01 | Errors=100 | Frames=100 | AvgTime=76.86ms
  Eb/N0=5.00dB | BLER=1.0000e+00 | BER=3.0835e-01 | Errors=100 | Frames=100 | AvgTime=76.69ms
  Eb/N0=5.25dB | BLER=1.0000e+00 | BER=2.7798e-01 | Errors=100 | Frames=100 | AvgTime=76.99ms

实验二完成。
