GA N=256 前20个信息位索引: [ 1  2  4  7  8 11 13 14 16 19 21 22 25 26 28 31 32 35 37 38]
所有单元测试通过。
  Eb/N0=1.00dB | BLER=1.0000e+00 | BER=4.7922e-01 | Errors=100 | Frames=100 | AvgTime=3.31ms
  Eb/N0=1.25dB | BLER=1.0000e+00 | BER=4.8422e-01 | Errors=100 | Frames=100 | AvgTime=3.31ms
  Eb/N0=1.50dB | BLER=1.0000e+00 | BER=4.7367e-01 | Errors=100 | Frames=100 | AvgTime=3.31ms
  Eb/N0=1.75dB | BLER=1.0000e+00 | BER=4.6344e-01 | Errors=100 | Frames=100 | AvgTime=3.31ms
  Eb/N0=2.00dB | BLER=1.0000e+00 | BER=4.6836e-01 | Errors=100 | Frames=100 | AvgTime=3.31ms
  Eb/N0=2.25dB | BLER=1.0000e+00 | BER=4.6852e-01 | Errors=100 | Frames=100 | AvgTime=3.38ms
  Eb/N0=2.50dB | BLER=1.0000e+00 | BER=4.5898e-01 | Errors=100 | Frames=100 | AvgTime=3.31ms
  Eb/N0=2.75dB | BLER=1.0000e+00 | BER=4.7219e-01 | Errors=100 | Frames=100 | AvgTime=3.31ms
  Eb/N0=3.00dB | BLER=1.0000e+00 | BER=4.4938e-01 | Errors=100 | Frames=100 | AvgTime=3.31ms
  Eb/N0=3.25dB | BLER=1.0000e+00 | BER=4.3773e-01 | Errors=100 | Frames=100 | AvgTime=3.31ms
  Eb/N0=3.50dB | BLER=1.0000e+00 | BER=4.3812e-01 | Errors=100 | Frames=100 | AvgTime=3.31ms
  Eb/N0=3.75dB | BLER=1.0000e+00 | BER=4.2977e-01 | Errors=100 | Frames=100 | AvgTime=3.31ms
  Eb/N0=4.00dB | BLER=1.0000e+00 | BER=4.2383e-01 | Errors=100 | Frames=100 | AvgTime=3.31ms
  Eb/N0=4.25dB | BLER=1.0000e+00 | BER=4.1547e-01 | Errors=100 | Frames=100 | AvgTime=3.31ms
  Eb/N0=4.50dB | BLER=1.0000e+00 | BER=4.1523e-01 | Errors=100 | Frames=100 | AvgTime=3.31ms
  Eb/N0=4.75dB | BLER=1.0000e+00 | BER=4.1039e-01 | Errors=100 | Frames=100 | AvgTime=3.31ms
  Eb/N0=5.00dB | BLER=1.0000e+00 | BER=4.0109e-01 | Errors=100 | Frames=100 | AvgTime=3.31ms
  Eb/N0=5.25dB | BLER=1.0000e+00 | BER=3.7875e-01 | Errors=100 | Frames=100 | AvgTime=3.31ms
  Eb/N0=1.00dB | BLER=1.0000e+00 | BER=4.4820e-01 | Errors=100 | Frames=100 | AvgTime=16.46ms
  Eb/N0=1.25dB | BLER=1.0000e+00 | BER=4.4086e-01 | Errors=100 | Frames=100 | AvgTime=16.47ms
  Eb/N0=1.50dB | BLER=1.0000e+00 | BER=4.3805e-01 | Errors=100 | Frames=100 | AvgTime=16.50ms
  Eb/N0=1.75dB | BLER=1.0000e+00 | BER=4.2906e-01 | Errors=100 | Frames=100 | AvgTime=16.50ms
  Eb/N0=2.00dB | BLER=1.0000e+00 | BER=4.1031e-01 | Errors=100 | Frames=100 | AvgTime=16.57ms
  Eb/N0=2.25dB | BLER=1.0000e+00 | BER=4.0266e-01 | Errors=100 | Frames=100 | AvgTime=16.50ms
  Eb/N0=2.50dB | BLER=1.0000e+00 | BER=3.9883e-01 | Errors=100 | Frames=100 | AvgTime=16.52ms
  Eb/N0=2.75dB | BLER=1.0000e+00 | BER=3.9734e-01 | Errors=100 | Frames=100 | AvgTime=16.50ms
  Eb/N0=3.00dB | BLER=9.9010e-01 | BER=3.6912e-01 | Errors=100 | Frames=101 | AvgTime=16.56ms
  Eb/N0=3.25dB | BLER=1.0000e+00 | BER=3.6258e-01 | Errors=100 | Frames=100 | AvgTime=16.55ms
  Eb/N0=3.50dB | BLER=1.0000e+00 | BER=3.6477e-01 | Errors=100 | Frames=100 | AvgTime=16.61ms
  Eb/N0=3.75dB | BLER=1.0000e+00 | BER=3.4125e-01 | Errors=100 | Frames=100 | AvgTime=16.61ms
  Eb/N0=4.00dB | BLER=1.0000e+00 | BER=3.1758e-01 | Errors=100 | Frames=100 | AvgTime=16.60ms
  Eb/N0=4.25dB | BLER=9.8039e-01 | BER=3.0852e-01 | Errors=100 | Frames=102 | AvgTime=16.53ms
  Eb/N0=4.50dB | BLER=1.0000e+00 | BER=2.8563e-01 | Errors=100 | Frames=100 | AvgTime=16.46ms
  Eb/N0=4.75dB | BLER=1.0000e+00 | BER=2.5547e-01 | Errors=100 | Frames=100 | AvgTime=16.57ms
  Eb/N0=5.00dB | BLER=9.8039e-01 | BER=2.4027e-01 | Errors=100 | Frames=102 | AvgTime=16.43ms
  Eb/N0=5.25dB | BLER=8.9286e-01 | BER=2.1387e-01 | Errors=100 | Frames=112 | AvgTime=16.57ms
  Eb/N0=1.00dB | BLER=1.0000e+00 | BER=4.9969e-01 | Errors=100 | Frames=100 | AvgTime=81.09ms | AvgIter=50.0
  Eb/N0=1.25dB | BLER=1.0000e+00 | BER=4.9703e-01 | Errors=100 | Frames=100 | AvgTime=81.23ms | AvgIter=50.0
  Eb/N0=1.50dB | BLER=1.0000e+00 | BER=5.0680e-01 | Errors=100 | Frames=100 | AvgTime=81.21ms | AvgIter=50.0
  Eb/N0=1.75dB | BLER=1.0000e+00 | BER=4.9648e-01 | Errors=100 | Frames=100 | AvgTime=81.27ms | AvgIter=50.0
  Eb/N0=2.00dB | BLER=1.0000e+00 | BER=5.0164e-01 | Errors=100 | Frames=100 | AvgTime=81.11ms | AvgIter=50.0
  Eb/N0=2.25dB | BLER=1.0000e+00 | BER=4.9508e-01 | Errors=100 | Frames=100 | AvgTime=81.11ms | AvgIter=50.0
  Eb/N0=2.50dB | BLER=1.0000e+00 | BER=5.0523e-01 | Errors=100 | Frames=100 | AvgTime=81.15ms | AvgIter=50.0
  Eb/N0=2.75dB | BLER=1.0000e+00 | BER=4.9844e-01 | Errors=100 | Frames=100 | AvgTime=81.32ms | AvgIter=50.0
  Eb/N0=3.00dB | BLER=1.0000e+00 | BER=5.0359e-01 | Errors=100 | Frames=100 | AvgTime=81.23ms | AvgIter=50.0
  Eb/N0=3.25dB | BLER=1.0000e+00 | BER=5.0594e-01 | Errors=100 | Frames=100 | AvgTime=81.27ms | AvgIter=50.0
  Eb/N0=3.50dB | BLER=1.0000e+00 | BER=4.9430e-01 | Errors=100 | Frames=100 | AvgTime=81.29ms | AvgIter=50.0
  Eb/N0=3.75dB | BLER=1.0000e+00 | BER=5.0359e-01 | Errors=100 | Frames=100 | AvgTime=81.35ms | AvgIter=50.0
  Eb/N0=4.00dB | BLER=1.0000e+00 | BER=4.8922e-01 | Errors=100 | Frames=100 | AvgTime=81.16ms | AvgIter=50.0
  Eb/N0=4.25dB | BLER=1.0000e+00 | BER=5.0250e-01 | Errors=100 | Frames=100 | AvgTime=81.18ms | AvgIter=50.0
  Eb/N0=4.50dB | BLER=1.0000e+00 | BER=4.9516e-01 | Errors=100 | Frames=100 | AvgTime=81.17ms | AvgIter=50.0
  Eb/N0=4.75dB | BLER=1.0000e+00 | BER=5.0195e-01 | Errors=100 | Frames=100 | AvgTime=81.28ms | AvgIter=50.0
  Eb/N0=5.00dB | BLER=1.0000e+00 | BER=5.0000e-01 | Errors=100 | Frames=100 | AvgTime=81.11ms | AvgIter=50.0
  Eb/N0=5.25dB | BLER=1.0000e+00 | BER=4.9703e-01 | Errors=100 | Frames=100 | AvgTime=81.23ms | AvgIter=50.0
  Eb/N0=1.00dB | BLER=1.0000e+00 | BER=4.9527e-01 | Errors=100 | Frames=100 | AvgTime=7.55ms
  Eb/N0=1.25dB | BLER=1.0000e+00 | BER=4.8742e-01 | Errors=100 | Frames=100 | AvgTime=7.57ms
  Eb/N0=1.50dB | BLER=1.0000e+00 | BER=4.8949e-01 | Errors=100 | Frames=100 | AvgTime=7.56ms
  Eb/N0=1.75dB | BLER=1.0000e+00 | BER=4.8070e-01 | Errors=100 | Frames=100 | AvgTime=7.54ms
  Eb/N0=2.00dB | BLER=1.0000e+00 | BER=4.8609e-01 | Errors=100 | Frames=100 | AvgTime=7.60ms
  Eb/N0=2.25dB | BLER=1.0000e+00 | BER=4.8156e-01 | Errors=100 | Frames=100 | AvgTime=7.54ms
  Eb/N0=2.50dB | BLER=1.0000e+00 | BER=4.8766e-01 | Errors=100 | Frames=100 | AvgTime=7.57ms
  Eb/N0=2.75dB | BLER=1.0000e+00 | BER=4.7699e-01 | Errors=100 | Frames=100 | AvgTime=7.62ms
  Eb/N0=3.00dB | BLER=1.0000e+00 | BER=4.6980e-01 | Errors=100 | Frames=100 | AvgTime=7.56ms
  Eb/N0=3.25dB | BLER=1.0000e+00 | BER=4.7289e-01 | Errors=100 | Frames=100 | AvgTime=7.55ms
  Eb/N0=3.50dB | BLER=1.0000e+00 | BER=4.6070e-01 | Errors=100 | Frames=100 | AvgTime=7.55ms
  Eb/N0=3.75dB | BLER=1.0000e+00 | BER=4.6641e-01 | Errors=100 | Frames=100 | AvgTime=7.56ms
  Eb/N0=4.00dB | BLER=1.0000e+00 | BER=4.6012e-01 | Errors=100 | Frames=100 | AvgTime=7.56ms
  Eb/N0=4.25dB | BLER=1.0000e+00 | BER=4.6535e-01 | Errors=100 | Frames=100 | AvgTime=7.55ms
  Eb/N0=4.50dB | BLER=1.0000e+00 | BER=4.4227e-01 | Errors=100 | Frames=100 | AvgTime=7.56ms
  Eb/N0=4.75dB | BLER=1.0000e+00 | BER=4.4133e-01 | Errors=100 | Frames=100 | AvgTime=7.55ms
  Eb/N0=5.00dB | BLER=1.0000e+00 | BER=4.3676e-01 | Errors=100 | Frames=100 | AvgTime=9.13ms
  Eb/N0=5.25dB | BLER=1.0000e+00 | BER=4.2863e-01 | Errors=100 | Frames=100 | AvgTime=7.79ms
  Eb/N0=1.00dB | BLER=1.0000e+00 | BER=4.7637e-01 | Errors=100 | Frames=100 | AvgTime=41.23ms
  Eb/N0=1.25dB | BLER=1.0000e+00 | BER=4.7234e-01 | Errors=100 | Frames=100 | AvgTime=41.18ms
  Eb/N0=1.50dB | BLER=1.0000e+00 | BER=4.7090e-01 | Errors=100 | Frames=100 | AvgTime=41.20ms
  Eb/N0=1.75dB | BLER=1.0000e+00 | BER=4.6316e-01 | Errors=100 | Frames=100 | AvgTime=41.17ms
  Eb/N0=2.00dB | BLER=1.0000e+00 | BER=4.5434e-01 | Errors=100 | Frames=100 | AvgTime=41.13ms
  Eb/N0=2.25dB | BLER=1.0000e+00 | BER=4.5047e-01 | Errors=100 | Frames=100 | AvgTime=41.10ms
  Eb/N0=2.50dB | BLER=1.0000e+00 | BER=4.5711e-01 | Errors=100 | Frames=100 | AvgTime=41.19ms
  Eb/N0=2.75dB | BLER=1.0000e+00 | BER=4.3527e-01 | Errors=100 | Frames=100 | AvgTime=41.17ms
  Eb/N0=3.00dB | BLER=1.0000e+00 | BER=4.3316e-01 | Errors=100 | Frames=100 | AvgTime=41.12ms
  Eb/N0=3.25dB | BLER=1.0000e+00 | BER=4.2094e-01 | Errors=100 | Frames=100 | AvgTime=41.19ms
  Eb/N0=3.50dB | BLER=1.0000e+00 | BER=4.2324e-01 | Errors=100 | Frames=100 | AvgTime=41.24ms
  Eb/N0=3.75dB | BLER=1.0000e+00 | BER=4.1414e-01 | Errors=100 | Frames=100 | AvgTime=41.17ms