/workspace/polar_codes/utils.py:64: RuntimeWarning: overflow encountered in exp
  return np.log2(1 + np.exp(-2 * s * y)) * np.exp(-y ** 2 / 2) / np.sqrt(2 * np.pi)
/workspace/polar_codes/utils.py:64: RuntimeWarning: invalid value encountered in scalar multiply
  return np.log2(1 + np.exp(-2 * s * y)) * np.exp(-y ** 2 / 2) / np.sqrt(2 * np.pi)
/workspace/polar_codes/utils.py:66: IntegrationWarning: The occurrence of roundoff error is detected, which prevents 
  the requested tolerance from being achieved.  The error may be 
  underestimated.
  val, _ = integrate.quad(integrand, -np.inf, np.inf, limit=200)
编码器校验通过
N=8, K=4: info=[0 3 5 6], frozen=[1 2 4 7]
N=256, K=128, info前20: [ 1  2  4  7  8 11 13 14 16 19 21 22 25 26 28 31 32 35 37 38]
SC 译码校验通过 (100 帧, Eb/N0=10dB)
SCL L=1 路径度量校验通过
CRC 校验通过

实验三 SC: N=256
  Eb/N0=1.00dB | BLER=1.0000e+00 | BER=4.6664e-01 | Errors=100 | Frames=100 | AvgTime=2.32ms
  Eb/N0=1.25dB | BLER=1.0000e+00 | BER=4.7336e-01 | Errors=100 | Frames=100 | AvgTime=2.33ms
  Eb/N0=1.50dB | BLER=1.0000e+00 | BER=4.6469e-01 | Errors=100 | Frames=100 | AvgTime=2.51ms
  Eb/N0=1.75dB | BLER=1.0000e+00 | BER=4.6758e-01 | Errors=100 | Frames=100 | AvgTime=2.32ms
  Eb/N0=2.00dB | BLER=1.0000e+00 | BER=4.6687e-01 | Errors=100 | Frames=100 | AvgTime=2.33ms
  Eb/N0=2.25dB | BLER=1.0000e+00 | BER=4.6164e-01 | Errors=100 | Frames=100 | AvgTime=2.32ms
  Eb/N0=2.50dB | BLER=1.0000e+00 | BER=4.6828e-01 | Errors=100 | Frames=100 | AvgTime=2.33ms
  Eb/N0=2.75dB | BLER=1.0000e+00 | BER=4.5719e-01 | Errors=100 | Frames=100 | AvgTime=2.37ms
  Eb/N0=3.00dB | BLER=1.0000e+00 | BER=4.4875e-01 | Errors=100 | Frames=100 | AvgTime=2.33ms
  Eb/N0=3.25dB | BLER=1.0000e+00 | BER=4.3055e-01 | Errors=100 | Frames=100 | AvgTime=2.34ms
  Eb/N0=3.50dB | BLER=1.0000e+00 | BER=4.5984e-01 | Errors=100 | Frames=100 | AvgTime=2.34ms
  Eb/N0=3.75dB | BLER=1.0000e+00 | BER=4.1289e-01 | Errors=100 | Frames=100 | AvgTime=2.32ms
  Eb/N0=4.00dB | BLER=1.0000e+00 | BER=4.2250e-01 | Errors=100 | Frames=100 | AvgTime=2.32ms
  Eb/N0=4.25dB | BLER=1.0000e+00 | BER=4.1344e-01 | Errors=100 | Frames=100 | AvgTime=2.33ms
  Eb/N0=4.50dB | BLER=1.0000e+00 | BER=4.2000e-01 | Errors=100 | Frames=100 | AvgTime=2.33ms
  Eb/N0=4.75dB | BLER=1.0000e+00 | BER=4.1250e-01 | Errors=100 | Frames=100 | AvgTime=2.33ms
  Eb/N0=5.00dB | BLER=1.0000e+00 | BER=3.8352e-01 | Errors=100 | Frames=100 | AvgTime=2.32ms
  Eb/N0=5.25dB | BLER=1.0000e+00 | BER=3.5570e-01 | Errors=100 | Frames=100 | AvgTime=2.32ms

实验三 SCL: N=256
  Eb/N0=1.00dB | BLER=1.0000e+00 | BER=4.4281e-01 | Errors=100 | Frames=100 | AvgTime=14.97ms
  Eb/N0=1.25dB | BLER=1.0000e+00 | BER=4.3391e-01 | Errors=100 | Frames=100 | AvgTime=15.99ms
  Eb/N0=1.50dB | BLER=1.0000e+00 | BER=4.4469e-01 | Errors=100 | Frames=100 | AvgTime=14.97ms
  Eb/N0=1.75dB | BLER=1.0000e+00 | BER=4.2242e-01 | Errors=100 | Frames=100 | AvgTime=14.93ms
  Eb/N0=2.00dB | BLER=1.0000e+00 | BER=4.2016e-01 | Errors=100 | Frames=100 | AvgTime=14.99ms
  Eb/N0=2.25dB | BLER=1.0000e+00 | BER=4.2758e-01 | Errors=100 | Frames=100 | AvgTime=14.94ms
  Eb/N0=2.50dB | BLER=1.0000e+00 | BER=3.8500e-01 | Errors=100 | Frames=100 | AvgTime=14.96ms
  Eb/N0=2.75dB | BLER=1.0000e+00 | BER=3.8781e-01 | Errors=100 | Frames=100 | AvgTime=14.98ms
  Eb/N0=3.00dB | BLER=1.0000e+00 | BER=4.0109e-01 | Errors=100 | Frames=100 | AvgTime=14.96ms
  Eb/N0=3.25dB | BLER=1.0000e+00 | BER=3.8594e-01 | Errors=100 | Frames=100 | AvgTime=14.94ms
  Eb/N0=3.50dB | BLER=1.0000e+00 | BER=3.6969e-01 | Errors=100 | Frames=100 | AvgTime=14.94ms
  Eb/N0=3.75dB | BLER=1.0000e+00 | BER=3.4937e-01 | Errors=100 | Frames=100 | AvgTime=14.89ms
  Eb/N0=4.00dB | BLER=1.0000e+00 | BER=3.4031e-01 | Errors=100 | Frames=100 | AvgTime=14.92ms
  Eb/N0=4.25dB | BLER=9.9010e-01 | BER=3.2534e-01 | Errors=100 | Frames=101 | AvgTime=14.92ms
  Eb/N0=4.50dB | BLER=9.9010e-01 | BER=2.9873e-01 | Errors=100 | Frames=101 | AvgTime=14.89ms
  Eb/N0=4.75dB | BLER=9.9010e-01 | BER=2.9525e-01 | Errors=100 | Frames=101 | AvgTime=14.94ms
  Eb/N0=5.00dB | BLER=9.8039e-01 | BER=2.7727e-01 | Errors=100 | Frames=102 | AvgTime=14.93ms
  Eb/N0=5.25dB | BLER=9.4340e-01 | BER=2.3216e-01 | Errors=100 | Frames=106 | AvgTime=15.07ms

实验三 BP: N=256
  Eb/N0=1.00dB | BLER=1.0000e+00 | BER=4.9570e-01 | Errors=100 | Frames=100 | AvgTime=179.42ms | AvgIter=50.0
  Eb/N0=1.25dB | BLER=1.0000e+00 | BER=4.9570e-01 | Errors=100 | Frames=100 | AvgTime=179.00ms | AvgIter=50.0
  Eb/N0=1.50dB | BLER=1.0000e+00 | BER=4.9555e-01 | Errors=100 | Frames=100 | AvgTime=181.00ms | AvgIter=50.0
  Eb/N0=1.75dB | BLER=1.0000e+00 | BER=4.8773e-01 | Errors=100 | Frames=100 | AvgTime=178.90ms | AvgIter=50.0
  Eb/N0=2.00dB | BLER=1.0000e+00 | BER=4.9062e-01 | Errors=100 | Frames=100 | AvgTime=179.30ms | AvgIter=50.0
  Eb/N0=2.25dB | BLER=1.0000e+00 | BER=4.8930e-01 | Errors=100 | Frames=100 | AvgTime=178.75ms | AvgIter=50.0
  Eb/N0=2.50dB | BLER=1.0000e+00 | BER=4.8258e-01 | Errors=100 | Frames=100 | AvgTime=178.85ms | AvgIter=50.0
  Eb/N0=2.75dB | BLER=1.0000e+00 | BER=4.9664e-01 | Errors=100 | Frames=100 | AvgTime=178.75ms | AvgIter=50.0
  Eb/N0=3.00dB | BLER=1.0000e+00 | BER=4.8539e-01 | Errors=100 | Frames=100 | AvgTime=178.69ms | AvgIter=50.0
  Eb/N0=3.25dB | BLER=1.0000e+00 | BER=4.8539e-01 | Errors=100 | Frames=100 | AvgTime=178.55ms | AvgIter=50.0
  Eb/N0=3.50dB | BLER=1.0000e+00 | BER=4.9172e-01 | Errors=100 | Frames=100 | AvgTime=178.67ms | AvgIter=50.0
  Eb/N0=3.75dB | BLER=1.0000e+00 | BER=4.9219e-01 | Errors=100 | Frames=100 | AvgTime=178.42ms | AvgIter=50.0
  Eb/N0=4.00dB | BLER=1.0000e+00 | BER=4.9344e-01 | Errors=100 | Frames=100 | AvgTime=178.83ms | AvgIter=50.0
  Eb/N0=4.25dB | BLER=1.0000e+00 | BER=4.8117e-01 | Errors=100 | Frames=100 | AvgTime=179.02ms | AvgIter=50.0
  Eb/N0=4.50dB | BLER=1.0000e+00 | BER=4.8070e-01 | Errors=100 | Frames=100 | AvgTime=179.11ms | AvgIter=50.0
  Eb/N0=4.75dB | BLER=1.0000e+00 | BER=4.8758e-01 | Errors=100 | Frames=100 | AvgTime=178.77ms | AvgIter=50.0
  Eb/N0=5.00dB | BLER=1.0000e+00 | BER=4.8398e-01 | Errors=100 | Frames=100 | AvgTime=179.32ms | AvgIter=50.0
  Eb/N0=5.25dB | BLER=1.0000e+00 | BER=4.7117e-01 | Errors=100 | Frames=100 | AvgTime=179.08ms | AvgIter=50.0

实验三 SC: N=512
  Eb/N0=1.00dB | BLER=1.0000e+00 | BER=4.8488e-01 | Errors=100 | Frames=100 | AvgTime=5.21ms
  Eb/N0=1.25dB | BLER=1.0000e+00 | BER=4.9129e-01 | Errors=100 | Frames=100 | AvgTime=5.21ms
  Eb/N0=1.50dB | BLER=1.0000e+00 | BER=4.9316e-01 | Errors=100 | Frames=100 | AvgTime=5.20ms
  Eb/N0=1.75dB | BLER=1.0000e+00 | BER=4.7828e-01 | Errors=100 | Frames=100 | AvgTime=5.29ms
  Eb/N0=2.00dB | BLER=1.0000e+00 | BER=4.7645e-01 | Errors=100 | Frames=100 | AvgTime=5.22ms
  Eb/N0=2.25dB | BLER=1.0000e+00 | BER=4.8309e-01 | Errors=100 | Frames=100 | AvgTime=5.20ms
  Eb/N0=2.50dB | BLER=1.0000e+00 | BER=4.7699e-01 | Errors=100 | Frames=100 | AvgTime=5.21ms
  Eb/N0=2.75dB | BLER=1.0000e+00 | BER=4.7727e-01 | Errors=100 | Frames=100 | AvgTime=5.19ms
  Eb/N0=3.00dB | BLER=1.0000e+00 | BER=4.8395e-01 | Errors=100 | Frames=100 | AvgTime=5.19ms
  Eb/N0=3.25dB | BLER=1.0000e+00 | BER=4.7176e-01 | Errors=100 | Frames=100 | AvgTime=5.20ms
  Eb/N0=3.50dB | BLER=1.0000e+00 | BER=4.6598e-01 | Errors=100 | Frames=100 | AvgTime=5.21ms
  Eb/N0=3.75dB | BLER=1.0000e+00 | BER=4.7008e-01 | Errors=100 | Frames=100 | AvgTime=5.20ms
  Eb/N0=4.00dB | BLER=1.0000e+00 | BER=4.6250e-01 | Errors=100 | Frames=100 | AvgTime=5.20ms
  Eb/N0=4.25dB | BLER=1.0000e+00 | BER=4.5832e-01 | Errors=100 | Frames=100 | AvgTime=5.19ms
  Eb/N0=4.50dB | BLER=1.0000e+00 | BER=4.4938e-01 | Errors=100 | Frames=100 | AvgTime=5.20ms
  Eb/N0=4.75dB | BLER=1.0000e+00 | BER=4.5172e-01 | Errors=100 | Frames=100 | AvgTime=5.20ms
  Eb/N0=5.00dB | BLER=1.0000e+00 | BER=4.4223e-01 | Errors=100 | Frames=100 | AvgTime=5.21ms
  Eb/N0=5.25dB | BLER=1.0000e+00 | BER=4.1379e-01 | Errors=100 | Frames=100 | AvgTime=5.19ms

实验三 SCL: N=512
  Eb/N0=1.00dB | BLER=1.0000e+00 | BER=4.6797e-01 | Errors=100 | Frames=100 | AvgTime=38.77ms
  Eb/N0=1.25dB | BLER=1.0000e+00 | BER=4.7652e-01 | Errors=100 | Frames=100 | AvgTime=38.25ms
  Eb/N0=1.50dB | BLER=1.0000e+00 | BER=4.6570e-01 | Errors=100 | Frames=100 | AvgTime=38.26ms
  Eb/N0=1.75dB | BLER=1.0000e+00 | BER=4.6617e-01 | Errors=100 | Frames=100 | AvgTime=38.25ms
  Eb/N0=2.00dB | BLER=1.0000e+00 | BER=4.5926e-01 | Errors=100 | Frames=100 | AvgTime=38.29ms
  Eb/N0=2.25dB | BLER=1.0000e+00 | BER=4.4906e-01 | Errors=100 | Frames=100 | AvgTime=38.48ms
  Eb/N0=2.50dB | BLER=1.0000e+00 | BER=4.5285e-01 | Errors=100 | Frames=100 | AvgTime=38.81ms
  Eb/N0=2.75dB | BLER=1.0000e+00 | BER=4.5613e-01 | Errors=100 | Frames=100 | AvgTime=38.05ms
  Eb/N0=3.00dB | BLER=1.0000e+00 | BER=4.4891e-01 | Errors=100 | Frames=100 | AvgTime=37.99ms
  Eb/N0=3.25dB | BLER=1.0000e+00 | BER=4.4160e-01 | Errors=100 | Frames=100 | AvgTime=38.30ms
  Eb/N0=3.50dB | BLER=1.0000e+00 | BER=4.1945e-01 | Errors=100 | Frames=100 | AvgTime=37.99ms
  Eb/N0=3.75dB | BLER=1.0000e+00 | BER=4.2133e-01 | Errors=100 | Frames=100 | AvgTime=37.89ms
  Eb/N0=4.00dB | BLER=1.0000e+00 | BER=4.0762e-01 | Errors=100 | Frames=100 | AvgTime=38.77ms
  Eb/N0=4.25dB | BLER=1.0000e+00 | BER=3.9238e-01 | Errors=100 | Frames=100 | AvgTime=38.44ms
  Eb/N0=4.50dB | BLER=1.0000e+00 | BER=3.8188e-01 | Errors=100 | Frames=100 | AvgTime=37.89ms
  Eb/N0=4.75dB | BLER=1.0000e+00 | BER=3.6113e-01 | Errors=100 | Frames=100 | AvgTime=37.89ms
  Eb/N0=5.00dB | BLER=1.0000e+00 | BER=3.4957e-01 | Errors=100 | Frames=100 | AvgTime=38.26ms
  Eb/N0=5.25dB | BLER=1.0000e+00 | BER=3.1613e-01 | Errors=100 | Frames=100 | AvgTime=38.18ms

实验三 BP: N=512
  Eb/N0=1.00dB | BLER=1.0000e+00 | BER=4.8707e-01 | Errors=100 | Frames=100 | AvgTime=364.51ms | AvgIter=50.0
  Eb/N0=1.25dB | BLER=1.0000e+00 | BER=4.9859e-01 | Errors=100 | Frames=100 | AvgTime=365.41ms | AvgIter=50.0
  Eb/N0=1.50dB | BLER=1.0000e+00 | BER=4.9047e-01 | Errors=100 | Frames=100 | AvgTime=366.24ms | AvgIter=50.0
  Eb/N0=1.75dB | BLER=1.0000e+00 | BER=4.9668e-01 | Errors=100 | Frames=100 | AvgTime=364.93ms | AvgIter=50.0
  Eb/N0=2.00dB | BLER=1.0000e+00 | BER=4.9480e-01 | Errors=100 | Frames=100 | AvgTime=365.99ms | AvgIter=50.0
  Eb/N0=2.25dB | BLER=1.0000e+00 | BER=4.8727e-01 | Errors=100 | Frames=100 | AvgTime=365.43ms | AvgIter=50.0
  Eb/N0=2.50dB | BLER=1.0000e+00 | BER=4.9156e-01 | Errors=100 | Frames=100 | AvgTime=364.92ms | AvgIter=50.0
  Eb/N0=2.75dB | BLER=1.0000e+00 | BER=4.8730e-01 | Errors=100 | Frames=100 | AvgTime=366.67ms | AvgIter=50.0
  Eb/N0=3.00dB | BLER=1.0000e+00 | BER=4.8500e-01 | Errors=100 | Frames=100 | AvgTime=365.95ms | AvgIter=50.0
  Eb/N0=3.25dB | BLER=1.0000e+00 | BER=4.9250e-01 | Errors=100 | Frames=100 | AvgTime=366.68ms | AvgIter=50.0
  Eb/N0=3.50dB | BLER=1.0000e+00 | BER=4.8945e-01 | Errors=100 | Frames=100 | AvgTime=366.74ms | AvgIter=50.0
  Eb/N0=3.75dB | BLER=1.0000e+00 | BER=4.8750e-01 | Errors=100 | Frames=100 | AvgTime=366.01ms | AvgIter=50.0
  Eb/N0=4.00dB | BLER=1.0000e+00 | BER=4.8387e-01 | Errors=100 | Frames=100 | AvgTime=364.36ms | AvgIter=50.0
  Eb/N0=4.25dB | BLER=1.0000e+00 | BER=4.8457e-01 | Errors=100 | Frames=100 | AvgTime=364.75ms | AvgIter=50.0
  Eb/N0=4.50dB | BLER=1.0000e+00 | BER=4.8133e-01 | Errors=100 | Frames=100 | AvgTime=365.87ms | AvgIter=50.0
  Eb/N0=4.75dB | BLER=1.0000e+00 | BER=4.7887e-01 | Errors=100 | Frames=100 | AvgTime=366.93ms | AvgIter=50.0
  Eb/N0=5.00dB | BLER=1.0000e+00 | BER=4.7906e-01 | Errors=100 | Frames=100 | AvgTime=367.63ms | AvgIter=50.0
  Eb/N0=5.25dB | BLER=1.0000e+00 | BER=4.7727e-01 | Errors=100 | Frames=100 | AvgTime=366.75ms | AvgIter=50.0

实验三完成。
