
加载已有 SC 结果: results/exp3_sc_N256_R0.5.csv

加载已有 SCL 结果: results/exp3_scl_N256_R0.5.csv

BP 仿真 N=256 ...
  BP N=256, Eb/N0=1.00dB ...
  Eb/N0=1.00dB | BLER=7.4074e-01 | BER=1.6898e-01 | Errors=20 | Frames=27 | AvgTime=17.03ms | AvgIter=50.0
  已保存 -> results/exp3_bp_N256_R0.5.csv
  BP N=256, Eb/N0=1.25dB ...
  Eb/N0=1.25dB | BLER=3.7736e-01 | BER=9.6551e-02 | Errors=20 | Frames=53 | AvgTime=17.05ms | AvgIter=50.0
  已保存 -> results/exp3_bp_N256_R0.5.csv
  BP N=256, Eb/N0=1.50dB ...
  Eb/N0=1.50dB | BLER=2.1505e-01 | BER=7.3169e-02 | Errors=20 | Frames=93 | AvgTime=17.06ms | AvgIter=50.0
  已保存 -> results/exp3_bp_N256_R0.5.csv
  BP N=256, Eb/N0=1.75dB ...
  Eb/N0=1.75dB | BLER=1.1236e-01 | BER=3.3137e-02 | Errors=20 | Frames=178 | AvgTime=17.02ms | AvgIter=50.0
  已保存 -> results/exp3_bp_N256_R0.5.csv
  BP N=256, Eb/N0=2.00dB ...
  Eb/N0=2.00dB | BLER=9.3023e-02 | BER=2.3038e-02 | Errors=20 | Frames=215 | AvgTime=17.03ms | AvgIter=50.0
  已保存 -> results/exp3_bp_N256_R0.5.csv
  BP N=256, Eb/N0=2.25dB ...
  Eb/N0=2.25dB | BLER=6.3694e-02 | BER=1.3883e-02 | Errors=20 | Frames=314 | AvgTime=17.03ms | AvgIter=50.0
  已保存 -> results/exp3_bp_N256_R0.5.csv
  BP N=256, Eb/N0=2.50dB ...
  Eb/N0=2.50dB | BLER=3.4843e-02 | BER=8.3025e-03 | Errors=20 | Frames=574 | AvgTime=17.04ms | AvgIter=50.0
  已保存 -> results/exp3_bp_N256_R0.5.csv
  BP N=256, Eb/N0=2.75dB ...
  Eb/N0=2.75dB | BLER=1.4378e-02 | BER=2.9543e-03 | Errors=20 | Frames=1391 | AvgTime=17.05ms | AvgIter=50.0
  已保存 -> results/exp3_bp_N256_R0.5.csv
  BP N=256, Eb/N0=3.00dB ...
  Eb/N0=3.00dB | BLER=8.3507e-03 | BER=1.4320e-03 | Errors=20 | Frames=2395 | AvgTime=17.00ms | AvgIter=50.0
  已保存 -> results/exp3_bp_N256_R0.5.csv
  BP N=256, Eb/N0=3.25dB ...
  Eb/N0=3.25dB | BLER=3.0000e-03 | BER=4.6563e-04 | Errors=15 | Frames=5000 | AvgTime=17.01ms | AvgIter=50.0
  已保存 -> results/exp3_bp_N256_R0.5.csv
  BP N=256, Eb/N0=3.50dB ...
  Eb/N0=3.50dB | BLER=1.6000e-03 | BER=3.0938e-04 | Errors=8 | Frames=5000 | AvgTime=17.03ms | AvgIter=50.0
  已保存 -> results/exp3_bp_N256_R0.5.csv
  BP N=256, Eb/N0=3.75dB ...
  Eb/N0=3.75dB | BLER=1.0000e-03 | BER=1.3750e-04 | Errors=5 | Frames=5000 | AvgTime=17.03ms | AvgIter=50.0
  已保存 -> results/exp3_bp_N256_R0.5.csv
  BP N=256, Eb/N0=4.00dB ...
  Eb/N0=4.00dB | BLER=4.0000e-04 | BER=1.0000e-04 | Errors=2 | Frames=5000 | AvgTime=17.20ms | AvgIter=50.0
  已保存 -> results/exp3_bp_N256_R0.5.csv
  BP N=256, Eb/N0=4.25dB ...
  Eb/N0=4.25dB | BLER=0.0000e+00 | BER=0.0000e+00 | Errors=0 | Frames=5000 | AvgTime=17.08ms | AvgIter=50.0
  已保存 -> results/exp3_bp_N256_R0.5.csv
  BP N=256, Eb/N0=4.50dB ...
  Eb/N0=4.50dB | BLER=0.0000e+00 | BER=0.0000e+00 | Errors=0 | Frames=5000 | AvgTime=17.06ms | AvgIter=50.0
  已保存 -> results/exp3_bp_N256_R0.5.csv
  BP N=256, Eb/N0=4.75dB ...
  Eb/N0=4.75dB | BLER=0.0000e+00 | BER=0.0000e+00 | Errors=0 | Frames=5000 | AvgTime=17.01ms | AvgIter=50.0
  已保存 -> results/exp3_bp_N256_R0.5.csv
  BP N=256, Eb/N0=5.00dB ...
  Eb/N0=5.00dB | BLER=0.0000e+00 | BER=0.0000e+00 | Errors=0 | Frames=5000 | AvgTime=16.99ms | AvgIter=50.0
  已保存 -> results/exp3_bp_N256_R0.5.csv
  BP N=256, Eb/N0=5.25dB ...
  Eb/N0=5.25dB | BLER=0.0000e+00 | BER=0.0000e+00 | Errors=0 | Frames=5000 | AvgTime=17.06ms | AvgIter=50.0
  已保存 -> results/exp3_bp_N256_R0.5.csv
/workspace/polar_codes/utils.py:71: RuntimeWarning: overflow encountered in exp
  return np.log2(1.0 + np.exp(-2.0 * snr * y)) * np.exp(-(y ** 2) / 2.0)
/workspace/polar_codes/utils.py:71: RuntimeWarning: invalid value encountered in scalar multiply
  return np.log2(1.0 + np.exp(-2.0 * snr * y)) * np.exp(-(y ** 2) / 2.0)
/workspace/polar_codes/utils.py:73: IntegrationWarning: The occurrence of roundoff error is detected, which prevents 
  the requested tolerance from being achieved.  The error may be 
  underestimated.
  val, _ = integrate.quad(integrand, -50, 50, limit=200)
N=256 完成。

SC 仿真 N=512 ...
  Eb/N0=1.00dB | BLER=1.0000e+00 | BER=4.8785e-01 | Errors=100 | Frames=100 | AvgTime=9.87ms
  Eb/N0=1.25dB | BLER=1.0000e+00 | BER=4.8473e-01 | Errors=100 | Frames=100 | AvgTime=9.88ms
  Eb/N0=1.50dB | BLER=1.0000e+00 | BER=4.7691e-01 | Errors=100 | Frames=100 | AvgTime=9.88ms
  Eb/N0=1.75dB | BLER=1.0000e+00 | BER=4.7301e-01 | Errors=100 | Frames=100 | AvgTime=9.86ms
  Eb/N0=2.00dB | BLER=1.0000e+00 | BER=4.5820e-01 | Errors=100 | Frames=100 | AvgTime=9.88ms
  Eb/N0=2.25dB | BLER=1.0000e+00 | BER=4.6250e-01 | Errors=100 | Frames=100 | AvgTime=9.87ms
  Eb/N0=2.50dB | BLER=1.0000e+00 | BER=4.5102e-01 | Errors=100 | Frames=100 | AvgTime=9.88ms
  Eb/N0=2.75dB | BLER=1.0000e+00 | BER=4.4355e-01 | Errors=100 | Frames=100 | AvgTime=9.88ms
  Eb/N0=3.00dB | BLER=1.0000e+00 | BER=4.4355e-01 | Errors=100 | Frames=100 | AvgTime=9.87ms
  Eb/N0=3.25dB | BLER=1.0000e+00 | BER=4.3188e-01 | Errors=100 | Frames=100 | AvgTime=9.88ms
  Eb/N0=3.50dB | BLER=9.8039e-01 | BER=4.2616e-01 | Errors=100 | Frames=102 | AvgTime=9.89ms
  Eb/N0=3.75dB | BLER=9.9010e-01 | BER=4.0041e-01 | Errors=100 | Frames=101 | AvgTime=9.89ms
  Eb/N0=4.00dB | BLER=9.9010e-01 | BER=4.0869e-01 | Errors=100 | Frames=101 | AvgTime=9.89ms
  Eb/N0=4.25dB | BLER=9.3458e-01 | BER=3.4119e-01 | Errors=100 | Frames=107 | AvgTime=9.89ms
  Eb/N0=4.50dB | BLER=9.3458e-01 | BER=3.2447e-01 | Errors=100 | Frames=107 | AvgTime=9.89ms
  Eb/N0=4.75dB | BLER=8.3333e-01 | BER=2.7572e-01 | Errors=100 | Frames=120 | AvgTime=9.90ms
  Eb/N0=5.00dB | BLER=6.6225e-01 | BER=2.1262e-01 | Errors=100 | Frames=151 | AvgTime=9.90ms
  Eb/N0=5.25dB | BLER=5.3191e-01 | BER=1.5789e-01 | Errors=100 | Frames=188 | AvgTime=9.90ms

SCL 仿真 N=512 ...
  Eb/N0=1.00dB | BLER=1.0000e+00 | BER=4.7250e-01 | Errors=100 | Frames=100 | AvgTime=49.67ms
  Eb/N0=1.25dB | BLER=1.0000e+00 | BER=4.8051e-01 | Errors=100 | Frames=100 | AvgTime=49.67ms
  Eb/N0=1.50dB | BLER=1.0000e+00 | BER=4.7082e-01 | Errors=100 | Frames=100 | AvgTime=49.67ms
  Eb/N0=1.75dB | BLER=1.0000e+00 | BER=4.6301e-01 | Errors=100 | Frames=100 | AvgTime=49.64ms
  Eb/N0=2.00dB | BLER=1.0000e+00 | BER=4.5160e-01 | Errors=100 | Frames=100 | AvgTime=49.63ms
  Eb/N0=2.25dB | BLER=1.0000e+00 | BER=4.5305e-01 | Errors=100 | Frames=100 | AvgTime=49.49ms
  Eb/N0=2.50dB | BLER=1.0000e+00 | BER=4.4191e-01 | Errors=100 | Frames=100 | AvgTime=49.52ms
  Eb/N0=2.75dB | BLER=1.0000e+00 | BER=4.2383e-01 | Errors=100 | Frames=100 | AvgTime=49.47ms
  Eb/N0=3.00dB | BLER=1.0000e+00 | BER=4.0477e-01 | Errors=100 | Frames=100 | AvgTime=49.45ms
  Eb/N0=3.25dB | BLER=9.9010e-01 | BER=3.7125e-01 | Errors=100 | Frames=101 | AvgTime=49.47ms
  Eb/N0=3.50dB | BLER=9.6154e-01 | BER=3.4067e-01 | Errors=100 | Frames=104 | AvgTime=49.45ms
  Eb/N0=3.75dB | BLER=9.3458e-01 | BER=3.1922e-01 | Errors=100 | Frames=107 | AvgTime=49.44ms
  Eb/N0=4.00dB | BLER=9.0909e-01 | BER=2.8207e-01 | Errors=100 | Frames=110 | AvgTime=49.45ms
  Eb/N0=4.25dB | BLER=8.1967e-01 | BER=2.3851e-01 | Errors=100 | Frames=122 | AvgTime=49.45ms
  Eb/N0=4.50dB | BLER=7.6923e-01 | BER=2.2446e-01 | Errors=100 | Frames=130 | AvgTime=49.46ms
  Eb/N0=4.75dB | BLER=5.2632e-01 | BER=1.4815e-01 | Errors=100 | Frames=190 | AvgTime=49.49ms
  Eb/N0=5.00dB | BLER=4.0650e-01 | BER=8.9637e-02 | Errors=100 | Frames=246 | AvgTime=49.47ms
  Eb/N0=5.25dB | BLER=2.3041e-01 | BER=5.1789e-02 | Errors=100 | Frames=434 | AvgTime=49.48ms

BP 仿真 N=512 ...
  BP N=512, Eb/N0=1.00dB ...
  Eb/N0=1.00dB | BLER=6.2500e-01 | BER=2.2742e-01 | Errors=20 | Frames=32 | AvgTime=30.91ms | AvgIter=50.0
  已保存 -> results/exp3_bp_N512_R0.5.csv
  BP N=512, Eb/N0=1.25dB ...
  Eb/N0=1.25dB | BLER=4.7619e-01 | BER=1.2147e-01 | Errors=20 | Frames=42 | AvgTime=30.91ms | AvgIter=50.0
  已保存 -> results/exp3_bp_N512_R0.5.csv
  BP N=512, Eb/N0=1.50dB ...
  Eb/N0=1.50dB | BLER=2.7027e-01 | BER=5.7221e-02 | Errors=20 | Frames=74 | AvgTime=30.85ms | AvgIter=50.0
  已保存 -> results/exp3_bp_N512_R0.5.csv
  BP N=512, Eb/N0=1.75dB ...
  Eb/N0=1.75dB | BLER=1.5873e-01 | BER=2.5701e-02 | Errors=20 | Frames=126 | AvgTime=30.84ms | AvgIter=50.0
  已保存 -> results/exp3_bp_N512_R0.5.csv
  BP N=512, Eb/N0=2.00dB ...
  Eb/N0=2.00dB | BLER=7.7519e-02 | BER=1.2052e-02 | Errors=20 | Frames=258 | AvgTime=30.83ms | AvgIter=50.0
  已保存 -> results/exp3_bp_N512_R0.5.csv
  BP N=512, Eb/N0=2.25dB ...
  Eb/N0=2.25dB | BLER=3.5211e-02 | BER=5.3436e-03 | Errors=20 | Frames=568 | AvgTime=30.81ms | AvgIter=50.0
  已保存 -> results/exp3_bp_N512_R0.5.csv
  BP N=512, Eb/N0=2.50dB ...
  Eb/N0=2.50dB | BLER=2.4845e-02 | BER=3.3385e-03 | Errors=20 | Frames=805 | AvgTime=30.79ms | AvgIter=50.0
  已保存 -> results/exp3_bp_N512_R0.5.csv
  BP N=512, Eb/N0=2.75dB ...
  Eb/N0=2.75dB | BLER=9.8619e-03 | BER=6.7801e-04 | Errors=20 | Frames=2028 | AvgTime=30.76ms | AvgIter=50.0
  已保存 -> results/exp3_bp_N512_R0.5.csv
  BP N=512, Eb/N0=3.00dB ...
  Eb/N0=3.00dB | BLER=5.5602e-03 | BER=4.1593e-04 | Errors=20 | Frames=3597 | AvgTime=30.74ms | AvgIter=50.0
  已保存 -> results/exp3_bp_N512_R0.5.csv
  BP N=512, Eb/N0=3.25dB ...
  Eb/N0=3.25dB | BLER=2.2000e-03 | BER=1.4062e-04 | Errors=11 | Frames=5000 | AvgTime=30.75ms | AvgIter=50.0
  已保存 -> results/exp3_bp_N512_R0.5.csv
  BP N=512, Eb/N0=3.50dB ...
  Eb/N0=3.50dB | BLER=4.0000e-04 | BER=2.1094e-05 | Errors=2 | Frames=5000 | AvgTime=30.81ms | AvgIter=50.0
  已保存 -> results/exp3_bp_N512_R0.5.csv
  BP N=512, Eb/N0=3.75dB ...
  Eb/N0=3.75dB | BLER=2.0000e-04 | BER=3.1250e-06 | Errors=1 | Frames=5000 | AvgTime=30.75ms | AvgIter=50.0
  已保存 -> results/exp3_bp_N512_R0.5.csv
  BP N=512, Eb/N0=4.00dB ...
  Eb/N0=4.00dB | BLER=0.0000e+00 | BER=0.0000e+00 | Errors=0 | Frames=5000 | AvgTime=31.05ms | AvgIter=50.0
  已保存 -> results/exp3_bp_N512_R0.5.csv
  BP N=512, Eb/N0=4.25dB ...
  Eb/N0=4.25dB | BLER=0.0000e+00 | BER=0.0000e+00 | Errors=0 | Frames=5000 | AvgTime=30.74ms | AvgIter=50.0
  已保存 -> results/exp3_bp_N512_R0.5.csv
  BP N=512, Eb/N0=4.50dB ...
  Eb/N0=4.50dB | BLER=0.0000e+00 | BER=0.0000e+00 | Errors=0 | Frames=5000 | AvgTime=30.78ms | AvgIter=50.0
  已保存 -> results/exp3_bp_N512_R0.5.csv
  BP N=512, Eb/N0=4.75dB ...
  Eb/N0=4.75dB | BLER=0.0000e+00 | BER=0.0000e+00 | Errors=0 | Frames=5000 | AvgTime=30.77ms | AvgIter=50.0
  已保存 -> results/exp3_bp_N512_R0.5.csv
  BP N=512, Eb/N0=5.00dB ...
  Eb/N0=5.00dB | BLER=0.0000e+00 | BER=0.0000e+00 | Errors=0 | Frames=5000 | AvgTime=30.75ms | AvgIter=50.0
  已保存 -> results/exp3_bp_N512_R0.5.csv
  BP N=512, Eb/N0=5.25dB ...
  Eb/N0=5.25dB | BLER=0.0000e+00 | BER=0.0000e+00 | Errors=0 | Frames=5000 | AvgTime=30.76ms | AvgIter=50.0
  已保存 -> results/exp3_bp_N512_R0.5.csv
N=512 完成。

实验三全部完成。
