Encoder test passed: [1 0 1 1]
SC high-SNR test passed

============================================================
Exp3 SC N=256
============================================================
  Eb/N0=1.00dB | BLER=1.0000e+00 | BER=4.7367e-01 | Errors=100 | Frames=100 | AvgTime=2.75ms
  Eb/N0=1.25dB | BLER=1.0000e+00 | BER=4.6305e-01 | Errors=100 | Frames=100 | AvgTime=2.70ms
  Eb/N0=1.50dB | BLER=1.0000e+00 | BER=4.6906e-01 | Errors=100 | Frames=100 | AvgTime=2.70ms
  Eb/N0=1.75dB | BLER=1.0000e+00 | BER=4.6734e-01 | Errors=100 | Frames=100 | AvgTime=2.71ms
  Eb/N0=2.00dB | BLER=1.0000e+00 | BER=4.7055e-01 | Errors=100 | Frames=100 | AvgTime=2.70ms
  Eb/N0=2.25dB | BLER=1.0000e+00 | BER=4.6156e-01 | Errors=100 | Frames=100 | AvgTime=2.69ms
  Eb/N0=2.50dB | BLER=1.0000e+00 | BER=4.4844e-01 | Errors=100 | Frames=100 | AvgTime=2.71ms
  Eb/N0=2.75dB | BLER=1.0000e+00 | BER=4.5859e-01 | Errors=100 | Frames=100 | AvgTime=2.71ms
  Eb/N0=3.00dB | BLER=1.0000e+00 | BER=4.4727e-01 | Errors=100 | Frames=100 | AvgTime=2.71ms
  Eb/N0=3.25dB | BLER=1.0000e+00 | BER=4.3484e-01 | Errors=100 | Frames=100 | AvgTime=2.70ms
  Eb/N0=3.50dB | BLER=1.0000e+00 | BER=4.4922e-01 | Errors=100 | Frames=100 | AvgTime=2.71ms
  Eb/N0=3.75dB | BLER=1.0000e+00 | BER=4.2664e-01 | Errors=100 | Frames=100 | AvgTime=2.70ms
  Eb/N0=4.00dB | BLER=1.0000e+00 | BER=4.1703e-01 | Errors=100 | Frames=100 | AvgTime=2.70ms
  Eb/N0=4.25dB | BLER=1.0000e+00 | BER=4.2195e-01 | Errors=100 | Frames=100 | AvgTime=2.70ms
  Eb/N0=4.50dB | BLER=1.0000e+00 | BER=3.8828e-01 | Errors=100 | Frames=100 | AvgTime=2.70ms
  Eb/N0=4.75dB | BLER=1.0000e+00 | BER=3.9813e-01 | Errors=100 | Frames=100 | AvgTime=2.70ms
  Eb/N0=5.00dB | BLER=1.0000e+00 | BER=3.8609e-01 | Errors=100 | Frames=100 | AvgTime=2.69ms
  Eb/N0=5.25dB | BLER=1.0000e+00 | BER=3.7453e-01 | Errors=100 | Frames=100 | AvgTime=2.70ms

Exp3 SCL N=256
  Eb/N0=1.00dB | BLER=1.0000e+00 | BER=4.4547e-01 | Errors=100 | Frames=100 | AvgTime=12.93ms
  Eb/N0=1.25dB | BLER=1.0000e+00 | BER=4.4266e-01 | Errors=100 | Frames=100 | AvgTime=12.90ms
  Eb/N0=1.50dB | BLER=1.0000e+00 | BER=4.4375e-01 | Errors=100 | Frames=100 | AvgTime=12.88ms
  Eb/N0=1.75dB | BLER=1.0000e+00 | BER=4.3688e-01 | Errors=100 | Frames=100 | AvgTime=12.90ms
  Eb/N0=2.00dB | BLER=1.0000e+00 | BER=4.2961e-01 | Errors=100 | Frames=100 | AvgTime=12.91ms
  Eb/N0=2.25dB | BLER=1.0000e+00 | BER=4.2125e-01 | Errors=100 | Frames=100 | AvgTime=12.96ms
  Eb/N0=2.50dB | BLER=1.0000e+00 | BER=3.8211e-01 | Errors=100 | Frames=100 | AvgTime=12.89ms
  Eb/N0=2.75dB | BLER=1.0000e+00 | BER=3.8234e-01 | Errors=100 | Frames=100 | AvgTime=12.94ms
  Eb/N0=3.00dB | BLER=1.0000e+00 | BER=3.8750e-01 | Errors=100 | Frames=100 | AvgTime=12.97ms
  Eb/N0=3.25dB | BLER=1.0000e+00 | BER=3.7953e-01 | Errors=100 | Frames=100 | AvgTime=12.92ms
  Eb/N0=3.50dB | BLER=1.0000e+00 | BER=3.6023e-01 | Errors=100 | Frames=100 | AvgTime=13.02ms
  Eb/N0=3.75dB | BLER=1.0000e+00 | BER=3.4148e-01 | Errors=100 | Frames=100 | AvgTime=12.99ms
  Eb/N0=4.00dB | BLER=1.0000e+00 | BER=3.0383e-01 | Errors=100 | Frames=100 | AvgTime=12.94ms
  Eb/N0=4.25dB | BLER=9.9010e-01 | BER=2.9425e-01 | Errors=100 | Frames=101 | AvgTime=12.88ms
  Eb/N0=4.50dB | BLER=9.9010e-01 | BER=2.9649e-01 | Errors=100 | Frames=101 | AvgTime=12.85ms
  Eb/N0=4.75dB | BLER=9.7087e-01 | BER=2.6654e-01 | Errors=100 | Frames=103 | AvgTime=12.85ms
  Eb/N0=5.00dB | BLER=9.8039e-01 | BER=2.6294e-01 | Errors=100 | Frames=102 | AvgTime=12.85ms
  Eb/N0=5.25dB | BLER=9.0090e-01 | BER=2.0256e-01 | Errors=100 | Frames=111 | AvgTime=12.86ms

Exp3 BP N=256
  Eb/N0=1.00dB | BLER=1.0000e+00 | BER=4.9352e-01 | Errors=100 | Frames=100 | AvgTime=289.37ms | AvgIter=50.0
  Eb/N0=1.25dB | BLER=1.0000e+00 | BER=4.9039e-01 | Errors=100 | Frames=100 | AvgTime=289.19ms | AvgIter=50.0
  Eb/N0=1.50dB | BLER=1.0000e+00 | BER=4.9758e-01 | Errors=100 | Frames=100 | AvgTime=288.98ms | AvgIter=50.0
  Eb/N0=1.75dB | BLER=1.0000e+00 | BER=5.0141e-01 | Errors=100 | Frames=100 | AvgTime=289.19ms | AvgIter=50.0
  Eb/N0=2.00dB | BLER=1.0000e+00 | BER=4.9422e-01 | Errors=100 | Frames=100 | AvgTime=288.82ms | AvgIter=50.0
  Eb/N0=2.25dB | BLER=1.0000e+00 | BER=4.9102e-01 | Errors=100 | Frames=100 | AvgTime=288.89ms | AvgIter=50.0
  Eb/N0=2.50dB | BLER=1.0000e+00 | BER=4.9344e-01 | Errors=100 | Frames=100 | AvgTime=289.12ms | AvgIter=50.0
  Eb/N0=2.75dB | BLER=1.0000e+00 | BER=4.9883e-01 | Errors=100 | Frames=100 | AvgTime=289.16ms | AvgIter=50.0
  Eb/N0=3.00dB | BLER=1.0000e+00 | BER=4.9750e-01 | Errors=100 | Frames=100 | AvgTime=291.08ms | AvgIter=50.0
  Eb/N0=3.25dB | BLER=1.0000e+00 | BER=4.9586e-01 | Errors=100 | Frames=100 | AvgTime=290.65ms | AvgIter=50.0
  Eb/N0=3.50dB | BLER=1.0000e+00 | BER=4.9664e-01 | Errors=100 | Frames=100 | AvgTime=289.90ms | AvgIter=50.0
  Eb/N0=3.75dB | BLER=1.0000e+00 | BER=4.9516e-01 | Errors=100 | Frames=100 | AvgTime=288.86ms | AvgIter=50.0
  Eb/N0=4.00dB | BLER=1.0000e+00 | BER=4.9781e-01 | Errors=100 | Frames=100 | AvgTime=288.73ms | AvgIter=50.0
  Eb/N0=4.25dB | BLER=1.0000e+00 | BER=4.9500e-01 | Errors=100 | Frames=100 | AvgTime=289.16ms | AvgIter=50.0
  Eb/N0=4.50dB | BLER=1.0000e+00 | BER=4.9172e-01 | Errors=100 | Frames=100 | AvgTime=288.89ms | AvgIter=50.0
  Eb/N0=4.75dB | BLER=1.0000e+00 | BER=4.9148e-01 | Errors=100 | Frames=100 | AvgTime=288.59ms | AvgIter=50.0
  Eb/N0=5.00dB | BLER=1.0000e+00 | BER=4.9750e-01 | Errors=100 | Frames=100 | AvgTime=288.52ms | AvgIter=50.0
  Eb/N0=5.25dB | BLER=1.0000e+00 | BER=4.9578e-01 | Errors=100 | Frames=100 | AvgTime=288.38ms | AvgIter=50.0

============================================================
Exp3 SC N=512
============================================================
  Eb/N0=1.00dB | BLER=1.0000e+00 | BER=4.9203e-01 | Errors=100 | Frames=100 | AvgTime=6.06ms
  Eb/N0=1.25dB | BLER=1.0000e+00 | BER=4.8418e-01 | Errors=100 | Frames=100 | AvgTime=6.07ms
  Eb/N0=1.50dB | BLER=1.0000e+00 | BER=4.8352e-01 | Errors=100 | Frames=100 | AvgTime=6.09ms
  Eb/N0=1.75dB | BLER=1.0000e+00 | BER=4.8203e-01 | Errors=100 | Frames=100 | AvgTime=6.09ms
  Eb/N0=2.00dB | BLER=1.0000e+00 | BER=4.7867e-01 | Errors=100 | Frames=100 | AvgTime=6.09ms
  Eb/N0=2.25dB | BLER=1.0000e+00 | BER=4.7996e-01 | Errors=100 | Frames=100 | AvgTime=6.09ms
  Eb/N0=2.50dB | BLER=1.0000e+00 | BER=4.7652e-01 | Errors=100 | Frames=100 | AvgTime=6.13ms
  Eb/N0=2.75dB | BLER=1.0000e+00 | BER=4.7867e-01 | Errors=100 | Frames=100 | AvgTime=6.15ms
  Eb/N0=3.00dB | BLER=1.0000e+00 | BER=4.7629e-01 | Errors=100 | Frames=100 | AvgTime=6.16ms
  Eb/N0=3.25dB | BLER=1.0000e+00 | BER=4.7145e-01 | Errors=100 | Frames=100 | AvgTime=6.08ms
  Eb/N0=3.50dB | BLER=1.0000e+00 | BER=4.6633e-01 | Errors=100 | Frames=100 | AvgTime=6.14ms
  Eb/N0=3.75dB | BLER=1.0000e+00 | BER=4.7063e-01 | Errors=100 | Frames=100 | AvgTime=6.08ms
  Eb/N0=4.00dB | BLER=1.0000e+00 | BER=4.6664e-01 | Errors=100 | Frames=100 | AvgTime=6.07ms
  Eb/N0=4.25dB | BLER=1.0000e+00 | BER=4.6465e-01 | Errors=100 | Frames=100 | AvgTime=6.08ms
  Eb/N0=4.50dB | BLER=1.0000e+00 | BER=4.4609e-01 | Errors=100 | Frames=100 | AvgTime=6.08ms
  Eb/N0=4.75dB | BLER=1.0000e+00 | BER=4.5586e-01 | Errors=100 | Frames=100 | AvgTime=6.08ms
  Eb/N0=5.00dB | BLER=1.0000e+00 | BER=4.4215e-01 | Errors=100 | Frames=100 | AvgTime=6.08ms
  Eb/N0=5.25dB | BLER=1.0000e+00 | BER=4.1363e-01 | Errors=100 | Frames=100 | AvgTime=6.08ms

Exp3 SCL N=512
  Eb/N0=1.00dB | BLER=1.0000e+00 | BER=4.7844e-01 | Errors=100 | Frames=100 | AvgTime=30.88ms
  Eb/N0=1.25dB | BLER=1.0000e+00 | BER=4.7453e-01 | Errors=100 | Frames=100 | AvgTime=30.86ms
  Eb/N0=1.50dB | BLER=1.0000e+00 | BER=4.6145e-01 | Errors=100 | Frames=100 | AvgTime=30.86ms
  Eb/N0=1.75dB | BLER=1.0000e+00 | BER=4.6387e-01 | Errors=100 | Frames=100 | AvgTime=30.85ms
  Eb/N0=2.00dB | BLER=1.0000e+00 | BER=4.6316e-01 | Errors=100 | Frames=100 | AvgTime=30.86ms
  Eb/N0=2.25dB | BLER=1.0000e+00 | BER=4.5699e-01 | Errors=100 | Frames=100 | AvgTime=30.85ms
  Eb/N0=2.50dB | BLER=1.0000e+00 | BER=4.4738e-01 | Errors=100 | Frames=100 | AvgTime=30.85ms
  Eb/N0=2.75dB | BLER=1.0000e+00 | BER=4.4957e-01 | Errors=100 | Frames=100 | AvgTime=31.02ms
  Eb/N0=3.00dB | BLER=1.0000e+00 | BER=4.3504e-01 | Errors=100 | Frames=100 | AvgTime=31.02ms
  Eb/N0=3.25dB | BLER=1.0000e+00 | BER=4.3504e-01 | Errors=100 | Frames=100 | AvgTime=31.35ms
  Eb/N0=3.50dB | BLER=1.0000e+00 | BER=4.2363e-01 | Errors=100 | Frames=100 | AvgTime=31.73ms
  Eb/N0=3.75dB | BLER=1.0000e+00 | BER=4.1066e-01 | Errors=100 | Frames=100 | AvgTime=31.81ms
  Eb/N0=4.00dB | BLER=1.0000e+00 | BER=4.0336e-01 | Errors=100 | Frames=100 | AvgTime=31.73ms
  Eb/N0=4.25dB | BLER=1.0000e+00 | BER=4.0750e-01 | Errors=100 | Frames=100 | AvgTime=31.55ms
  Eb/N0=4.50dB | BLER=1.0000e+00 | BER=3.8031e-01 | Errors=100 | Frames=100 | AvgTime=31.41ms
  Eb/N0=4.75dB | BLER=1.0000e+00 | BER=3.5563e-01 | Errors=100 | Frames=100 | AvgTime=31.22ms
  Eb/N0=5.00dB | BLER=1.0000e+00 | BER=3.4258e-01 | Errors=100 | Frames=100 | AvgTime=31.17ms
  Eb/N0=5.25dB | BLER=1.0000e+00 | BER=3.0906e-01 | Errors=100 | Frames=100 | AvgTime=30.97ms

Exp3 BP N=512
  Eb/N0=1.00dB | BLER=1.0000e+00 | BER=4.9574e-01 | Errors=100 | Frames=100 | AvgTime=656.58ms | AvgIter=50.0
  Eb/N0=1.25dB | BLER=1.0000e+00 | BER=4.9973e-01 | Errors=100 | Frames=100 | AvgTime=656.23ms | AvgIter=50.0
  Eb/N0=1.50dB | BLER=1.0000e+00 | BER=4.9461e-01 | Errors=100 | Frames=100 | AvgTime=656.35ms | AvgIter=50.0
  Eb/N0=1.75dB | BLER=1.0000e+00 | BER=4.9508e-01 | Errors=100 | Frames=100 | AvgTime=655.78ms | AvgIter=50.0
  Eb/N0=2.00dB | BLER=1.0000e+00 | BER=4.8840e-01 | Errors=100 | Frames=100 | AvgTime=656.63ms | AvgIter=50.0
  Eb/N0=2.25dB | BLER=1.0000e+00 | BER=4.9273e-01 | Errors=100 | Frames=100 | AvgTime=655.93ms | AvgIter=50.0
  Eb/N0=2.50dB | BLER=1.0000e+00 | BER=4.9047e-01 | Errors=100 | Frames=100 | AvgTime=656.01ms | AvgIter=50.0
  Eb/N0=2.75dB | BLER=1.0000e+00 | BER=4.9961e-01 | Errors=100 | Frames=100 | AvgTime=656.45ms | AvgIter=50.0
  Eb/N0=3.00dB | BLER=1.0000e+00 | BER=4.9363e-01 | Errors=100 | Frames=100 | AvgTime=659.10ms | AvgIter=50.0
  Eb/N0=3.25dB | BLER=1.0000e+00 | BER=4.9312e-01 | Errors=100 | Frames=100 | AvgTime=660.81ms | AvgIter=50.0
  Eb/N0=3.50dB | BLER=1.0000e+00 | BER=4.8957e-01 | Errors=100 | Frames=100 | AvgTime=659.63ms | AvgIter=50.0
  Eb/N0=3.75dB | BLER=1.0000e+00 | BER=4.9535e-01 | Errors=100 | Frames=100 | AvgTime=661.53ms | AvgIter=50.0
  Eb/N0=4.00dB | BLER=1.0000e+00 | BER=4.9336e-01 | Errors=100 | Frames=100 | AvgTime=659.38ms | AvgIter=50.0
  Eb/N0=4.25dB | BLER=1.0000e+00 | BER=4.9785e-01 | Errors=100 | Frames=100 | AvgTime=661.75ms | AvgIter=50.0
  Eb/N0=4.50dB | BLER=1.0000e+00 | BER=4.9547e-01 | Errors=100 | Frames=100 | AvgTime=662.78ms | AvgIter=50.0
  Eb/N0=4.75dB | BLER=1.0000e+00 | BER=4.9020e-01 | Errors=100 | Frames=100 | AvgTime=664.42ms | AvgIter=50.0
  Eb/N0=5.00dB | BLER=1.0000e+00 | BER=4.9137e-01 | Errors=100 | Frames=100 | AvgTime=665.91ms | AvgIter=50.0
  Eb/N0=5.25dB | BLER=1.0000e+00 | BER=4.9441e-01 | Errors=100 | Frames=100 | AvgTime=661.51ms | AvgIter=50.0

实验三完成。
