BP N=256 ...
  Eb/N0=1.00dB | BLER=4.6512e-01 | BER=1.4153e-01 | Errors=100 | Frames=215 | AvgTime=19.09ms | AvgIter=50.0
  Eb/N0=1.25dB | BLER=4.3668e-01 | BER=1.2947e-01 | Errors=100 | Frames=229 | AvgTime=19.15ms | AvgIter=50.0
  Eb/N0=1.50dB | BLER=2.3923e-01 | BER=6.2519e-02 | Errors=100 | Frames=418 | AvgTime=19.19ms | AvgIter=50.0
  Eb/N0=1.75dB | BLER=1.8382e-01 | BER=4.1217e-02 | Errors=100 | Frames=544 | AvgTime=19.18ms | AvgIter=50.0
  Eb/N0=2.00dB | BLER=9.9305e-02 | BER=2.0590e-02 | Errors=100 | Frames=1007 | AvgTime=19.18ms | AvgIter=50.0
  Eb/N0=2.25dB | BLER=5.9988e-02 | BER=9.4903e-03 | Errors=100 | Frames=1667 | AvgTime=19.17ms | AvgIter=50.0
  Eb/N0=2.50dB | BLER=3.4025e-02 | BER=6.1750e-03 | Errors=100 | Frames=2939 | AvgTime=19.18ms | AvgIter=50.0
  Eb/N0=2.75dB | BLER=1.8450e-02 | BER=2.7301e-03 | Errors=100 | Frames=5420 | AvgTime=19.18ms | AvgIter=50.0
  Eb/N0=3.00dB | BLER=7.0462e-03 | BER=8.4279e-04 | Errors=100 | Frames=14192 | AvgTime=19.18ms | AvgIter=50.0
  Eb/N0=3.25dB | BLER=4.7685e-03 | BER=5.5247e-04 | Errors=100 | Frames=20971 | AvgTime=19.17ms | AvgIter=50.0
  Eb/N0=3.50dB | BLER=2.5169e-03 | BER=2.6191e-04 | Errors=100 | Frames=39732 | AvgTime=19.20ms | AvgIter=50.0
  Eb/N0=3.75dB | BLER=1.2600e-03 | BER=1.2531e-04 | Errors=63 | Frames=50000 | AvgTime=19.21ms | AvgIter=50.0
  Eb/N0=4.00dB | BLER=5.8000e-04 | BER=6.0469e-05 | Errors=29 | Frames=50000 | AvgTime=19.20ms | AvgIter=50.0
  Eb/N0=4.25dB | BLER=2.6000e-04 | BER=2.2812e-05 | Errors=13 | Frames=50000 | AvgTime=19.18ms | AvgIter=50.0
  Eb/N0=4.50dB | BLER=2.2000e-04 | BER=1.3437e-05 | Errors=11 | Frames=50000 | AvgTime=19.17ms | AvgIter=50.0
  Eb/N0=4.75dB | BLER=1.2000e-04 | BER=8.2812e-06 | Errors=6 | Frames=50000 | AvgTime=19.18ms | AvgIter=50.0
  Eb/N0=5.00dB | BLER=6.0000e-05 | BER=2.8125e-06 | Errors=3 | Frames=50000 | AvgTime=19.19ms | AvgIter=50.0
  Eb/N0=5.25dB | BLER=6.0000e-05 | BER=2.0312e-06 | Errors=3 | Frames=50000 | AvgTime=19.20ms | AvgIter=50.0
SC N=512 ...
  Eb/N0=1.00dB | BLER=1.0000e+00 | BER=4.7738e-01 | Errors=100 | Frames=100 | AvgTime=161.77ms
  Eb/N0=1.25dB | BLER=1.0000e+00 | BER=4.8039e-01 | Errors=100 | Frames=100 | AvgTime=161.74ms
  Eb/N0=1.50dB | BLER=1.0000e+00 | BER=4.7937e-01 | Errors=100 | Frames=100 | AvgTime=161.55ms
  Eb/N0=1.75dB | BLER=1.0000e+00 | BER=4.7352e-01 | Errors=100 | Frames=100 | AvgTime=161.46ms
  Eb/N0=2.00dB | BLER=1.0000e+00 | BER=4.7152e-01 | Errors=100 | Frames=100 | AvgTime=161.75ms
  Eb/N0=2.25dB | BLER=1.0000e+00 | BER=4.6109e-01 | Errors=100 | Frames=100 | AvgTime=161.87ms
  Eb/N0=2.50dB | BLER=1.0000e+00 | BER=4.6105e-01 | Errors=100 | Frames=100 | AvgTime=161.30ms
  Eb/N0=2.75dB | BLER=1.0000e+00 | BER=4.5418e-01 | Errors=100 | Frames=100 | AvgTime=161.43ms
  Eb/N0=3.00dB | BLER=1.0000e+00 | BER=4.5504e-01 | Errors=100 | Frames=100 | AvgTime=161.43ms
  Eb/N0=3.25dB | BLER=9.9010e-01 | BER=4.3746e-01 | Errors=100 | Frames=101 | AvgTime=161.43ms
  Eb/N0=3.50dB | BLER=9.9010e-01 | BER=4.2516e-01 | Errors=100 | Frames=101 | AvgTime=161.49ms
  Eb/N0=3.75dB | BLER=9.9010e-01 | BER=3.9260e-01 | Errors=100 | Frames=101 | AvgTime=161.43ms
  Eb/N0=4.00dB | BLER=9.8039e-01 | BER=3.7665e-01 | Errors=100 | Frames=102 | AvgTime=161.44ms
  Eb/N0=4.25dB | BLER=9.7087e-01 | BER=3.7405e-01 | Errors=100 | Frames=103 | AvgTime=161.46ms
  Eb/N0=4.50dB | BLER=9.3458e-01 | BER=3.4871e-01 | Errors=100 | Frames=107 | AvgTime=161.93ms
  Eb/N0=4.75dB | BLER=8.6957e-01 | BER=2.8641e-01 | Errors=100 | Frames=115 | AvgTime=161.44ms
  Eb/N0=5.00dB | BLER=6.9444e-01 | BER=2.2553e-01 | Errors=100 | Frames=144 | AvgTime=161.41ms
  Eb/N0=5.25dB | BLER=5.6497e-01 | BER=1.8008e-01 | Errors=100 | Frames=177 | AvgTime=161.40ms
SCL N=512 ...
  Eb/N0=1.00dB | BLER=1.0000e+00 | BER=4.7465e-01 | Errors=100 | Frames=100 | AvgTime=643.84ms
  Eb/N0=1.25dB | BLER=1.0000e+00 | BER=4.7234e-01 | Errors=100 | Frames=100 | AvgTime=644.65ms
  Eb/N0=1.50dB | BLER=1.0000e+00 | BER=4.7219e-01 | Errors=100 | Frames=100 | AvgTime=646.38ms
  Eb/N0=1.75dB | BLER=1.0000e+00 | BER=4.5988e-01 | Errors=100 | Frames=100 | AvgTime=644.33ms
  Eb/N0=2.00dB | BLER=1.0000e+00 | BER=4.5895e-01 | Errors=100 | Frames=100 | AvgTime=643.92ms
  Eb/N0=2.25dB | BLER=1.0000e+00 | BER=4.5535e-01 | Errors=100 | Frames=100 | AvgTime=643.73ms
  Eb/N0=2.50dB | BLER=1.0000e+00 | BER=4.3957e-01 | Errors=100 | Frames=100 | AvgTime=643.24ms
  Eb/N0=2.75dB | BLER=9.9010e-01 | BER=4.3305e-01 | Errors=100 | Frames=101 | AvgTime=644.18ms
  Eb/N0=3.00dB | BLER=9.9010e-01 | BER=4.0594e-01 | Errors=100 | Frames=101 | AvgTime=644.97ms
  Eb/N0=3.25dB | BLER=9.9010e-01 | BER=3.7844e-01 | Errors=100 | Frames=101 | AvgTime=644.47ms
  Eb/N0=3.50dB | BLER=9.8039e-01 | BER=3.3487e-01 | Errors=100 | Frames=102 | AvgTime=644.18ms
  Eb/N0=3.75dB | BLER=9.4340e-01 | BER=3.3830e-01 | Errors=100 | Frames=106 | AvgTime=643.48ms
  Eb/N0=4.00dB | BLER=8.6957e-01 | BER=2.5554e-01 | Errors=100 | Frames=115 | AvgTime=645.50ms
  Eb/N0=4.25dB | BLER=8.1967e-01 | BER=2.4475e-01 | Errors=100 | Frames=122 | AvgTime=643.59ms
  Eb/N0=4.50dB | BLER=7.5758e-01 | BER=2.0070e-01 | Errors=100 | Frames=132 | AvgTime=644.71ms
  Eb/N0=4.75dB | BLER=5.2910e-01 | BER=1.2324e-01 | Errors=100 | Frames=189 | AvgTime=646.76ms
  Eb/N0=5.00dB | BLER=3.9062e-01 | BER=8.4427e-02 | Errors=100 | Frames=256 | AvgTime=644.89ms
  Eb/N0=5.25dB | BLER=2.3810e-01 | BER=4.4494e-02 | Errors=100 | Frames=420 | AvgTime=644.71ms
BP N=512 ...
  Eb/N0=1.00dB | BLER=5.9524e-01 | BER=1.8604e-01 | Errors=100 | Frames=168 | AvgTime=29.84ms | AvgIter=50.0
  Eb/N0=1.25dB | BLER=4.1322e-01 | BER=1.2179e-01 | Errors=100 | Frames=242 | AvgTime=29.80ms | AvgIter=50.0
  Eb/N0=1.50dB | BLER=3.1153e-01 | BER=6.6041e-02 | Errors=100 | Frames=321 | AvgTime=29.85ms | AvgIter=50.0
  Eb/N0=1.75dB | BLER=1.5314e-01 | BER=2.8397e-02 | Errors=100 | Frames=653 | AvgTime=29.79ms | AvgIter=50.0
  Eb/N0=2.00dB | BLER=9.0992e-02 | BER=1.5497e-02 | Errors=100 | Frames=1099 | AvgTime=29.83ms | AvgIter=50.0
  Eb/N0=2.25dB | BLER=4.2123e-02 | BER=6.2888e-03 | Errors=100 | Frames=2374 | AvgTime=29.76ms | AvgIter=50.0
  Eb/N0=2.50dB | BLER=1.7979e-02 | BER=1.8169e-03 | Errors=100 | Frames=5562 | AvgTime=29.83ms | AvgIter=50.0
  Eb/N0=2.75dB | BLER=8.9103e-03 | BER=8.8964e-04 | Errors=100 | Frames=11223 | AvgTime=29.79ms | AvgIter=50.0
  Eb/N0=3.00dB | BLER=4.5092e-03 | BER=4.3172e-04 | Errors=100 | Frames=22177 | AvgTime=29.86ms | AvgIter=50.0
  Eb/N0=3.25dB | BLER=2.3262e-03 | BER=2.6688e-04 | Errors=100 | Frames=42988 | AvgTime=29.86ms | AvgIter=50.0
  Eb/N0=3.50dB | BLER=9.2000e-04 | BER=8.7344e-05 | Errors=46 | Frames=50000 | AvgTime=29.84ms | AvgIter=50.0
  Eb/N0=3.75dB | BLER=5.4000e-04 | BER=4.0234e-05 | Errors=27 | Frames=50000 | AvgTime=29.84ms | AvgIter=50.0
  Eb/N0=4.00dB | BLER=2.0000e-04 | BER=1.3828e-05 | Errors=10 | Frames=50000 | AvgTime=29.97ms | AvgIter=50.0
  Eb/N0=4.25dB | BLER=4.0000e-05 | BER=2.3437e-06 | Errors=2 | Frames=50000 | AvgTime=30.00ms | AvgIter=50.0
  Eb/N0=4.50dB | BLER=4.0000e-05 | BER=9.3750e-07 | Errors=2 | Frames=50000 | AvgTime=30.08ms | AvgIter=50.0
  Eb/N0=4.75dB | BLER=0.0000e+00 | BER=0.0000e+00 | Errors=0 | Frames=50000 | AvgTime=30.01ms | AvgIter=50.0
  Eb/N0=5.00dB | BLER=2.0000e-05 | BER=2.3438e-07 | Errors=1 | Frames=50000 | AvgTime=30.03ms | AvgIter=50.0
  Eb/N0=5.25dB | BLER=0.0000e+00 | BER=0.0000e+00 | Errors=0 | Frames=50000 | AvgTime=29.96ms | AvgIter=50.0
实验三快速完成。
