运行 CA-SCL 仿真...
  Eb/N0=1.00dB | BLER=1.0000e+00 | BER=3.8871e-01 | Errors=50 | Frames=50 | AvgTime=85.24ms
  Eb/N0=1.25dB | BLER=1.0000e+00 | BER=3.7387e-01 | Errors=50 | Frames=50 | AvgTime=85.44ms
  Eb/N0=1.50dB | BLER=1.0000e+00 | BER=3.8702e-01 | Errors=50 | Frames=50 | AvgTime=85.62ms
  Eb/N0=1.75dB | BLER=1.0000e+00 | BER=3.5661e-01 | Errors=50 | Frames=50 | AvgTime=85.74ms
  Eb/N0=2.00dB | BLER=1.0000e+00 | BER=3.4532e-01 | Errors=50 | Frames=50 | AvgTime=85.72ms
  Eb/N0=2.25dB | BLER=1.0000e+00 | BER=3.3863e-01 | Errors=50 | Frames=50 | AvgTime=85.46ms
  Eb/N0=2.50dB | BLER=1.0000e+00 | BER=3.1879e-01 | Errors=50 | Frames=50 | AvgTime=85.69ms
  Eb/N0=2.75dB | BLER=1.0000e+00 | BER=3.1798e-01 | Errors=50 | Frames=50 | AvgTime=85.66ms
  Eb/N0=3.00dB | BLER=1.0000e+00 | BER=2.9339e-01 | Errors=50 | Frames=50 | AvgTime=85.60ms
  Eb/N0=3.25dB | BLER=9.6154e-01 | BER=2.2604e-01 | Errors=50 | Frames=52 | AvgTime=85.67ms
  Eb/N0=3.50dB | BLER=9.2593e-01 | BER=1.8526e-01 | Errors=50 | Frames=54 | AvgTime=85.78ms
  Eb/N0=3.75dB | BLER=9.6154e-01 | BER=2.1239e-01 | Errors=50 | Frames=52 | AvgTime=85.79ms
  Eb/N0=4.00dB | BLER=9.0909e-01 | BER=1.7353e-01 | Errors=50 | Frames=55 | AvgTime=85.73ms
  Eb/N0=4.25dB | BLER=8.7719e-01 | BER=1.8195e-01 | Errors=50 | Frames=57 | AvgTime=85.69ms
  Eb/N0=4.50dB | BLER=6.4103e-01 | BER=1.1233e-01 | Errors=50 | Frames=78 | AvgTime=85.75ms
  Eb/N0=4.75dB | BLER=4.8077e-01 | BER=8.8748e-02 | Errors=50 | Frames=104 | AvgTime=85.36ms
  Eb/N0=5.00dB | BLER=4.2735e-01 | BER=7.3787e-02 | Errors=50 | Frames=117 | AvgTime=85.70ms
  Eb/N0=5.25dB | BLER=3.8760e-01 | BER=7.9957e-02 | Errors=50 | Frames=129 | AvgTime=85.60ms
实验二完成。
实验三 SC: N=256
  Eb/N0=1.00dB | BLER=1.0000e+00 | BER=3.6062e-01 | Errors=50 | Frames=50 | AvgTime=4.41ms
  Eb/N0=1.25dB | BLER=1.0000e+00 | BER=3.2906e-01 | Errors=50 | Frames=50 | AvgTime=4.37ms
  Eb/N0=1.50dB | BLER=1.0000e+00 | BER=3.1062e-01 | Errors=50 | Frames=50 | AvgTime=4.37ms
  Eb/N0=1.75dB | BLER=1.0000e+00 | BER=3.0922e-01 | Errors=50 | Frames=50 | AvgTime=4.36ms
  Eb/N0=2.00dB | BLER=9.8039e-01 | BER=2.6180e-01 | Errors=50 | Frames=51 | AvgTime=4.36ms
  Eb/N0=2.25dB | BLER=1.0000e+00 | BER=3.0312e-01 | Errors=50 | Frames=50 | AvgTime=4.36ms
  Eb/N0=2.50dB | BLER=1.0000e+00 | BER=3.0328e-01 | Errors=50 | Frames=50 | AvgTime=4.36ms
  Eb/N0=2.75dB | BLER=1.0000e+00 | BER=2.8172e-01 | Errors=50 | Frames=50 | AvgTime=4.36ms
  Eb/N0=3.00dB | BLER=9.0909e-01 | BER=2.3821e-01 | Errors=50 | Frames=55 | AvgTime=4.36ms
  Eb/N0=3.25dB | BLER=9.4340e-01 | BER=2.3423e-01 | Errors=50 | Frames=53 | AvgTime=4.36ms
  Eb/N0=3.50dB | BLER=9.0909e-01 | BER=2.0483e-01 | Errors=50 | Frames=55 | AvgTime=4.36ms
  Eb/N0=3.75dB | BLER=8.0645e-01 | BER=1.7276e-01 | Errors=50 | Frames=62 | AvgTime=4.36ms
  Eb/N0=4.00dB | BLER=8.0645e-01 | BER=1.5814e-01 | Errors=50 | Frames=62 | AvgTime=4.36ms
  Eb/N0=4.25dB | BLER=7.5758e-01 | BER=1.2618e-01 | Errors=50 | Frames=66 | AvgTime=4.35ms
  Eb/N0=4.50dB | BLER=7.3529e-01 | BER=1.2443e-01 | Errors=50 | Frames=68 | AvgTime=4.38ms
  Eb/N0=4.75dB | BLER=5.8140e-01 | BER=8.8118e-02 | Errors=50 | Frames=86 | AvgTime=4.36ms
  Eb/N0=5.00dB | BLER=5.2083e-01 | BER=8.7158e-02 | Errors=50 | Frames=96 | AvgTime=4.36ms
  Eb/N0=5.25dB | BLER=4.1322e-01 | BER=5.9207e-02 | Errors=50 | Frames=121 | AvgTime=4.41ms
实验三 SCL: N=256
  Eb/N0=1.00dB | BLER=1.0000e+00 | BER=3.6062e-01 | Errors=50 | Frames=50 | AvgTime=18.07ms
  Eb/N0=1.25dB | BLER=1.0000e+00 | BER=3.2906e-01 | Errors=50 | Frames=50 | AvgTime=18.06ms
  Eb/N0=1.50dB | BLER=1.0000e+00 | BER=3.1062e-01 | Errors=50 | Frames=50 | AvgTime=18.06ms
  Eb/N0=1.75dB | BLER=1.0000e+00 | BER=3.0922e-01 | Errors=50 | Frames=50 | AvgTime=18.05ms
  Eb/N0=2.00dB | BLER=9.8039e-01 | BER=2.6180e-01 | Errors=50 | Frames=51 | AvgTime=18.24ms
  Eb/N0=2.25dB | BLER=1.0000e+00 | BER=3.0312e-01 | Errors=50 | Frames=50 | AvgTime=18.03ms
  Eb/N0=2.50dB | BLER=1.0000e+00 | BER=3.0328e-01 | Errors=50 | Frames=50 | AvgTime=18.03ms
  Eb/N0=2.75dB | BLER=1.0000e+00 | BER=2.8172e-01 | Errors=50 | Frames=50 | AvgTime=18.04ms
  Eb/N0=3.00dB | BLER=9.0909e-01 | BER=2.3821e-01 | Errors=50 | Frames=55 | AvgTime=18.03ms
  Eb/N0=3.25dB | BLER=9.4340e-01 | BER=2.3423e-01 | Errors=50 | Frames=53 | AvgTime=18.03ms
  Eb/N0=3.50dB | BLER=9.0909e-01 | BER=2.0483e-01 | Errors=50 | Frames=55 | AvgTime=18.07ms
  Eb/N0=3.75dB | BLER=8.0645e-01 | BER=1.7276e-01 | Errors=50 | Frames=62 | AvgTime=18.05ms
  Eb/N0=4.00dB | BLER=8.0645e-01 | BER=1.5814e-01 | Errors=50 | Frames=62 | AvgTime=18.08ms
  Eb/N0=4.25dB | BLER=7.5758e-01 | BER=1.2618e-01 | Errors=50 | Frames=66 | AvgTime=18.08ms
  Eb/N0=4.50dB | BLER=7.3529e-01 | BER=1.2443e-01 | Errors=50 | Frames=68 | AvgTime=18.07ms
  Eb/N0=4.75dB | BLER=5.8140e-01 | BER=8.8118e-02 | Errors=50 | Frames=86 | AvgTime=18.09ms
  Eb/N0=5.00dB | BLER=5.2083e-01 | BER=8.7158e-02 | Errors=50 | Frames=96 | AvgTime=18.07ms
  Eb/N0=5.25dB | BLER=4.1322e-01 | BER=5.9207e-02 | Errors=50 | Frames=121 | AvgTime=18.15ms
实验三 BP: N=256
  Eb/N0=1.00dB | BLER=1.0000e+00 | BER=4.9969e-01 | Errors=50 | Frames=50 | AvgTime=727.52ms | AvgIter=50.0
  Eb/N0=1.25dB | BLER=1.0000e+00 | BER=4.9359e-01 | Errors=50 | Frames=50 | AvgTime=723.11ms | AvgIter=50.0
  Eb/N0=1.50dB | BLER=1.0000e+00 | BER=4.9641e-01 | Errors=50 | Frames=50 | AvgTime=722.28ms | AvgIter=50.0
  Eb/N0=1.75dB | BLER=1.0000e+00 | BER=4.9766e-01 | Errors=50 | Frames=50 | AvgTime=732.15ms | AvgIter=50.0
