/workspace/polar_codes/utils.py:80: RuntimeWarning: overflow encountered in exp
  arg = -2.0 * snr * y
/workspace/polar_codes/utils.py:80: RuntimeWarning: invalid value encountered in scalar multiply
  arg = -2.0 * snr * y
/workspace/polar_codes/utils.py:82: IntegrationWarning: The occurrence of roundoff error is detected, which prevents 
  the requested tolerance from being achieved.  The error may be 
  underestimated.
  log_term = 0.0
All unit tests passed.

============================================================
SC 仿真: N=256, K=128, R=0.5
============================================================
  Eb/N0=0.00dB | BLER=1.0000e+00 | BER=4.8977e-01 | Errors=100 | Frames=100 | AvgTime=4.97ms
  Eb/N0=0.25dB | BLER=1.0000e+00 | BER=4.9000e-01 | Errors=100 | Frames=100 | AvgTime=4.97ms
  Eb/N0=0.50dB | BLER=1.0000e+00 | BER=4.8039e-01 | Errors=100 | Frames=100 | AvgTime=4.96ms
  Eb/N0=0.75dB | BLER=1.0000e+00 | BER=4.6773e-01 | Errors=100 | Frames=100 | AvgTime=4.96ms
  Eb/N0=1.00dB | BLER=1.0000e+00 | BER=4.6641e-01 | Errors=100 | Frames=100 | AvgTime=4.97ms
  Eb/N0=1.25dB | BLER=1.0000e+00 | BER=4.7789e-01 | Errors=100 | Frames=100 | AvgTime=4.97ms
  Eb/N0=1.50dB | BLER=1.0000e+00 | BER=4.7344e-01 | Errors=100 | Frames=100 | AvgTime=4.97ms
  Eb/N0=1.75dB | BLER=1.0000e+00 | BER=4.6516e-01 | Errors=100 | Frames=100 | AvgTime=4.97ms
  Eb/N0=2.00dB | BLER=1.0000e+00 | BER=4.5836e-01 | Errors=100 | Frames=100 | AvgTime=4.97ms
  Eb/N0=2.25dB | BLER=1.0000e+00 | BER=4.5617e-01 | Errors=100 | Frames=100 | AvgTime=4.97ms
  Eb/N0=2.50dB | BLER=1.0000e+00 | BER=4.6344e-01 | Errors=100 | Frames=100 | AvgTime=4.96ms
  Eb/N0=2.75dB | BLER=1.0000e+00 | BER=4.5008e-01 | Errors=100 | Frames=100 | AvgTime=4.94ms
  Eb/N0=3.00dB | BLER=1.0000e+00 | BER=4.4828e-01 | Errors=100 | Frames=100 | AvgTime=5.10ms
  Eb/N0=3.25dB | BLER=1.0000e+00 | BER=4.3609e-01 | Errors=100 | Frames=100 | AvgTime=4.94ms
  Eb/N0=3.50dB | BLER=1.0000e+00 | BER=4.4133e-01 | Errors=100 | Frames=100 | AvgTime=4.96ms
  Eb/N0=3.75dB | BLER=1.0000e+00 | BER=4.3008e-01 | Errors=100 | Frames=100 | AvgTime=4.96ms
  Eb/N0=4.00dB | BLER=1.0000e+00 | BER=4.2195e-01 | Errors=100 | Frames=100 | AvgTime=4.98ms
  Eb/N0=4.25dB | BLER=1.0000e+00 | BER=4.1883e-01 | Errors=100 | Frames=100 | AvgTime=4.94ms
  Eb/N0=4.50dB | BLER=1.0000e+00 | BER=4.1500e-01 | Errors=100 | Frames=100 | AvgTime=4.94ms
  Eb/N0=4.75dB | BLER=1.0000e+00 | BER=4.0133e-01 | Errors=100 | Frames=100 | AvgTime=5.26ms
  Eb/N0=5.00dB | BLER=1.0000e+00 | BER=4.0273e-01 | Errors=100 | Frames=100 | AvgTime=5.44ms
  Eb/N0=5.25dB | BLER=1.0000e+00 | BER=4.0836e-01 | Errors=100 | Frames=100 | AvgTime=4.96ms

============================================================
SC 仿真: N=512, K=256, R=0.5
============================================================
  Eb/N0=0.00dB | BLER=1.0000e+00 | BER=4.9043e-01 | Errors=100 | Frames=100 | AvgTime=11.18ms
  Eb/N0=0.25dB | BLER=1.0000e+00 | BER=4.9016e-01 | Errors=100 | Frames=100 | AvgTime=11.16ms
  Eb/N0=0.50dB | BLER=1.0000e+00 | BER=4.9316e-01 | Errors=100 | Frames=100 | AvgTime=11.13ms
  Eb/N0=0.75dB | BLER=1.0000e+00 | BER=4.8680e-01 | Errors=100 | Frames=100 | AvgTime=11.55ms
  Eb/N0=1.00dB | BLER=1.0000e+00 | BER=4.9031e-01 | Errors=100 | Frames=100 | AvgTime=11.45ms
  Eb/N0=1.25dB | BLER=1.0000e+00 | BER=4.9070e-01 | Errors=100 | Frames=100 | AvgTime=11.19ms
  Eb/N0=1.50dB | BLER=1.0000e+00 | BER=4.7941e-01 | Errors=100 | Frames=100 | AvgTime=11.17ms
  Eb/N0=1.75dB | BLER=1.0000e+00 | BER=4.8457e-01 | Errors=100 | Frames=100 | AvgTime=11.18ms
  Eb/N0=2.00dB | BLER=1.0000e+00 | BER=4.8402e-01 | Errors=100 | Frames=100 | AvgTime=11.20ms
  Eb/N0=2.25dB | BLER=1.0000e+00 | BER=4.7758e-01 | Errors=100 | Frames=100 | AvgTime=11.17ms
  Eb/N0=2.50dB | BLER=1.0000e+00 | BER=4.8465e-01 | Errors=100 | Frames=100 | AvgTime=11.17ms
  Eb/N0=2.75dB | BLER=1.0000e+00 | BER=4.8285e-01 | Errors=100 | Frames=100 | AvgTime=11.17ms
  Eb/N0=3.00dB | BLER=1.0000e+00 | BER=4.7152e-01 | Errors=100 | Frames=100 | AvgTime=11.17ms
  Eb/N0=3.25dB | BLER=1.0000e+00 | BER=4.7738e-01 | Errors=100 | Frames=100 | AvgTime=11.18ms
  Eb/N0=3.50dB | BLER=1.0000e+00 | BER=4.7129e-01 | Errors=100 | Frames=100 | AvgTime=11.18ms
  Eb/N0=3.75dB | BLER=1.0000e+00 | BER=4.7016e-01 | Errors=100 | Frames=100 | AvgTime=11.16ms
  Eb/N0=4.00dB | BLER=1.0000e+00 | BER=4.5625e-01 | Errors=100 | Frames=100 | AvgTime=11.17ms
  Eb/N0=4.25dB | BLER=1.0000e+00 | BER=4.5215e-01 | Errors=100 | Frames=100 | AvgTime=11.16ms
  Eb/N0=4.50dB | BLER=1.0000e+00 | BER=4.5270e-01 | Errors=100 | Frames=100 | AvgTime=11.16ms
  Eb/N0=4.75dB | BLER=1.0000e+00 | BER=4.5539e-01 | Errors=100 | Frames=100 | AvgTime=11.17ms
  Eb/N0=5.00dB | BLER=1.0000e+00 | BER=4.2969e-01 | Errors=100 | Frames=100 | AvgTime=11.16ms
  Eb/N0=5.25dB | BLER=1.0000e+00 | BER=4.3191e-01 | Errors=100 | Frames=100 | AvgTime=11.16ms

============================================================
SC 仿真: N=1024, K=512, R=0.5
============================================================
  Eb/N0=0.00dB | BLER=1.0000e+00 | BER=4.9762e-01 | Errors=100 | Frames=100 | AvgTime=24.77ms
  Eb/N0=0.25dB | BLER=1.0000e+00 | BER=4.9469e-01 | Errors=100 | Frames=100 | AvgTime=24.89ms
  Eb/N0=0.50dB | BLER=1.0000e+00 | BER=4.9770e-01 | Errors=100 | Frames=100 | AvgTime=25.03ms
  Eb/N0=0.75dB | BLER=1.0000e+00 | BER=4.9842e-01 | Errors=100 | Frames=100 | AvgTime=24.71ms
  Eb/N0=1.00dB | BLER=1.0000e+00 | BER=4.9455e-01 | Errors=100 | Frames=100 | AvgTime=24.72ms
  Eb/N0=1.25dB | BLER=1.0000e+00 | BER=4.9385e-01 | Errors=100 | Frames=100 | AvgTime=24.73ms
  Eb/N0=1.50dB | BLER=1.0000e+00 | BER=4.9189e-01 | Errors=100 | Frames=100 | AvgTime=24.71ms
  Eb/N0=1.75dB | BLER=1.0000e+00 | BER=4.9346e-01 | Errors=100 | Frames=100 | AvgTime=24.85ms
  Eb/N0=2.00dB | BLER=1.0000e+00 | BER=4.9510e-01 | Errors=100 | Frames=100 | AvgTime=24.70ms
  Eb/N0=2.25dB | BLER=1.0000e+00 | BER=4.9877e-01 | Errors=100 | Frames=100 | AvgTime=24.70ms
  Eb/N0=2.50dB | BLER=1.0000e+00 | BER=4.9244e-01 | Errors=100 | Frames=100 | AvgTime=24.70ms
  Eb/N0=2.75dB | BLER=1.0000e+00 | BER=4.9197e-01 | Errors=100 | Frames=100 | AvgTime=24.71ms
  Eb/N0=3.00dB | BLER=1.0000e+00 | BER=4.9199e-01 | Errors=100 | Frames=100 | AvgTime=24.77ms
  Eb/N0=3.25dB | BLER=1.0000e+00 | BER=4.8701e-01 | Errors=100 | Frames=100 | AvgTime=24.71ms
  Eb/N0=3.50dB | BLER=1.0000e+00 | BER=4.8785e-01 | Errors=100 | Frames=100 | AvgTime=24.69ms
  Eb/N0=3.75dB | BLER=1.0000e+00 | BER=4.8656e-01 | Errors=100 | Frames=100 | AvgTime=24.71ms
  Eb/N0=4.00dB | BLER=1.0000e+00 | BER=4.8406e-01 | Errors=100 | Frames=100 | AvgTime=24.71ms
  Eb/N0=4.25dB | BLER=1.0000e+00 | BER=4.7994e-01 | Errors=100 | Frames=100 | AvgTime=24.70ms
  Eb/N0=4.50dB | BLER=1.0000e+00 | BER=4.7467e-01 | Errors=100 | Frames=100 | AvgTime=24.71ms
  Eb/N0=4.75dB | BLER=1.0000e+00 | BER=4.8074e-01 | Errors=100 | Frames=100 | AvgTime=24.71ms
  Eb/N0=5.00dB | BLER=1.0000e+00 | BER=4.7104e-01 | Errors=100 | Frames=100 | AvgTime=24.71ms
  Eb/N0=5.25dB | BLER=1.0000e+00 | BER=4.6076e-01 | Errors=100 | Frames=100 | AvgTime=24.73ms

BPSK 信道容量限（R=0.5）: Eb/N0 = -5.000 dB

实验一完成。结果保存至 results/ 目录。
All unit tests passed.

SC 基线 (L=1)
  Eb/N0=1.00dB | BLER=1.0000e+00 | BER=4.9203e-01 | Errors=100 | Frames=100 | AvgTime=11.29ms
  Eb/N0=1.25dB | BLER=1.0000e+00 | BER=4.8418e-01 | Errors=100 | Frames=100 | AvgTime=11.31ms
  Eb/N0=1.50dB | BLER=1.0000e+00 | BER=4.8352e-01 | Errors=100 | Frames=100 | AvgTime=11.29ms
  Eb/N0=1.75dB | BLER=1.0000e+00 | BER=4.8203e-01 | Errors=100 | Frames=100 | AvgTime=11.28ms
  Eb/N0=2.00dB | BLER=1.0000e+00 | BER=4.7867e-01 | Errors=100 | Frames=100 | AvgTime=11.27ms
  Eb/N0=2.25dB | BLER=1.0000e+00 | BER=4.7996e-01 | Errors=100 | Frames=100 | AvgTime=11.42ms
  Eb/N0=2.50dB | BLER=1.0000e+00 | BER=4.7652e-01 | Errors=100 | Frames=100 | AvgTime=11.29ms
  Eb/N0=2.75dB | BLER=1.0000e+00 | BER=4.7867e-01 | Errors=100 | Frames=100 | AvgTime=11.31ms
  Eb/N0=3.00dB | BLER=1.0000e+00 | BER=4.7629e-01 | Errors=100 | Frames=100 | AvgTime=11.43ms
  Eb/N0=3.25dB | BLER=1.0000e+00 | BER=4.7145e-01 | Errors=100 | Frames=100 | AvgTime=11.31ms
  Eb/N0=3.50dB | BLER=1.0000e+00 | BER=4.6633e-01 | Errors=100 | Frames=100 | AvgTime=11.27ms
  Eb/N0=3.75dB | BLER=1.0000e+00 | BER=4.7063e-01 | Errors=100 | Frames=100 | AvgTime=11.26ms
  Eb/N0=4.00dB | BLER=1.0000e+00 | BER=4.6664e-01 | Errors=100 | Frames=100 | AvgTime=11.27ms
  Eb/N0=4.25dB | BLER=1.0000e+00 | BER=4.6465e-01 | Errors=100 | Frames=100 | AvgTime=11.29ms
  Eb/N0=4.50dB | BLER=1.0000e+00 | BER=4.4609e-01 | Errors=100 | Frames=100 | AvgTime=11.29ms
  Eb/N0=4.75dB | BLER=1.0000e+00 | BER=4.5586e-01 | Errors=100 | Frames=100 | AvgTime=11.32ms
  Eb/N0=5.00dB | BLER=1.0000e+00 | BER=4.4215e-01 | Errors=100 | Frames=100 | AvgTime=11.28ms
  Eb/N0=5.25dB | BLER=1.0000e+00 | BER=4.1363e-01 | Errors=100 | Frames=100 | AvgTime=11.32ms

SCL 仿真: N=512, K=256, L=2
  Eb/N0=1.00dB | BLER=1.0000e+00 | BER=4.8285e-01 | Errors=100 | Frames=100 | AvgTime=25.24ms
  Eb/N0=1.25dB | BLER=1.0000e+00 | BER=4.7813e-01 | Errors=100 | Frames=100 | AvgTime=25.20ms
  Eb/N0=1.50dB | BLER=1.0000e+00 | BER=4.8426e-01 | Errors=100 | Frames=100 | AvgTime=25.49ms
  Eb/N0=1.75dB | BLER=1.0000e+00 | BER=4.7375e-01 | Errors=100 | Frames=100 | AvgTime=25.21ms
  Eb/N0=2.00dB | BLER=1.0000e+00 | BER=4.7770e-01 | Errors=100 | Frames=100 | AvgTime=25.30ms
  Eb/N0=2.25dB | BLER=1.0000e+00 | BER=4.7867e-01 | Errors=100 | Frames=100 | AvgTime=25.24ms
  Eb/N0=2.50dB | BLER=1.0000e+00 | BER=4.6762e-01 | Errors=100 | Frames=100 | AvgTime=25.25ms
  Eb/N0=2.75dB | BLER=1.0000e+00 | BER=4.6191e-01 | Errors=100 | Frames=100 | AvgTime=25.36ms
  Eb/N0=3.00dB | BLER=1.0000e+00 | BER=4.7141e-01 | Errors=100 | Frames=100 | AvgTime=25.41ms
  Eb/N0=3.25dB | BLER=1.0000e+00 | BER=4.5660e-01 | Errors=100 | Frames=100 | AvgTime=25.34ms
  Eb/N0=3.50dB | BLER=1.0000e+00 | BER=4.5004e-01 | Errors=100 | Frames=100 | AvgTime=25.35ms
  Eb/N0=3.75dB | BLER=1.0000e+00 | BER=4.5098e-01 | Errors=100 | Frames=100 | AvgTime=25.38ms
  Eb/N0=4.00dB | BLER=1.0000e+00 | BER=4.4789e-01 | Errors=100 | Frames=100 | AvgTime=25.36ms
  Eb/N0=4.25dB | BLER=1.0000e+00 | BER=4.3676e-01 | Errors=100 | Frames=100 | AvgTime=25.37ms
  Eb/N0=4.50dB | BLER=1.0000e+00 | BER=4.2961e-01 | Errors=100 | Frames=100 | AvgTime=25.36ms
  Eb/N0=4.75dB | BLER=1.0000e+00 | BER=4.1746e-01 | Errors=100 | Frames=100 | AvgTime=26.28ms
  Eb/N0=5.00dB | BLER=1.0000e+00 | BER=4.0754e-01 | Errors=100 | Frames=100 | AvgTime=25.34ms
  Eb/N0=5.25dB | BLER=1.0000e+00 | BER=3.8574e-01 | Errors=100 | Frames=100 | AvgTime=25.36ms

SCL 仿真: N=512, K=256, L=4
  Eb/N0=1.00dB | BLER=1.0000e+00 | BER=4.7844e-01 | Errors=100 | Frames=100 | AvgTime=48.35ms
  Eb/N0=1.25dB | BLER=1.0000e+00 | BER=4.7453e-01 | Errors=100 | Frames=100 | AvgTime=48.31ms
  Eb/N0=1.50dB | BLER=1.0000e+00 | BER=4.6145e-01 | Errors=100 | Frames=100 | AvgTime=48.33ms
  Eb/N0=1.75dB | BLER=1.0000e+00 | BER=4.6387e-01 | Errors=100 | Frames=100 | AvgTime=48.31ms
  Eb/N0=2.00dB | BLER=1.0000e+00 | BER=4.6316e-01 | Errors=100 | Frames=100 | AvgTime=48.41ms
  Eb/N0=2.25dB | BLER=1.0000e+00 | BER=4.5699e-01 | Errors=100 | Frames=100 | AvgTime=48.39ms
  Eb/N0=2.50dB | BLER=1.0000e+00 | BER=4.4738e-01 | Errors=100 | Frames=100 | AvgTime=48.34ms
  Eb/N0=2.75dB | BLER=1.0000e+00 | BER=4.4957e-01 | Errors=100 | Frames=100 | AvgTime=48.98ms
  Eb/N0=3.00dB | BLER=1.0000e+00 | BER=4.3504e-01 | Errors=100 | Frames=100 | AvgTime=48.27ms
  Eb/N0=3.25dB | BLER=1.0000e+00 | BER=4.3504e-01 | Errors=100 | Frames=100 | AvgTime=48.24ms
  Eb/N0=3.50dB | BLER=1.0000e+00 | BER=4.2363e-01 | Errors=100 | Frames=100 | AvgTime=48.31ms
  Eb/N0=3.75dB | BLER=1.0000e+00 | BER=4.1066e-01 | Errors=100 | Frames=100 | AvgTime=48.58ms
  Eb/N0=4.00dB | BLER=1.0000e+00 | BER=4.0336e-01 | Errors=100 | Frames=100 | AvgTime=48.80ms
  Eb/N0=4.25dB | BLER=1.0000e+00 | BER=4.0750e-01 | Errors=100 | Frames=100 | AvgTime=48.83ms
  Eb/N0=4.50dB | BLER=1.0000e+00 | BER=3.8031e-01 | Errors=100 | Frames=100 | AvgTime=48.76ms
  Eb/N0=4.75dB | BLER=1.0000e+00 | BER=3.5563e-01 | Errors=100 | Frames=100 | AvgTime=48.74ms
  Eb/N0=5.00dB | BLER=1.0000e+00 | BER=3.4258e-01 | Errors=100 | Frames=100 | AvgTime=49.07ms
  Eb/N0=5.25dB | BLER=1.0000e+00 | BER=3.0906e-01 | Errors=100 | Frames=100 | AvgTime=48.76ms

SCL 仿真: N=512, K=256, L=8
  Eb/N0=1.00dB | BLER=1.0000e+00 | BER=4.6441e-01 | Errors=100 | Frames=100 | AvgTime=100.61ms
  Eb/N0=1.25dB | BLER=1.0000e+00 | BER=4.6301e-01 | Errors=100 | Frames=100 | AvgTime=99.96ms
  Eb/N0=1.50dB | BLER=1.0000e+00 | BER=4.5891e-01 | Errors=100 | Frames=100 | AvgTime=99.73ms
  Eb/N0=1.75dB | BLER=1.0000e+00 | BER=4.4645e-01 | Errors=100 | Frames=100 | AvgTime=99.44ms
  Eb/N0=2.00dB | BLER=1.0000e+00 | BER=4.4207e-01 | Errors=100 | Frames=100 | AvgTime=98.89ms
  Eb/N0=2.25dB | BLER=1.0000e+00 | BER=4.2047e-01 | Errors=100 | Frames=100 | AvgTime=98.84ms
  Eb/N0=2.50dB | BLER=1.0000e+00 | BER=4.4164e-01 | Errors=100 | Frames=100 | AvgTime=98.29ms
  Eb/N0=2.75dB | BLER=1.0000e+00 | BER=4.2496e-01 | Errors=100 | Frames=100 | AvgTime=98.32ms
  Eb/N0=3.00dB | BLER=1.0000e+00 | BER=4.1254e-01 | Errors=100 | Frames=100 | AvgTime=98.65ms
  Eb/N0=3.25dB | BLER=1.0000e+00 | BER=4.1512e-01 | Errors=100 | Frames=100 | AvgTime=99.37ms
  Eb/N0=3.50dB | BLER=1.0000e+00 | BER=3.8234e-01 | Errors=100 | Frames=100 | AvgTime=98.79ms
  Eb/N0=3.75dB | BLER=1.0000e+00 | BER=3.9492e-01 | Errors=100 | Frames=100 | AvgTime=98.59ms
  Eb/N0=4.00dB | BLER=1.0000e+00 | BER=3.6688e-01 | Errors=100 | Frames=100 | AvgTime=98.43ms
  Eb/N0=4.25dB | BLER=1.0000e+00 | BER=3.4602e-01 | Errors=100 | Frames=100 | AvgTime=98.16ms
  Eb/N0=4.50dB | BLER=1.0000e+00 | BER=3.3590e-01 | Errors=100 | Frames=100 | AvgTime=97.96ms
  Eb/N0=4.75dB | BLER=9.9010e-01 | BER=3.0175e-01 | Errors=100 | Frames=101 | AvgTime=98.95ms
  Eb/N0=5.00dB | BLER=1.0000e+00 | BER=3.1230e-01 | Errors=100 | Frames=100 | AvgTime=99.14ms
  Eb/N0=5.25dB | BLER=1.0000e+00 | BER=2.4516e-01 | Errors=100 | Frames=100 | AvgTime=100.03ms

CA-SCL 仿真: N=512, K=256, L=8, CRC=8
  Eb/N0=1.00dB | BLER=1.0000e+00 | BER=4.8810e-01 | Errors=100 | Frames=100 | AvgTime=100.37ms
  Eb/N0=1.25dB | BLER=1.0000e+00 | BER=4.7601e-01 | Errors=100 | Frames=100 | AvgTime=99.48ms
  Eb/N0=1.50dB | BLER=1.0000e+00 | BER=4.6387e-01 | Errors=100 | Frames=100 | AvgTime=98.27ms
  Eb/N0=1.75dB | BLER=1.0000e+00 | BER=4.6246e-01 | Errors=100 | Frames=100 | AvgTime=98.82ms
  Eb/N0=2.00dB | BLER=1.0000e+00 | BER=4.5786e-01 | Errors=100 | Frames=100 | AvgTime=99.21ms
  Eb/N0=2.25dB | BLER=1.0000e+00 | BER=4.5048e-01 | Errors=100 | Frames=100 | AvgTime=99.35ms
  Eb/N0=2.50dB | BLER=1.0000e+00 | BER=4.5681e-01 | Errors=100 | Frames=100 | AvgTime=99.22ms
  Eb/N0=2.75dB | BLER=1.0000e+00 | BER=4.3391e-01 | Errors=100 | Frames=100 | AvgTime=99.35ms
  Eb/N0=3.00dB | BLER=1.0000e+00 | BER=4.1831e-01 | Errors=100 | Frames=100 | AvgTime=99.06ms
  Eb/N0=3.25dB | BLER=1.0000e+00 | BER=4.0698e-01 | Errors=100 | Frames=100 | AvgTime=99.20ms
  Eb/N0=3.50dB | BLER=1.0000e+00 | BER=3.8782e-01 | Errors=100 | Frames=100 | AvgTime=99.37ms
  Eb/N0=3.75dB | BLER=1.0000e+00 | BER=3.9262e-01 | Errors=100 | Frames=100 | AvgTime=99.43ms
  Eb/N0=4.00dB | BLER=1.0000e+00 | BER=3.8028e-01 | Errors=100 | Frames=100 | AvgTime=98.93ms
  Eb/N0=4.25dB | BLER=1.0000e+00 | BER=3.5460e-01 | Errors=100 | Frames=100 | AvgTime=99.26ms/workspace/polar_codes/utils.py:84: RuntimeWarning: overflow encountered in exp
  py = 0.5 * (p0 + p1)
/workspace/polar_codes/utils.py:85: RuntimeWarning: invalid value encountered in scalar multiply
  mi = 0.0
/workspace/polar_codes/utils.py:87: IntegrationWarning: The occurrence of roundoff error is detected, which prevents 
  the requested tolerance from being achieved.  The error may be 
  underestimated.
  valid = (cond > 1e-300) & (py > 1e-300)

  Eb/N0=4.50dB | BLER=1.0000e+00 | BER=3.4609e-01 | Errors=100 | Frames=100 | AvgTime=99.14ms
  Eb/N0=4.75dB | BLER=1.0000e+00 | BER=3.4867e-01 | Errors=100 | Frames=100 | AvgTime=99.15ms
  Eb/N0=5.00dB | BLER=1.0000e+00 | BER=3.0363e-01 | Errors=100 | Frames=100 | AvgTime=99.65ms
  Eb/N0=5.25dB | BLER=1.0000e+00 | BER=2.4750e-01 | Errors=100 | Frames=100 | AvgTime=99.32ms

实验二完成。
All unit tests passed.

============================================================
Exp3 SC N=256
============================================================
  Eb/N0=1.00dB | BLER=1.0000e+00 | BER=4.7367e-01 | Errors=100 | Frames=100 | AvgTime=5.01ms
  Eb/N0=1.25dB | BLER=1.0000e+00 | BER=4.6305e-01 | Errors=100 | Frames=100 | AvgTime=5.19ms
  Eb/N0=1.50dB | BLER=1.0000e+00 | BER=4.6906e-01 | Errors=100 | Frames=100 | AvgTime=5.01ms
  Eb/N0=1.75dB | BLER=1.0000e+00 | BER=4.6734e-01 | Errors=100 | Frames=100 | AvgTime=5.01ms
  Eb/N0=2.00dB | BLER=1.0000e+00 | BER=4.7055e-01 | Errors=100 | Frames=100 | AvgTime=5.01ms
  Eb/N0=2.25dB | BLER=1.0000e+00 | BER=4.6156e-01 | Errors=100 | Frames=100 | AvgTime=5.01ms
  Eb/N0=2.50dB | BLER=1.0000e+00 | BER=4.4844e-01 | Errors=100 | Frames=100 | AvgTime=5.01ms
  Eb/N0=2.75dB | BLER=1.0000e+00 | BER=4.5859e-01 | Errors=100 | Frames=100 | AvgTime=5.01ms
  Eb/N0=3.00dB | BLER=1.0000e+00 | BER=4.4727e-01 | Errors=100 | Frames=100 | AvgTime=5.01ms
  Eb/N0=3.25dB | BLER=1.0000e+00 | BER=4.3484e-01 | Errors=100 | Frames=100 | AvgTime=5.00ms
  Eb/N0=3.50dB | BLER=1.0000e+00 | BER=4.4922e-01 | Errors=100 | Frames=100 | AvgTime=5.00ms
  Eb/N0=3.75dB | BLER=1.0000e+00 | BER=4.2664e-01 | Errors=100 | Frames=100 | AvgTime=5.01ms
  Eb/N0=4.00dB | BLER=1.0000e+00 | BER=4.1703e-01 | Errors=100 | Frames=100 | AvgTime=5.01ms
  Eb/N0=4.25dB | BLER=1.0000e+00 | BER=4.2195e-01 | Errors=100 | Frames=100 | AvgTime=5.01ms
  Eb/N0=4.50dB | BLER=1.0000e+00 | BER=3.8828e-01 | Errors=100 | Frames=100 | AvgTime=5.01ms
  Eb/N0=4.75dB | BLER=1.0000e+00 | BER=3.9813e-01 | Errors=100 | Frames=100 | AvgTime=5.01ms
  Eb/N0=5.00dB | BLER=1.0000e+00 | BER=3.8609e-01 | Errors=100 | Frames=100 | AvgTime=5.01ms
  Eb/N0=5.25dB | BLER=1.0000e+00 | BER=3.7453e-01 | Errors=100 | Frames=100 | AvgTime=5.01ms

Exp3 SCL N=256
  Eb/N0=1.00dB | BLER=1.0000e+00 | BER=4.4547e-01 | Errors=100 | Frames=100 | AvgTime=20.25ms
  Eb/N0=1.25dB | BLER=1.0000e+00 | BER=4.4266e-01 | Errors=100 | Frames=100 | AvgTime=20.26ms
  Eb/N0=1.50dB | BLER=1.0000e+00 | BER=4.4375e-01 | Errors=100 | Frames=100 | AvgTime=20.26ms
  Eb/N0=1.75dB | BLER=1.0000e+00 | BER=4.3688e-01 | Errors=100 | Frames=100 | AvgTime=20.26ms
  Eb/N0=2.00dB | BLER=1.0000e+00 | BER=4.2961e-01 | Errors=100 | Frames=100 | AvgTime=20.27ms
  Eb/N0=2.25dB | BLER=1.0000e+00 | BER=4.2125e-01 | Errors=100 | Frames=100 | AvgTime=20.27ms
  Eb/N0=2.50dB | BLER=1.0000e+00 | BER=3.8211e-01 | Errors=100 | Frames=100 | AvgTime=20.51ms
  Eb/N0=2.75dB | BLER=1.0000e+00 | BER=3.8234e-01 | Errors=100 | Frames=100 | AvgTime=20.31ms
  Eb/N0=3.00dB | BLER=1.0000e+00 | BER=3.8750e-01 | Errors=100 | Frames=100 | AvgTime=20.32ms
  Eb/N0=3.25dB | BLER=1.0000e+00 | BER=3.7953e-01 | Errors=100 | Frames=100 | AvgTime=20.31ms
  Eb/N0=3.50dB | BLER=1.0000e+00 | BER=3.6023e-01 | Errors=100 | Frames=100 | AvgTime=20.31ms
  Eb/N0=3.75dB | BLER=1.0000e+00 | BER=3.4148e-01 | Errors=100 | Frames=100 | AvgTime=20.30ms
  Eb/N0=4.00dB | BLER=1.0000e+00 | BER=3.0383e-01 | Errors=100 | Frames=100 | AvgTime=20.26ms
  Eb/N0=4.25dB | BLER=9.9010e-01 | BER=2.9425e-01 | Errors=100 | Frames=101 | AvgTime=20.27ms
  Eb/N0=4.50dB | BLER=9.9010e-01 | BER=2.9649e-01 | Errors=100 | Frames=101 | AvgTime=20.33ms
  Eb/N0=4.75dB | BLER=9.7087e-01 | BER=2.6654e-01 | Errors=100 | Frames=103 | AvgTime=20.26ms
  Eb/N0=5.00dB | BLER=9.8039e-01 | BER=2.6294e-01 | Errors=100 | Frames=102 | AvgTime=20.24ms
  Eb/N0=5.25dB | BLER=9.0090e-01 | BER=2.0256e-01 | Errors=100 | Frames=111 | AvgTime=20.26ms

Exp3 BP N=256
  Eb/N0=1.00dB | BLER=1.0000e+00 | BER=4.8063e-01 | Errors=100 | Frames=100 | AvgTime=879.56ms | AvgIter=50.0
  Eb/N0=1.25dB | BLER=1.0000e+00 | BER=4.8695e-01 | Errors=100 | Frames=100 | AvgTime=879.19ms | AvgIter=50.0
  Eb/N0=1.50dB | BLER=1.0000e+00 | BER=4.7383e-01 | Errors=100 | Frames=100 | AvgTime=878.68ms | AvgIter=50.0
  Eb/N0=1.75dB | BLER=1.0000e+00 | BER=4.8844e-01 | Errors=100 | Frames=100 | AvgTime=878.29ms | AvgIter=50.0
  Eb/N0=2.00dB | BLER=1.0000e+00 | BER=4.8383e-01 | Errors=100 | Frames=100 | AvgTime=879.54ms | AvgIter=50.0
  Eb/N0=2.25dB | BLER=1.0000e+00 | BER=4.7984e-01 | Errors=100 | Frames=100 | AvgTime=878.75ms | AvgIter=50.0
  Eb/N0=2.50dB | BLER=1.0000e+00 | BER=4.9125e-01 | Errors=100 | Frames=100 | AvgTime=878.11ms | AvgIter=50.0
  Eb/N0=2.75dB | BLER=1.0000e+00 | BER=4.8781e-01 | Errors=100 | Frames=100 | AvgTime=878.22ms | AvgIter=50.0
  Eb/N0=3.00dB | BLER=1.0000e+00 | BER=4.8633e-01 | Errors=100 | Frames=100 | AvgTime=879.54ms | AvgIter=50.0
  Eb/N0=3.25dB | BLER=1.0000e+00 | BER=4.6945e-01 | Errors=100 | Frames=100 | AvgTime=879.41ms | AvgIter=50.0
  Eb/N0=3.50dB | BLER=1.0000e+00 | BER=4.8008e-01 | Errors=100 | Frames=100 | AvgTime=878.37ms | AvgIter=50.0
  Eb/N0=3.75dB | BLER=1.0000e+00 | BER=4.8617e-01 | Errors=100 | Frames=100 | AvgTime=878.07ms | AvgIter=50.0
  Eb/N0=4.00dB | BLER=1.0000e+00 | BER=4.7375e-01 | Errors=100 | Frames=100 | AvgTime=878.02ms | AvgIter=50.0
  Eb/N0=4.25dB | BLER=1.0000e+00 | BER=4.8039e-01 | Errors=100 | Frames=100 | AvgTime=877.75ms | AvgIter=50.0
  Eb/N0=4.50dB | BLER=1.0000e+00 | BER=4.7172e-01 | Errors=100 | Frames=100 | AvgTime=878.39ms | AvgIter=50.0
  Eb/N0=4.75dB | BLER=1.0000e+00 | BER=4.6703e-01 | Errors=100 | Frames=100 | AvgTime=879.58ms | AvgIter=50.0
  Eb/N0=5.00dB | BLER=1.0000e+00 | BER=4.7820e-01 | Errors=100 | Frames=100 | AvgTime=878.19ms | AvgIter=50.0
  Eb/N0=5.25dB | BLER=1.0000e+00 | BER=4.7742e-01 | Errors=100 | Frames=100 | AvgTime=879.49ms | AvgIter=50.0

============================================================
Exp3 SC N=512
============================================================
  Eb/N0=1.00dB | BLER=1.0000e+00 | BER=4.9203e-01 | Errors=100 | Frames=100 | AvgTime=11.61ms
  Eb/N0=1.25dB | BLER=1.0000e+00 | BER=4.8418e-01 | Errors=100 | Frames=100 | AvgTime=11.37ms
  Eb/N0=1.50dB | BLER=1.0000e+00 | BER=4.8352e-01 | Errors=100 | Frames=100 | AvgTime=11.36ms
  Eb/N0=1.75dB | BLER=1.0000e+00 | BER=4.8203e-01 | Errors=100 | Frames=100 | AvgTime=11.35ms
  Eb/N0=2.00dB | BLER=1.0000e+00 | BER=4.7867e-01 | Errors=100 | Frames=100 | AvgTime=11.33ms
  Eb/N0=2.25dB | BLER=1.0000e+00 | BER=4.7996e-01 | Errors=100 | Frames=100 | AvgTime=11.34ms
  Eb/N0=2.50dB | BLER=1.0000e+00 | BER=4.7652e-01 | Errors=100 | Frames=100 | AvgTime=11.35ms
  Eb/N0=2.75dB | BLER=1.0000e+00 | BER=4.7867e-01 | Errors=100 | Frames=100 | AvgTime=11.34ms
  Eb/N0=3.00dB | BLER=1.0000e+00 | BER=4.7629e-01 | Errors=100 | Frames=100 | AvgTime=11.33ms
  Eb/N0=3.25dB | BLER=1.0000e+00 | BER=4.7145e-01 | Errors=100 | Frames=100 | AvgTime=11.33ms
  Eb/N0=3.50dB | BLER=1.0000e+00 | BER=4.6633e-01 | Errors=100 | Frames=100 | AvgTime=11.32ms
  Eb/N0=3.75dB | BLER=1.0000e+00 | BER=4.7063e-01 | Errors=100 | Frames=100 | AvgTime=11.41ms
  Eb/N0=4.00dB | BLER=1.0000e+00 | BER=4.6664e-01 | Errors=100 | Frames=100 | AvgTime=11.42ms
  Eb/N0=4.25dB | BLER=1.0000e+00 | BER=4.6465e-01 | Errors=100 | Frames=100 | AvgTime=11.31ms
  Eb/N0=4.50dB | BLER=1.0000e+00 | BER=4.4609e-01 | Errors=100 | Frames=100 | AvgTime=11.32ms
  Eb/N0=4.75dB | BLER=1.0000e+00 | BER=4.5586e-01 | Errors=100 | Frames=100 | AvgTime=11.33ms
  Eb/N0=5.00dB | BLER=1.0000e+00 | BER=4.4215e-01 | Errors=100 | Frames=100 | AvgTime=11.32ms
  Eb/N0=5.25dB | BLER=1.0000e+00 | BER=4.1363e-01 | Errors=100 | Frames=100 | AvgTime=11.32ms

Exp3 SCL N=512
  Eb/N0=1.00dB | BLER=1.0000e+00 | BER=4.7844e-01 | Errors=100 | Frames=100 | AvgTime=48.76ms
  Eb/N0=1.25dB | BLER=1.0000e+00 | BER=4.7453e-01 | Errors=100 | Frames=100 | AvgTime=48.77ms
  Eb/N0=1.50dB | BLER=1.0000e+00 | BER=4.6145e-01 | Errors=100 | Frames=100 | AvgTime=49.10ms
  Eb/N0=1.75dB | BLER=1.0000e+00 | BER=4.6387e-01 | Errors=100 | Frames=100 | AvgTime=48.78ms
  Eb/N0=2.00dB | BLER=1.0000e+00 | BER=4.6316e-01 | Errors=100 | Frames=100 | AvgTime=48.76ms
  Eb/N0=2.25dB | BLER=1.0000e+00 | BER=4.5699e-01 | Errors=100 | Frames=100 | AvgTime=49.33ms
  Eb/N0=2.50dB | BLER=1.0000e+00 | BER=4.4738e-01 | Errors=100 | Frames=100 | AvgTime=48.97ms
  Eb/N0=2.75dB | BLER=1.0000e+00 | BER=4.4957e-01 | Errors=100 | Frames=100 | AvgTime=48.83ms
  Eb/N0=3.00dB | BLER=1.0000e+00 | BER=4.3504e-01 | Errors=100 | Frames=100 | AvgTime=48.81ms
  Eb/N0=3.25dB | BLER=1.0000e+00 | BER=4.3504e-01 | Errors=100 | Frames=100 | AvgTime=48.78ms
  Eb/N0=3.50dB | BLER=1.0000e+00 | BER=4.2363e-01 | Errors=100 | Frames=100 | AvgTime=48.92ms
  Eb/N0=3.75dB | BLER=1.0000e+00 | BER=4.1066e-01 | Errors=100 | Frames=100 | AvgTime=48.78ms
  Eb/N0=4.00dB | BLER=1.0000e+00 | BER=4.0336e-01 | Errors=100 | Frames=100 | AvgTime=48.83ms
  Eb/N0=4.25dB | BLER=1.0000e+00 | BER=4.0750e-01 | Errors=100 | Frames=100 | AvgTime=49.21ms
  Eb/N0=4.50dB | BLER=1.0000e+00 | BER=3.8031e-01 | Errors=100 | Frames=100 | AvgTime=49.46ms
  Eb/N0=4.75dB | BLER=1.0000e+00 | BER=3.5563e-01 | Errors=100 | Frames=100 | AvgTime=48.86ms
  Eb/N0=5.00dB | BLER=1.0000e+00 | BER=3.4258e-01 | Errors=100 | Frames=100 | AvgTime=48.76ms
  Eb/N0=5.25dB | BLER=1.0000e+00 | BER=3.0906e-01 | Errors=100 | Frames=100 | AvgTime=48.77ms

Exp3 BP N=512
  Eb/N0=1.00dB | BLER=1.0000e+00 | BER=4.9273e-01 | Errors=100 | Frames=100 | AvgTime=1982.93ms | AvgIter=50.0
  Eb/N0=1.25dB | BLER=1.0000e+00 | BER=4.9676e-01 | Errors=100 | Frames=100 | AvgTime=1981.69ms | AvgIter=50.0
  Eb/N0=1.50dB | BLER=1.0000e+00 | BER=4.8668e-01 | Errors=100 | Frames=100 | AvgTime=1982.09ms | AvgIter=50.0
  Eb/N0=1.75dB | BLER=1.0000e+00 | BER=4.9371e-01 | Errors=100 | Frames=100 | AvgTime=1981.30ms | AvgIter=50.0
  Eb/N0=2.00dB | BLER=1.0000e+00 | BER=4.9629e-01 | Errors=100 | Frames=100 | AvgTime=1981.17ms | AvgIter=50.0
  Eb/N0=2.25dB | BLER=1.0000e+00 | BER=4.8914e-01 | Errors=100 | Frames=100 | AvgTime=1983.18ms | AvgIter=50.0
  Eb/N0=2.50dB | BLER=1.0000e+00 | BER=5.0223e-01 | Errors=100 | Frames=100 | AvgTime=1985.33ms | AvgIter=50.0
  Eb/N0=2.75dB | BLER=1.0000e+00 | BER=4.9145e-01 | Errors=100 | Frames=100 | AvgTime=1989.71ms | AvgIter=50.0
  Eb/N0=3.00dB | BLER=1.0000e+00 | BER=4.9148e-01 | Errors=100 | Frames=100 | AvgTime=1989.14ms | AvgIter=50.0
  Eb/N0=3.25dB | BLER=1.0000e+00 | BER=4.9414e-01 | Errors=100 | Frames=100 | AvgTime=1984.62ms | AvgIter=50.0
  Eb/N0=3.50dB | BLER=1.0000e+00 | BER=4.9176e-01 | Errors=100 | Frames=100 | AvgTime=1980.51ms | AvgIter=50.0
  Eb/N0=3.75dB | BLER=1.0000e+00 | BER=4.9562e-01 | Errors=100 | Frames=100 | AvgTime=1980.17ms | AvgIter=50.0
  Eb/N0=4.00dB | BLER=1.0000e+00 | BER=4.8934e-01 | Errors=100 | Frames=100 | AvgTime=1981.24ms | AvgIter=50.0
  Eb/N0=4.25dB | BLER=1.0000e+00 | BER=4.9645e-01 | Errors=100 | Frames=100 | AvgTime=1978.03ms | AvgIter=50.0
  Eb/N0=4.50dB | BLER=1.0000e+00 | BER=4.9176e-01 | Errors=100 | Frames=100 | AvgTime=1987.97ms | AvgIter=50.0
  Eb/N0=4.75dB | BLER=1.0000e+00 | BER=4.8617e-01 | Errors=100 | Frames=100 | AvgTime=1985.44ms | AvgIter=50.0
  Eb/N0=5.00dB | BLER=1.0000e+00 | BER=4.8688e-01 | Errors=100 | Frames=100 | AvgTime=1988.31ms | AvgIter=50.0
  Eb/N0=5.25dB | BLER=1.0000e+00 | BER=4.8629e-01 | Errors=100 | Frames=100 | AvgTime=1985.48ms | AvgIter=50.0

实验三完成。
EXIT:0
