  Eb/N0=1.00dB | BLER=5.2083e-01 | BER=1.6447e-01 | Errors=50 | Frames=96 | AvgTime=2.51ms
  Eb/N0=1.50dB | BLER=2.7322e-01 | BER=7.7399e-02 | Errors=50 | Frames=183 | AvgTime=2.50ms
  Eb/N0=2.00dB | BLER=1.3661e-01 | BER=3.1912e-02 | Errors=50 | Frames=366 | AvgTime=2.51ms
  Eb/N0=2.50dB | BLER=4.5331e-02 | BER=1.0993e-02 | Errors=50 | Frames=1103 | AvgTime=2.50ms
  Eb/N0=3.00dB | BLER=1.2276e-02 | BER=2.2500e-03 | Errors=50 | Frames=4073 | AvgTime=2.50ms
  Eb/N0=3.50dB | BLER=2.4000e-03 | BER=5.1250e-04 | Errors=12 | Frames=5000 | AvgTime=2.50ms
  Eb/N0=4.00dB | BLER=8.0000e-04 | BER=6.2500e-05 | Errors=4 | Frames=5000 | AvgTime=2.50ms
  Eb/N0=4.50dB | BLER=2.0000e-04 | BER=5.0000e-05 | Errors=1 | Frames=5000 | AvgTime=2.50ms
  Eb/N0=5.00dB | BLER=2.0000e-04 | BER=1.2500e-05 | Errors=1 | Frames=5000 | AvgTime=2.51ms
  Eb/N0=1.00dB | BLER=6.1728e-01 | BER=1.9444e-01 | Errors=50 | Frames=81 | AvgTime=5.67ms
  Eb/N0=1.50dB | BLER=3.2051e-01 | BER=7.8425e-02 | Errors=50 | Frames=156 | AvgTime=5.69ms
  Eb/N0=2.00dB | BLER=1.0799e-01 | BER=2.4779e-02 | Errors=50 | Frames=463 | AvgTime=5.76ms
  Eb/N0=2.50dB | BLER=2.7189e-02 | BER=5.4526e-03 | Errors=50 | Frames=1839 | AvgTime=5.75ms
  Eb/N0=3.00dB | BLER=6.8000e-03 | BER=1.1117e-03 | Errors=34 | Frames=5000 | AvgTime=5.71ms
  Eb/N0=3.50dB | BLER=6.0000e-04 | BER=3.5937e-05 | Errors=3 | Frames=5000 | AvgTime=5.71ms
  Eb/N0=4.00dB | BLER=2.0000e-04 | BER=3.1250e-06 | Errors=1 | Frames=5000 | AvgTime=5.77ms
  Eb/N0=4.50dB | BLER=0.0000e+00 | BER=0.0000e+00 | Errors=0 | Frames=5000 | AvgTime=5.72ms
  Eb/N0=5.00dB | BLER=0.0000e+00 | BER=0.0000e+00 | Errors=0 | Frames=5000 | AvgTime=5.71ms
/workspace/polar_codes/utils.py:70: RuntimeWarning: overflow encountered in exp
  return np.log2(1.0 + np.exp(-2.0 * snr * y)) * np.exp(-(y ** 2) / 2.0)
/workspace/polar_codes/utils.py:70: RuntimeWarning: invalid value encountered in scalar multiply
  return np.log2(1.0 + np.exp(-2.0 * snr * y)) * np.exp(-(y ** 2) / 2.0)
/workspace/polar_codes/utils.py:72: IntegrationWarning: The occurrence of roundoff error is detected, which prevents 
  the requested tolerance from being achieved.  The error may be 
  underestimated.
  val, _ = integrate.quad(integrand, -np.inf, np.inf)
exp1 quick done
  Eb/N0=1.00dB | BLER=6.1728e-01 | BER=1.9444e-01 | Errors=50 | Frames=81 | AvgTime=5.68ms
  Eb/N0=1.50dB | BLER=3.2051e-01 | BER=7.8425e-02 | Errors=50 | Frames=156 | AvgTime=5.69ms
  Eb/N0=2.00dB | BLER=1.0799e-01 | BER=2.4779e-02 | Errors=50 | Frames=463 | AvgTime=5.69ms
  Eb/N0=2.50dB | BLER=2.7189e-02 | BER=5.4526e-03 | Errors=50 | Frames=1839 | AvgTime=5.68ms
  Eb/N0=3.00dB | BLER=6.8000e-03 | BER=1.1117e-03 | Errors=34 | Frames=5000 | AvgTime=5.69ms
  Eb/N0=3.50dB | BLER=6.0000e-04 | BER=3.5937e-05 | Errors=3 | Frames=5000 | AvgTime=5.68ms
  Eb/N0=4.00dB | BLER=2.0000e-04 | BER=3.1250e-06 | Errors=1 | Frames=5000 | AvgTime=5.68ms
  Eb/N0=4.50dB | BLER=0.0000e+00 | BER=0.0000e+00 | Errors=0 | Frames=5000 | AvgTime=5.68ms
  Eb/N0=5.00dB | BLER=0.0000e+00 | BER=0.0000e+00 | Errors=0 | Frames=5000 | AvgTime=5.68ms
  Eb/N0=1.00dB | BLER=4.0323e-01 | BER=1.1621e-01 | Errors=50 | Frames=124 | AvgTime=15.20ms
  Eb/N0=1.50dB | BLER=1.4451e-01 | BER=3.4987e-02 | Errors=50 | Frames=346 | AvgTime=15.18ms
  Eb/N0=2.00dB | BLER=3.5411e-02 | BER=5.8234e-03 | Errors=50 | Frames=1412 | AvgTime=15.21ms
  Eb/N0=2.50dB | BLER=5.0000e-03 | BER=8.9531e-04 | Errors=25 | Frames=5000 | AvgTime=15.22ms
  Eb/N0=3.00dB | BLER=8.0000e-04 | BER=1.3984e-04 | Errors=4 | Frames=5000 | AvgTime=15.27ms
  Eb/N0=3.50dB | BLER=0.0000e+00 | BER=0.0000e+00 | Errors=0 | Frames=5000 | AvgTime=15.22ms
  Eb/N0=4.00dB | BLER=0.0000e+00 | BER=0.0000e+00 | Errors=0 | Frames=5000 | AvgTime=15.22ms
  Eb/N0=4.50dB | BLER=0.0000e+00 | BER=0.0000e+00 | Errors=0 | Frames=5000 | AvgTime=15.24ms
  Eb/N0=5.00dB | BLER=0.0000e+00 | BER=0.0000e+00 | Errors=0 | Frames=5000 | AvgTime=15.23ms
  Eb/N0=1.00dB | BLER=3.0120e-01 | BER=8.0596e-02 | Errors=50 | Frames=166 | AvgTime=28.05ms
  Eb/N0=1.50dB | BLER=8.6655e-02 | BER=1.8110e-02 | Errors=50 | Frames=577 | AvgTime=28.07ms
  Eb/N0=2.00dB | BLER=1.9305e-02 | BER=3.0149e-03 | Errors=50 | Frames=2590 | AvgTime=28.10ms
  Eb/N0=2.50dB | BLER=4.2000e-03 | BER=6.8125e-04 | Errors=21 | Frames=5000 | AvgTime=28.08ms
  Eb/N0=3.00dB | BLER=0.0000e+00 | BER=0.0000e+00 | Errors=0 | Frames=5000 | AvgTime=28.15ms
  Eb/N0=3.50dB | BLER=0.0000e+00 | BER=0.0000e+00 | Errors=0 | Frames=5000 | AvgTime=28.04ms
  Eb/N0=4.00dB | BLER=0.0000e+00 | BER=0.0000e+00 | Errors=0 | Frames=5000 | AvgTime=28.04ms
  Eb/N0=4.50dB | BLER=0.0000e+00 | BER=0.0000e+00 | Errors=0 | Frames=5000 | AvgTime=28.04ms
  Eb/N0=5.00dB | BLER=0.0000e+00 | BER=0.0000e+00 | Errors=0 | Frames=5000 | AvgTime=28.10ms
  Eb/N0=1.00dB | BLER=2.4631e-01 | BER=6.1345e-02 | Errors=50 | Frames=203 | AvgTime=53.99ms
  Eb/N0=1.50dB | BLER=6.9638e-02 | BER=1.2480e-02 | Errors=50 | Frames=718 | AvgTime=54.03ms
  Eb/N0=2.00dB | BLER=1.6938e-02 | BER=2.4890e-03 | Errors=50 | Frames=2952 | AvgTime=54.10ms
  Eb/N0=2.50dB | BLER=3.8000e-03 | BER=4.9219e-04 | Errors=19 | Frames=5000 | AvgTime=54.04ms
  Eb/N0=3.00dB | BLER=0.0000e+00 | BER=0.0000e+00 | Errors=0 | Frames=5000 | AvgTime=53.93ms
  Eb/N0=3.50dB | BLER=0.0000e+00 | BER=0.0000e+00 | Errors=0 | Frames=5000 | AvgTime=54.00ms
  Eb/N0=4.00dB | BLER=0.0000e+00 | BER=0.0000e+00 | Errors=0 | Frames=5000 | AvgTime=54.14ms
