
SCL 仿真: N=512, K=256, L=8
  Eb/N0=1.00dB | BLER=1.0000e+00 | BER=4.7672e-01 | Errors=50 | Frames=50 | AvgTime=65.45ms
  Eb/N0=1.25dB | BLER=1.0000e+00 | BER=4.7164e-01 | Errors=50 | Frames=50 | AvgTime=65.28ms
  Eb/N0=1.50dB | BLER=1.0000e+00 | BER=4.5758e-01 | Errors=50 | Frames=50 | AvgTime=65.33ms
  Eb/N0=1.75dB | BLER=1.0000e+00 | BER=4.6961e-01 | Errors=50 | Frames=50 | AvgTime=65.42ms
  Eb/N0=2.00dB | BLER=1.0000e+00 | BER=4.4586e-01 | Errors=50 | Frames=50 | AvgTime=65.23ms
  Eb/N0=2.25dB | BLER=1.0000e+00 | BER=4.6578e-01 | Errors=50 | Frames=50 | AvgTime=65.13ms
  Eb/N0=2.50dB | BLER=9.8039e-01 | BER=4.1651e-01 | Errors=50 | Frames=51 | AvgTime=65.15ms
  Eb/N0=2.75dB | BLER=1.0000e+00 | BER=4.1555e-01 | Errors=50 | Frames=50 | AvgTime=65.16ms
  Eb/N0=3.00dB | BLER=1.0000e+00 | BER=3.5352e-01 | Errors=50 | Frames=50 | AvgTime=65.14ms
  Eb/N0=3.25dB | BLER=9.4340e-01 | BER=3.4404e-01 | Errors=50 | Frames=53 | AvgTime=65.16ms
  Eb/N0=3.50dB | BLER=9.8039e-01 | BER=3.3027e-01 | Errors=50 | Frames=51 | AvgTime=65.08ms
  Eb/N0=3.75dB | BLER=8.4746e-01 | BER=2.7648e-01 | Errors=50 | Frames=59 | AvgTime=65.25ms
  Eb/N0=4.00dB | BLER=8.7719e-01 | BER=2.7029e-01 | Errors=50 | Frames=57 | AvgTime=65.01ms
  Eb/N0=4.25dB | BLER=6.9444e-01 | BER=1.5533e-01 | Errors=50 | Frames=72 | AvgTime=65.12ms
  Eb/N0=4.50dB | BLER=5.7471e-01 | BER=1.3308e-01 | Errors=50 | Frames=87 | AvgTime=65.05ms
  Eb/N0=4.75dB | BLER=4.6296e-01 | BER=1.0109e-01 | Errors=50 | Frames=108 | AvgTime=65.04ms
  Eb/N0=5.00dB | BLER=2.7174e-01 | BER=4.5835e-02 | Errors=50 | Frames=184 | AvgTime=65.06ms
  Eb/N0=5.25dB | BLER=1.6026e-01 | BER=2.8057e-02 | Errors=50 | Frames=312 | AvgTime=65.03ms

CA-SCL 仿真: N=512, K=256, L=8, CRC=8
  Eb/N0=1.00dB | BLER=1.0000e+00 | BER=4.8976e-01 | Errors=50 | Frames=50 | AvgTime=66.40ms
  Eb/N0=1.25dB | BLER=1.0000e+00 | BER=4.7556e-01 | Errors=50 | Frames=50 | AvgTime=66.50ms
  Eb/N0=1.50dB | BLER=1.0000e+00 | BER=4.6726e-01 | Errors=50 | Frames=50 | AvgTime=66.86ms
  Eb/N0=1.75dB | BLER=1.0000e+00 | BER=4.7347e-01 | Errors=50 | Frames=50 | AvgTime=66.92ms
  Eb/N0=2.00dB | BLER=1.0000e+00 | BER=4.4565e-01 | Errors=50 | Frames=50 | AvgTime=66.82ms
  Eb/N0=2.25dB | BLER=1.0000e+00 | BER=4.5726e-01 | Errors=50 | Frames=50 | AvgTime=66.87ms
  Eb/N0=2.50dB | BLER=1.0000e+00 | BER=4.4718e-01 | Errors=50 | Frames=50 | AvgTime=66.43ms
  Eb/N0=2.75dB | BLER=1.0000e+00 | BER=4.3177e-01 | Errors=50 | Frames=50 | AvgTime=66.36ms
  Eb/N0=3.00dB | BLER=9.8039e-01 | BER=3.8259e-01 | Errors=50 | Frames=51 | AvgTime=66.30ms
  Eb/N0=3.25dB | BLER=9.8039e-01 | BER=3.6259e-01 | Errors=50 | Frames=51 | AvgTime=66.27ms
  Eb/N0=3.50dB | BLER=9.6154e-01 | BER=3.2212e-01 | Errors=50 | Frames=52 | AvgTime=66.29ms
  Eb/N0=3.75dB | BLER=9.2593e-01 | BER=2.4709e-01 | Errors=50 | Frames=54 | AvgTime=66.35ms
  Eb/N0=4.00dB | BLER=8.9286e-01 | BER=2.6454e-01 | Errors=50 | Frames=56 | AvgTime=66.41ms
  Eb/N0=4.25dB | BLER=8.1967e-01 | BER=2.1219e-01 | Errors=50 | Frames=61 | AvgTime=66.35ms
  Eb/N0=4.50dB | BLER=5.8140e-01 | BER=1.2936e-01 | Errors=50 | Frames=86 | AvgTime=66.40ms
  Eb/N0=4.75dB | BLER=3.7037e-01 | BER=8.3453e-02 | Errors=50 | Frames=135 | AvgTime=66.37ms
  Eb/N0=5.00dB | BLER=3.1447e-01 | BER=7.4686e-02 | Errors=50 | Frames=159 | AvgTime=66.50ms
  Eb/N0=5.25dB | BLER=2.2727e-01 | BER=4.3695e-02 | Errors=50 | Frames=220 | AvgTime=66.40ms

实验三 N=256: SC
  Eb/N0=1.00dB | BLER=1.0000e+00 | BER=4.6109e-01 | Errors=50 | Frames=50 | AvgTime=2.65ms
  Eb/N0=1.25dB | BLER=1.0000e+00 | BER=4.1359e-01 | Errors=50 | Frames=50 | AvgTime=2.65ms
  Eb/N0=1.50dB | BLER=1.0000e+00 | BER=4.5531e-01 | Errors=50 | Frames=50 | AvgTime=2.66ms
  Eb/N0=1.75dB | BLER=1.0000e+00 | BER=4.3734e-01 | Errors=50 | Frames=50 | AvgTime=2.67ms
  Eb/N0=2.00dB | BLER=1.0000e+00 | BER=4.4438e-01 | Errors=50 | Frames=50 | AvgTime=2.69ms
  Eb/N0=2.25dB | BLER=1.0000e+00 | BER=4.2375e-01 | Errors=50 | Frames=50 | AvgTime=2.70ms
  Eb/N0=2.50dB | BLER=1.0000e+00 | BER=4.5188e-01 | Errors=50 | Frames=50 | AvgTime=2.69ms
  Eb/N0=2.75dB | BLER=9.4340e-01 | BER=3.5790e-01 | Errors=50 | Frames=53 | AvgTime=2.65ms
  Eb/N0=3.00dB | BLER=9.6154e-01 | BER=3.3594e-01 | Errors=50 | Frames=52 | AvgTime=2.65ms
  Eb/N0=3.25dB | BLER=9.0909e-01 | BER=3.2855e-01 | Errors=50 | Frames=55 | AvgTime=2.65ms
  Eb/N0=3.50dB | BLER=8.6207e-01 | BER=2.8112e-01 | Errors=50 | Frames=58 | AvgTime=2.65ms
  Eb/N0=3.75dB | BLER=8.3333e-01 | BER=2.7370e-01 | Errors=50 | Frames=60 | AvgTime=2.65ms
  Eb/N0=4.00dB | BLER=8.4746e-01 | BER=2.2974e-01 | Errors=50 | Frames=59 | AvgTime=2.68ms
  Eb/N0=4.25dB | BLER=8.1967e-01 | BER=2.0710e-01 | Errors=50 | Frames=61 | AvgTime=2.68ms
  Eb/N0=4.50dB | BLER=6.9444e-01 | BER=1.6743e-01 | Errors=50 | Frames=72 | AvgTime=2.68ms
  Eb/N0=4.75dB | BLER=6.8493e-01 | BER=1.3303e-01 | Errors=50 | Frames=73 | AvgTime=2.67ms
  Eb/N0=5.00dB | BLER=6.1728e-01 | BER=1.1391e-01 | Errors=50 | Frames=81 | AvgTime=2.65ms
  Eb/N0=5.25dB | BLER=5.1020e-01 | BER=9.0721e-02 | Errors=50 | Frames=98 | AvgTime=2.64ms

实验三 N=256: SCL L=4
  Eb/N0=1.00dB | BLER=1.0000e+00 | BER=4.2750e-01 | Errors=50 | Frames=50 | AvgTime=13.24ms
  Eb/N0=1.25dB | BLER=1.0000e+00 | BER=4.1422e-01 | Errors=50 | Frames=50 | AvgTime=13.26ms
  Eb/N0=1.50dB | BLER=9.8039e-01 | BER=3.9308e-01 | Errors=50 | Frames=51 | AvgTime=13.24ms
  Eb/N0=1.75dB | BLER=9.8039e-01 | BER=3.7316e-01 | Errors=50 | Frames=51 | AvgTime=13.22ms
  Eb/N0=2.00dB | BLER=9.6154e-01 | BER=3.5697e-01 | Errors=50 | Frames=52 | AvgTime=13.19ms
  Eb/N0=2.25dB | BLER=9.6154e-01 | BER=3.8296e-01 | Errors=50 | Frames=52 | AvgTime=13.18ms
  Eb/N0=2.50dB | BLER=8.6207e-01 | BER=3.4119e-01 | Errors=50 | Frames=58 | AvgTime=13.14ms
  Eb/N0=2.75dB | BLER=8.1967e-01 | BER=2.5858e-01 | Errors=50 | Frames=61 | AvgTime=13.13ms
  Eb/N0=3.00dB | BLER=8.0645e-01 | BER=2.4496e-01 | Errors=50 | Frames=62 | AvgTime=13.13ms
  Eb/N0=3.25dB | BLER=6.4935e-01 | BER=1.9115e-01 | Errors=50 | Frames=77 | AvgTime=13.16ms
  Eb/N0=3.50dB | BLER=5.5556e-01 | BER=1.4219e-01 | Errors=50 | Frames=90 | AvgTime=13.12ms
  Eb/N0=3.75dB | BLER=5.1546e-01 | BER=1.1276e-01 | Errors=50 | Frames=97 | AvgTime=13.12ms
  Eb/N0=4.00dB | BLER=3.5714e-01 | BER=7.9576e-02 | Errors=50 | Frames=140 | AvgTime=13.11ms
  Eb/N0=4.25dB | BLER=3.0675e-01 | BER=6.2164e-02 | Errors=50 | Frames=163 | AvgTime=13.10ms
  Eb/N0=4.50dB | BLER=2.7174e-01 | BER=5.1333e-02 | Errors=50 | Frames=184 | AvgTime=13.11ms
  Eb/N0=4.75dB | BLER=1.2346e-01 | BER=1.7168e-02 | Errors=50 | Frames=405 | AvgTime=13.12ms
  Eb/N0=5.00dB | BLER=1.2346e-01 | BER=1.5490e-02 | Errors=50 | Frames=405 | AvgTime=13.12ms
  Eb/N0=5.25dB | BLER=4.2992e-02 | BER=5.1524e-03 | Errors=50 | Frames=1163 | AvgTime=13.12ms

实验三 N=256: BP
  Eb/N0=1.00dB | BLER=1.0000e+00 | BER=5.0547e-01 | Errors=50 | Frames=50 | AvgTime=88.01ms | AvgIter=50.0
  Eb/N0=1.25dB | BLER=1.0000e+00 | BER=4.9391e-01 | Errors=50 | Frames=50 | AvgTime=88.02ms | AvgIter=50.0
  Eb/N0=1.50dB | BLER=1.0000e+00 | BER=4.9781e-01 | Errors=50 | Frames=50 | AvgTime=87.95ms | AvgIter=50.0
  Eb/N0=1.75dB | BLER=1.0000e+00 | BER=4.9625e-01 | Errors=50 | Frames=50 | AvgTime=88.01ms | AvgIter=50.0
  Eb/N0=2.00dB | BLER=1.0000e+00 | BER=5.0672e-01 | Errors=50 | Frames=50 | AvgTime=88.04ms | AvgIter=50.0
  Eb/N0=2.25dB | BLER=1.0000e+00 | BER=5.0687e-01 | Errors=50 | Frames=50 | AvgTime=88.13ms | AvgIter=50.0
  Eb/N0=2.50dB | BLER=1.0000e+00 | BER=5.0422e-01 | Errors=50 | Frames=50 | AvgTime=88.11ms | AvgIter=50.0
  Eb/N0=2.75dB | BLER=1.0000e+00 | BER=4.8875e-01 | Errors=50 | Frames=50 | AvgTime=88.02ms | AvgIter=50.0
  Eb/N0=3.00dB | BLER=1.0000e+00 | BER=5.0125e-01 | Errors=50 | Frames=50 | AvgTime=87.97ms | AvgIter=50.0
  Eb/N0=3.25dB | BLER=1.0000e+00 | BER=5.0203e-01 | Errors=50 | Frames=50 | AvgTime=88.04ms | AvgIter=50.0
  Eb/N0=3.50dB | BLER=1.0000e+00 | BER=4.8891e-01 | Errors=50 | Frames=50 | AvgTime=88.07ms | AvgIter=50.0
  Eb/N0=3.75dB | BLER=1.0000e+00 | BER=5.0125e-01 | Errors=50 | Frames=50 | AvgTime=88.06ms | AvgIter=50.0
  Eb/N0=4.00dB | BLER=1.0000e+00 | BER=5.0578e-01 | Errors=50 | Frames=50 | AvgTime=88.10ms | AvgIter=50.0
  Eb/N0=4.25dB | BLER=1.0000e+00 | BER=5.0469e-01 | Errors=50 | Frames=50 | AvgTime=88.06ms | AvgIter=50.0
  Eb/N0=4.50dB | BLER=1.0000e+00 | BER=4.9938e-01 | Errors=50 | Frames=50 | AvgTime=88.06ms | AvgIter=50.0
  Eb/N0=4.75dB | BLER=1.0000e+00 | BER=4.9750e-01 | Errors=50 | Frames=50 | AvgTime=88.10ms | AvgIter=50.0
  Eb/N0=5.00dB | BLER=1.0000e+00 | BER=5.0156e-01 | Errors=50 | Frames=50 | AvgTime=88.08ms | AvgIter=50.0
  Eb/N0=5.25dB | BLER=1.0000e+00 | BER=5.0562e-01 | Errors=50 | Frames=50 | AvgTime=88.20ms | AvgIter=50.0

实验三 N=512: SC
  Eb/N0=1.00dB | BLER=1.0000e+00 | BER=4.9023e-01 | Errors=50 | Frames=50 | AvgTime=5.96ms
  Eb/N0=1.25dB | BLER=1.0000e+00 | BER=4.9789e-01 | Errors=50 | Frames=50 | AvgTime=5.95ms
  Eb/N0=1.50dB | BLER=1.0000e+00 | BER=4.8164e-01 | Errors=50 | Frames=50 | AvgTime=5.97ms
  Eb/N0=1.75dB | BLER=1.0000e+00 | BER=4.7617e-01 | Errors=50 | Frames=50 | AvgTime=5.97ms
  Eb/N0=2.00dB | BLER=1.0000e+00 | BER=4.7305e-01 | Errors=50 | Frames=50 | AvgTime=5.96ms
  Eb/N0=2.25dB | BLER=1.0000e+00 | BER=4.7852e-01 | Errors=50 | Frames=50 | AvgTime=5.98ms
  Eb/N0=2.50dB | BLER=1.0000e+00 | BER=4.6672e-01 | Errors=50 | Frames=50 | AvgTime=5.96ms
  Eb/N0=2.75dB | BLER=1.0000e+00 | BER=4.4945e-01 | Errors=50 | Frames=50 | AvgTime=5.96ms
  Eb/N0=3.00dB | BLER=1.0000e+00 | BER=4.5570e-01 | Errors=50 | Frames=50 | AvgTime=5.97ms
  Eb/N0=3.25dB | BLER=1.0000e+00 | BER=4.6328e-01 | Errors=50 | Frames=50 | AvgTime=5.97ms
  Eb/N0=3.50dB | BLER=1.0000e+00 | BER=4.5133e-01 | Errors=50 | Frames=50 | AvgTime=5.95ms
  Eb/N0=3.75dB | BLER=1.0000e+00 | BER=4.0766e-01 | Errors=50 | Frames=50 | AvgTime=5.97ms
  Eb/N0=4.00dB | BLER=1.0000e+00 | BER=4.0328e-01 | Errors=50 | Frames=50 | AvgTime=5.98ms
  Eb/N0=4.25dB | BLER=9.0909e-01 | BER=3.5703e-01 | Errors=50 | Frames=55 | AvgTime=5.98ms
  Eb/N0=4.50dB | BLER=8.9286e-01 | BER=3.1390e-01 | Errors=50 | Frames=56 | AvgTime=5.99ms
  Eb/N0=4.75dB | BLER=8.3333e-01 | BER=2.9121e-01 | Errors=50 | Frames=60 | AvgTime=5.97ms
  Eb/N0=5.00dB | BLER=6.9444e-01 | BER=2.1967e-01 | Errors=50 | Frames=72 | AvgTime=5.95ms
  Eb/N0=5.25dB | BLER=6.4103e-01 | BER=2.2246e-01 | Errors=50 | Frames=78 | AvgTime=5.98ms

实验三 N=512: SCL L=4
  Eb/N0=1.00dB | BLER=1.0000e+00 | BER=4.8930e-01 | Errors=50 | Frames=50 | AvgTime=31.67ms
  Eb/N0=1.25dB | BLER=1.0000e+00 | BER=4.8656e-01 | Errors=50 | Frames=50 | AvgTime=31.71ms
  Eb/N0=1.50dB | BLER=1.0000e+00 | BER=4.6102e-01 | Errors=50 | Frames=50 | AvgTime=31.71ms
  Eb/N0=1.75dB | BLER=1.0000e+00 | BER=4.6711e-01 | Errors=50 | Frames=50 | AvgTime=31.66ms
  Eb/N0=2.00dB | BLER=1.0000e+00 | BER=4.5203e-01 | Errors=50 | Frames=50 | AvgTime=31.64ms
  Eb/N0=2.25dB | BLER=1.0000e+00 | BER=4.4781e-01 | Errors=50 | Frames=50 | AvgTime=31.67ms
  Eb/N0=2.50dB | BLER=9.8039e-01 | BER=4.2831e-01 | Errors=50 | Frames=51 | AvgTime=31.69ms
  Eb/N0=2.75dB | BLER=1.0000e+00 | BER=4.3953e-01 | Errors=50 | Frames=50 | AvgTime=31.66ms
  Eb/N0=3.00dB | BLER=1.0000e+00 | BER=4.0055e-01 | Errors=50 | Frames=50 | AvgTime=31.65ms
  Eb/N0=3.25dB | BLER=9.6154e-01 | BER=3.9115e-01 | Errors=50 | Frames=52 | AvgTime=31.75ms
  Eb/N0=3.50dB | BLER=9.8039e-01 | BER=3.7171e-01 | Errors=50 | Frames=51 | AvgTime=31.74ms
  Eb/N0=3.75dB | BLER=9.2593e-01 | BER=3.1453e-01 | Errors=50 | Frames=54 | AvgTime=31.71ms
  Eb/N0=4.00dB | BLER=9.6154e-01 | BER=3.2520e-01 | Errors=50 | Frames=52 | AvgTime=31.85ms
  Eb/N0=4.25dB | BLER=7.9365e-01 | BER=2.2328e-01 | Errors=50 | Frames=63 | AvgTime=31.71ms
  Eb/N0=4.50dB | BLER=6.4103e-01 | BER=1.5340e-01 | Errors=50 | Frames=78 | AvgTime=31.81ms
  Eb/N0=4.75dB | BLER=5.2632e-01 | BER=1.4272e-01 | Errors=50 | Frames=95 | AvgTime=31.73ms
  Eb/N0=5.00dB | BLER=4.9505e-01 | BER=1.0195e-01 | Errors=50 | Frames=101 | AvgTime=31.66ms
  Eb/N0=5.25dB | BLER=2.2624e-01 | BER=4.7034e-02 | Errors=50 | Frames=221 | AvgTime=31.66ms

实验三 N=512: BP
  Eb/N0=1.00dB | BLER=1.0000e+00 | BER=4.8750e-01 | Errors=50 | Frames=50 | AvgTime=176.85ms | AvgIter=50.0
  Eb/N0=1.25dB | BLER=1.0000e+00 | BER=4.9617e-01 | Errors=50 | Frames=50 | AvgTime=176.77ms | AvgIter=50.0
  Eb/N0=1.50dB | BLER=1.0000e+00 | BER=5.0180e-01 | Errors=50 | Frames=50 | AvgTime=176.75ms | AvgIter=50.0
  Eb/N0=1.75dB | BLER=1.0000e+00 | BER=4.9672e-01 | Errors=50 | Frames=50 | AvgTime=176.84ms | AvgIter=50.0
  Eb/N0=2.00dB | BLER=1.0000e+00 | BER=5.0234e-01 | Errors=50 | Frames=50 | AvgTime=177.07ms | AvgIter=50.0
  Eb/N0=2.25dB | BLER=1.0000e+00 | BER=4.9555e-01 | Errors=50 | Frames=50 | AvgTime=176.84ms | AvgIter=50.0
  Eb/N0=2.50dB | BLER=1.0000e+00 | BER=5.0469e-01 | Errors=50 | Frames=50 | AvgTime=177.03ms | AvgIter=50.0
  Eb/N0=2.75dB | BLER=1.0000e+00 | BER=5.0008e-01 | Errors=50 | Frames=50 | AvgTime=176.97ms | AvgIter=50.0
  Eb/N0=3.00dB | BLER=1.0000e+00 | BER=5.0227e-01 | Errors=50 | Frames=50 | AvgTime=177.26ms | AvgIter=50.0
  Eb/N0=3.25dB | BLER=1.0000e+00 | BER=5.0242e-01 | Errors=50 | Frames=50 | AvgTime=177.04ms | AvgIter=50.0
  Eb/N0=3.50dB | BLER=1.0000e+00 | BER=4.9914e-01 | Errors=50 | Frames=50 | AvgTime=177.21ms | AvgIter=50.0
  Eb/N0=3.75dB | BLER=1.0000e+00 | BER=5.0117e-01 | Errors=50 | Frames=50 | AvgTime=177.47ms | AvgIter=50.0
  Eb/N0=4.00dB | BLER=1.0000e+00 | BER=4.9586e-01 | Errors=50 | Frames=50 | AvgTime=178.01ms | AvgIter=50.0
  Eb/N0=4.25dB | BLER=1.0000e+00 | BER=4.9750e-01 | Errors=50 | Frames=50 | AvgTime=177.11ms | AvgIter=50.0
  Eb/N0=4.50dB | BLER=1.0000e+00 | BER=5.0039e-01 | Errors=50 | Frames=50 | AvgTime=177.17ms | AvgIter=50.0
  Eb/N0=4.75dB | BLER=1.0000e+00 | BER=5.0227e-01 | Errors=50 | Frames=50 | AvgTime=177.19ms | AvgIter=50.0
  Eb/N0=5.00dB | BLER=1.0000e+00 | BER=4.9969e-01 | Errors=50 | Frames=50 | AvgTime=176.83ms | AvgIter=50.0
  Eb/N0=5.25dB | BLER=1.0000e+00 | BER=4.9797e-01 | Errors=50 | Frames=50 | AvgTime=176.60ms | AvgIter=50.0

全部实验补全完成。
