Exp1 N=256
  Eb/N0=0.00dB | BLER=1.0000e+00 | BER=4.8484e-01 | Errors=50 | Frames=50 | AvgTime=2.10ms
  Eb/N0=0.50dB | BLER=1.0000e+00 | BER=4.7297e-01 | Errors=50 | Frames=50 | AvgTime=2.09ms
  Eb/N0=1.00dB | BLER=1.0000e+00 | BER=4.4078e-01 | Errors=50 | Frames=50 | AvgTime=2.10ms
  Eb/N0=1.50dB | BLER=1.0000e+00 | BER=4.5031e-01 | Errors=50 | Frames=50 | AvgTime=2.10ms
  Eb/N0=2.00dB | BLER=9.8039e-01 | BER=3.9522e-01 | Errors=50 | Frames=51 | AvgTime=2.10ms
  Eb/N0=2.50dB | BLER=1.0000e+00 | BER=4.1234e-01 | Errors=50 | Frames=50 | AvgTime=2.10ms
  Eb/N0=3.00dB | BLER=9.2593e-01 | BER=3.2885e-01 | Errors=50 | Frames=54 | AvgTime=2.10ms
  Eb/N0=3.50dB | BLER=8.6207e-01 | BER=2.9768e-01 | Errors=50 | Frames=58 | AvgTime=2.11ms
  Eb/N0=4.00dB | BLER=8.1967e-01 | BER=2.5512e-01 | Errors=50 | Frames=61 | AvgTime=2.10ms
  Eb/N0=4.50dB | BLER=6.6667e-01 | BER=1.4354e-01 | Errors=50 | Frames=75 | AvgTime=2.10ms
  Eb/N0=5.00dB | BLER=5.6180e-01 | BER=1.1570e-01 | Errors=50 | Frames=89 | AvgTime=2.10ms
Exp1 N=512
  Eb/N0=0.00dB | BLER=1.0000e+00 | BER=4.8859e-01 | Errors=50 | Frames=50 | AvgTime=4.76ms
  Eb/N0=0.50dB | BLER=1.0000e+00 | BER=4.8094e-01 | Errors=50 | Frames=50 | AvgTime=4.76ms
  Eb/N0=1.00dB | BLER=1.0000e+00 | BER=4.8820e-01 | Errors=50 | Frames=50 | AvgTime=4.75ms
  Eb/N0=1.50dB | BLER=1.0000e+00 | BER=4.7680e-01 | Errors=50 | Frames=50 | AvgTime=4.75ms
  Eb/N0=2.00dB | BLER=1.0000e+00 | BER=4.7586e-01 | Errors=50 | Frames=50 | AvgTime=4.75ms
  Eb/N0=2.50dB | BLER=1.0000e+00 | BER=4.6141e-01 | Errors=50 | Frames=50 | AvgTime=4.76ms
  Eb/N0=3.00dB | BLER=1.0000e+00 | BER=4.3742e-01 | Errors=50 | Frames=50 | AvgTime=4.75ms
  Eb/N0=3.50dB | BLER=1.0000e+00 | BER=4.0750e-01 | Errors=50 | Frames=50 | AvgTime=4.76ms
  Eb/N0=4.00dB | BLER=9.8039e-01 | BER=3.7431e-01 | Errors=50 | Frames=51 | AvgTime=4.77ms
  Eb/N0=4.50dB | BLER=8.9286e-01 | BER=3.0232e-01 | Errors=50 | Frames=56 | AvgTime=4.76ms
  Eb/N0=5.00dB | BLER=5.9524e-01 | BER=1.8852e-01 | Errors=50 | Frames=84 | AvgTime=4.77ms
Exp1 N=1024
  Eb/N0=0.00dB | BLER=1.0000e+00 | BER=4.9750e-01 | Errors=50 | Frames=50 | AvgTime=10.76ms
  Eb/N0=0.50dB | BLER=1.0000e+00 | BER=4.8586e-01 | Errors=50 | Frames=50 | AvgTime=10.67ms
  Eb/N0=1.00dB | BLER=1.0000e+00 | BER=4.8844e-01 | Errors=50 | Frames=50 | AvgTime=10.55ms
  Eb/N0=1.50dB | BLER=1.0000e+00 | BER=4.8301e-01 | Errors=50 | Frames=50 | AvgTime=10.55ms
  Eb/N0=2.00dB | BLER=1.0000e+00 | BER=4.8977e-01 | Errors=50 | Frames=50 | AvgTime=10.55ms
  Eb/N0=2.50dB | BLER=1.0000e+00 | BER=4.8195e-01 | Errors=50 | Frames=50 | AvgTime=10.57ms
  Eb/N0=3.00dB | BLER=1.0000e+00 | BER=4.7922e-01 | Errors=50 | Frames=50 | AvgTime=10.55ms
  Eb/N0=3.50dB | BLER=1.0000e+00 | BER=4.7262e-01 | Errors=50 | Frames=50 | AvgTime=10.55ms
  Eb/N0=4.00dB | BLER=1.0000e+00 | BER=4.7059e-01 | Errors=50 | Frames=50 | AvgTime=10.57ms
  Eb/N0=4.50dB | BLER=1.0000e+00 | BER=4.4734e-01 | Errors=50 | Frames=50 | AvgTime=10.55ms
  Eb/N0=5.00dB | BLER=1.0000e+00 | BER=3.7371e-01 | Errors=50 | Frames=50 | AvgTime=10.55ms
  Eb/N0=1.00dB | BLER=1.0000e+00 | BER=4.8781e-01 | Errors=50 | Frames=50 | AvgTime=4.75ms
  Eb/N0=1.50dB | BLER=1.0000e+00 | BER=4.7273e-01 | Errors=50 | Frames=50 | AvgTime=4.76ms
  Eb/N0=2.00dB | BLER=1.0000e+00 | BER=4.7219e-01 | Errors=50 | Frames=50 | AvgTime=4.80ms
  Eb/N0=2.50dB | BLER=1.0000e+00 | BER=4.7406e-01 | Errors=50 | Frames=50 | AvgTime=4.74ms
  Eb/N0=3.00dB | BLER=1.0000e+00 | BER=4.5109e-01 | Errors=50 | Frames=50 | AvgTime=4.74ms
  Eb/N0=3.50dB | BLER=1.0000e+00 | BER=4.3484e-01 | Errors=50 | Frames=50 | AvgTime=4.78ms
  Eb/N0=4.00dB | BLER=9.8039e-01 | BER=3.8021e-01 | Errors=50 | Frames=51 | AvgTime=4.74ms
  Eb/N0=4.50dB | BLER=8.6207e-01 | BER=2.9230e-01 | Errors=50 | Frames=58 | AvgTime=4.74ms
  Eb/N0=5.00dB | BLER=6.4935e-01 | BER=1.9633e-01 | Errors=50 | Frames=77 | AvgTime=4.75ms
Exp2 SCL L=2
  Eb/N0=1.00dB | BLER=1.0000e+00 | BER=4.9164e-01 | Errors=50 | Frames=50 | AvgTime=12.59ms
  Eb/N0=1.50dB | BLER=1.0000e+00 | BER=4.8703e-01 | Errors=50 | Frames=50 | AvgTime=12.58ms
  Eb/N0=2.00dB | BLER=1.0000e+00 | BER=4.6367e-01 | Errors=50 | Frames=50 | AvgTime=12.61ms
  Eb/N0=2.50dB | BLER=1.0000e+00 | BER=4.8344e-01 | Errors=50 | Frames=50 | AvgTime=12.61ms
  Eb/N0=3.00dB | BLER=1.0000e+00 | BER=4.5250e-01 | Errors=50 | Frames=50 | AvgTime=12.68ms
  Eb/N0=3.50dB | BLER=1.0000e+00 | BER=4.3828e-01 | Errors=50 | Frames=50 | AvgTime=12.61ms
  Eb/N0=4.00dB | BLER=1.0000e+00 | BER=3.9383e-01 | Errors=50 | Frames=50 | AvgTime=12.79ms
  Eb/N0=4.50dB | BLER=1.0000e+00 | BER=3.3789e-01 | Errors=50 | Frames=50 | AvgTime=12.96ms
  Eb/N0=5.00dB | BLER=1.0000e+00 | BER=3.4922e-01 | Errors=50 | Frames=50 | AvgTime=13.09ms
Exp2 SCL L=4
  Eb/N0=1.00dB | BLER=1.0000e+00 | BER=4.7813e-01 | Errors=50 | Frames=50 | AvgTime=24.48ms
  Eb/N0=1.50dB | BLER=1.0000e+00 | BER=4.7469e-01 | Errors=50 | Frames=50 | AvgTime=24.05ms
  Eb/N0=2.00dB | BLER=1.0000e+00 | BER=4.6141e-01 | Errors=50 | Frames=50 | AvgTime=24.04ms
  Eb/N0=2.50dB | BLER=1.0000e+00 | BER=4.7891e-01 | Errors=50 | Frames=50 | AvgTime=24.00ms
  Eb/N0=3.00dB | BLER=1.0000e+00 | BER=4.5031e-01 | Errors=50 | Frames=50 | AvgTime=24.08ms
  Eb/N0=3.50dB | BLER=1.0000e+00 | BER=4.3562e-01 | Errors=50 | Frames=50 | AvgTime=24.03ms
  Eb/N0=4.00dB | BLER=1.0000e+00 | BER=4.3109e-01 | Errors=50 | Frames=50 | AvgTime=24.04ms
  Eb/N0=4.50dB | BLER=1.0000e+00 | BER=3.7734e-01 | Errors=50 | Frames=50 | AvgTime=24.05ms
  Eb/N0=5.00dB | BLER=1.0000e+00 | BER=3.8711e-01 | Errors=50 | Frames=50 | AvgTime=24.06ms
Exp2 SCL L=8
  Eb/N0=1.00dB | BLER=1.0000e+00 | BER=4.7992e-01 | Errors=50 | Frames=50 | AvgTime=46.90ms
  Eb/N0=1.50dB | BLER=1.0000e+00 | BER=4.7375e-01 | Errors=50 | Frames=50 | AvgTime=46.90ms
  Eb/N0=2.00dB | BLER=1.0000e+00 | BER=4.7281e-01 | Errors=50 | Frames=50 | AvgTime=47.03ms
  Eb/N0=2.50dB | BLER=1.0000e+00 | BER=4.8000e-01 | Errors=50 | Frames=50 | AvgTime=46.89ms
  Eb/N0=3.00dB | BLER=1.0000e+00 | BER=4.5344e-01 | Errors=50 | Frames=50 | AvgTime=46.84ms
  Eb/N0=3.50dB | BLER=1.0000e+00 | BER=4.6391e-01 | Errors=50 | Frames=50 | AvgTime=46.73ms
  Eb/N0=4.00dB | BLER=1.0000e+00 | BER=4.3422e-01 | Errors=50 | Frames=50 | AvgTime=46.72ms
  Eb/N0=4.50dB | BLER=1.0000e+00 | BER=4.1063e-01 | Errors=50 | Frames=50 | AvgTime=46.71ms
  Eb/N0=5.00dB | BLER=1.0000e+00 | BER=4.2625e-01 | Errors=50 | Frames=50 | AvgTime=46.72ms
Exp2 CA-SCL
  Eb/N0=1.00dB | BLER=1.0000e+00 | BER=4.8024e-01 | Errors=50 | Frames=50 | AvgTime=47.63ms
  Eb/N0=1.50dB | BLER=1.0000e+00 | BER=4.8766e-01 | Errors=50 | Frames=50 | AvgTime=47.63ms
  Eb/N0=2.00dB | BLER=1.0000e+00 | BER=4.7419e-01 | Errors=50 | Frames=50 | AvgTime=47.64ms
  Eb/N0=2.50dB | BLER=1.0000e+00 | BER=4.7210e-01 | Errors=50 | Frames=50 | AvgTime=47.61ms
  Eb/N0=3.00dB | BLER=1.0000e+00 | BER=4.6065e-01 | Errors=50 | Frames=50 | AvgTime=47.62ms
  Eb/N0=3.50dB | BLER=1.0000e+00 | BER=4.6000e-01 | Errors=50 | Frames=50 | AvgTime=47.65ms
  Eb/N0=4.00dB | BLER=1.0000e+00 | BER=4.3427e-01 | Errors=50 | Frames=50 | AvgTime=47.71ms
  Eb/N0=4.50dB | BLER=1.0000e+00 | BER=4.1839e-01 | Errors=50 | Frames=50 | AvgTime=47.68ms
  Eb/N0=5.00dB | BLER=1.0000e+00 | BER=3.9927e-01 | Errors=50 | Frames=50 | AvgTime=47.73ms
Exp3 N=256 SC
  Eb/N0=1.00dB | BLER=1.0000e+00 | BER=4.7156e-01 | Errors=50 | Frames=50 | AvgTime=2.10ms
  Eb/N0=1.50dB | BLER=1.0000e+00 | BER=4.2656e-01 | Errors=50 | Frames=50 | AvgTime=2.09ms
  Eb/N0=2.00dB | BLER=9.8039e-01 | BER=4.2019e-01 | Errors=50 | Frames=51 | AvgTime=2.09ms
  Eb/N0=2.50dB | BLER=9.8039e-01 | BER=4.0196e-01 | Errors=50 | Frames=51 | AvgTime=2.09ms
  Eb/N0=3.00dB | BLER=9.4340e-01 | BER=3.5672e-01 | Errors=50 | Frames=53 | AvgTime=2.09ms
  Eb/N0=3.50dB | BLER=9.0909e-01 | BER=3.2585e-01 | Errors=50 | Frames=55 | AvgTime=2.09ms
  Eb/N0=4.00dB | BLER=7.8125e-01 | BER=2.3853e-01 | Errors=50 | Frames=64 | AvgTime=2.10ms
  Eb/N0=4.50dB | BLER=6.6667e-01 | BER=1.8406e-01 | Errors=50 | Frames=75 | AvgTime=2.10ms
  Eb/N0=5.00dB | BLER=6.3291e-01 | BER=1.1739e-01 | Errors=50 | Frames=79 | AvgTime=2.09ms
Exp3 N=256 SCL
  Eb/N0=1.00dB | BLER=1.0000e+00 | BER=4.7391e-01 | Errors=50 | Frames=50 | AvgTime=10.62ms
  Eb/N0=1.50dB | BLER=1.0000e+00 | BER=4.5531e-01 | Errors=50 | Frames=50 | AvgTime=10.61ms
  Eb/N0=2.00dB | BLER=1.0000e+00 | BER=4.0141e-01 | Errors=50 | Frames=50 | AvgTime=10.57ms
  Eb/N0=2.50dB | BLER=1.0000e+00 | BER=3.6562e-01 | Errors=50 | Frames=50 | AvgTime=10.55ms
  Eb/N0=3.00dB | BLER=1.0000e+00 | BER=3.4969e-01 | Errors=50 | Frames=50 | AvgTime=10.56ms
  Eb/N0=3.50dB | BLER=1.0000e+00 | BER=3.6375e-01 | Errors=50 | Frames=50 | AvgTime=10.56ms
  Eb/N0=4.00dB | BLER=1.0000e+00 | BER=3.0469e-01 | Errors=50 | Frames=50 | AvgTime=10.58ms
  Eb/N0=4.50dB | BLER=1.0000e+00 | BER=2.5156e-01 | Errors=50 | Frames=50 | AvgTime=10.57ms
  Eb/N0=5.00dB | BLER=1.0000e+00 | BER=1.8453e-01 | Errors=50 | Frames=50 | AvgTime=10.57ms
Exp3 N=256 BP
  Eb/N0=1.00dB | BLER=1.0000e+00 | BER=5.0547e-01 | Errors=50 | Frames=50 | AvgTime=69.77ms | AvgIter=50.0
  Eb/N0=1.50dB | BLER=1.0000e+00 | BER=4.9391e-01 | Errors=50 | Frames=50 | AvgTime=69.82ms | AvgIter=50.0
  Eb/N0=2.00dB | BLER=1.0000e+00 | BER=4.9781e-01 | Errors=50 | Frames=50 | AvgTime=69.76ms | AvgIter=50.0
  Eb/N0=2.50dB | BLER=1.0000e+00 | BER=4.9625e-01 | Errors=50 | Frames=50 | AvgTime=69.76ms | AvgIter=50.0
  Eb/N0=3.00dB | BLER=1.0000e+00 | BER=5.0672e-01 | Errors=50 | Frames=50 | AvgTime=69.80ms | AvgIter=50.0
  Eb/N0=3.50dB | BLER=1.0000e+00 | BER=5.0687e-01 | Errors=50 | Frames=50 | AvgTime=69.85ms | AvgIter=50.0
  Eb/N0=4.00dB | BLER=1.0000e+00 | BER=5.0422e-01 | Errors=50 | Frames=50 | AvgTime=69.92ms | AvgIter=50.0
  Eb/N0=4.50dB | BLER=1.0000e+00 | BER=4.8875e-01 | Errors=50 | Frames=50 | AvgTime=69.87ms | AvgIter=50.0
  Eb/N0=5.00dB | BLER=1.0000e+00 | BER=5.0125e-01 | Errors=50 | Frames=50 | AvgTime=69.88ms | AvgIter=50.0
Exp3 N=512 SC
  Eb/N0=1.00dB | BLER=1.0000e+00 | BER=4.8781e-01 | Errors=50 | Frames=50 | AvgTime=4.77ms
  Eb/N0=1.50dB | BLER=1.0000e+00 | BER=4.7273e-01 | Errors=50 | Frames=50 | AvgTime=4.77ms
  Eb/N0=2.00dB | BLER=1.0000e+00 | BER=4.7219e-01 | Errors=50 | Frames=50 | AvgTime=4.77ms
  Eb/N0=2.50dB | BLER=1.0000e+00 | BER=4.7406e-01 | Errors=50 | Frames=50 | AvgTime=4.77ms
  Eb/N0=3.00dB | BLER=1.0000e+00 | BER=4.5109e-01 | Errors=50 | Frames=50 | AvgTime=4.77ms
  Eb/N0=3.50dB | BLER=1.0000e+00 | BER=4.3484e-01 | Errors=50 | Frames=50 | AvgTime=4.78ms
  Eb/N0=4.00dB | BLER=9.8039e-01 | BER=3.8021e-01 | Errors=50 | Frames=51 | AvgTime=4.77ms
  Eb/N0=4.50dB | BLER=8.6207e-01 | BER=2.9230e-01 | Errors=50 | Frames=58 | AvgTime=4.77ms
  Eb/N0=5.00dB | BLER=6.4935e-01 | BER=1.9633e-01 | Errors=50 | Frames=77 | AvgTime=4.77ms
Exp3 N=512 SCL
  Eb/N0=1.00dB | BLER=1.0000e+00 | BER=4.7813e-01 | Errors=50 | Frames=50 | AvgTime=24.42ms
  Eb/N0=1.50dB | BLER=1.0000e+00 | BER=4.7469e-01 | Errors=50 | Frames=50 | AvgTime=24.41ms
  Eb/N0=2.00dB | BLER=1.0000e+00 | BER=4.6141e-01 | Errors=50 | Frames=50 | AvgTime=24.45ms
  Eb/N0=2.50dB | BLER=1.0000e+00 | BER=4.7891e-01 | Errors=50 | Frames=50 | AvgTime=24.41ms
  Eb/N0=3.00dB | BLER=1.0000e+00 | BER=4.5031e-01 | Errors=50 | Frames=50 | AvgTime=24.42ms
  Eb/N0=3.50dB | BLER=1.0000e+00 | BER=4.3562e-01 | Errors=50 | Frames=50 | AvgTime=24.39ms
  Eb/N0=4.00dB | BLER=1.0000e+00 | BER=4.3109e-01 | Errors=50 | Frames=50 | AvgTime=24.39ms
  Eb/N0=4.50dB | BLER=1.0000e+00 | BER=3.7734e-01 | Errors=50 | Frames=50 | AvgTime=24.39ms
  Eb/N0=5.00dB | BLER=1.0000e+00 | BER=3.8711e-01 | Errors=50 | Frames=50 | AvgTime=24.43ms
Exp3 N=512 BP
  Eb/N0=1.00dB | BLER=1.0000e+00 | BER=4.8750e-01 | Errors=50 | Frames=50 | AvgTime=143.24ms | AvgIter=50.0
  Eb/N0=1.50dB | BLER=1.0000e+00 | BER=4.9617e-01 | Errors=50 | Frames=50 | AvgTime=143.16ms | AvgIter=50.0
  Eb/N0=2.00dB | BLER=1.0000e+00 | BER=5.0180e-01 | Errors=50 | Frames=50 | AvgTime=143.27ms | AvgIter=50.0
  Eb/N0=2.50dB | BLER=1.0000e+00 | BER=4.9672e-01 | Errors=50 | Frames=50 | AvgTime=143.20ms | AvgIter=50.0
  Eb/N0=3.00dB | BLER=1.0000e+00 | BER=5.0234e-01 | Errors=50 | Frames=50 | AvgTime=143.17ms | AvgIter=50.0
  Eb/N0=3.50dB | BLER=1.0000e+00 | BER=4.9555e-01 | Errors=50 | Frames=50 | AvgTime=143.12ms | AvgIter=50.0
  Eb/N0=4.00dB | BLER=1.0000e+00 | BER=5.0469e-01 | Errors=50 | Frames=50 | AvgTime=143.09ms | AvgIter=50.0
  Eb/N0=4.50dB | BLER=1.0000e+00 | BER=5.0008e-01 | Errors=50 | Frames=50 | AvgTime=143.17ms | AvgIter=50.0
  Eb/N0=5.00dB | BLER=1.0000e+00 | BER=5.0227e-01 | Errors=50 | Frames=50 | AvgTime=143.21ms | AvgIter=50.0
全部实验完成。
