编码器校验通过
SC 无损校验通过
SCL 路径度量校验通过
SC 基线 (L=1)
  Eb/N0=1.00dB | BLER=1.0000e+00 | BER=4.9203e-01 | Errors=100 | Frames=100 | AvgTime=6.26ms
  Eb/N0=1.25dB | BLER=1.0000e+00 | BER=4.8418e-01 | Errors=100 | Frames=100 | AvgTime=6.11ms
  Eb/N0=1.50dB | BLER=1.0000e+00 | BER=4.8352e-01 | Errors=100 | Frames=100 | AvgTime=6.11ms
  Eb/N0=1.75dB | BLER=1.0000e+00 | BER=4.8203e-01 | Errors=100 | Frames=100 | AvgTime=6.20ms
  Eb/N0=2.00dB | BLER=1.0000e+00 | BER=4.7867e-01 | Errors=100 | Frames=100 | AvgTime=6.10ms
  Eb/N0=2.25dB | BLER=1.0000e+00 | BER=4.7996e-01 | Errors=100 | Frames=100 | AvgTime=6.10ms
  Eb/N0=2.50dB | BLER=1.0000e+00 | BER=4.7652e-01 | Errors=100 | Frames=100 | AvgTime=6.19ms
  Eb/N0=2.75dB | BLER=1.0000e+00 | BER=4.7867e-01 | Errors=100 | Frames=100 | AvgTime=6.11ms
  Eb/N0=3.00dB | BLER=1.0000e+00 | BER=4.7629e-01 | Errors=100 | Frames=100 | AvgTime=6.16ms
  Eb/N0=3.25dB | BLER=1.0000e+00 | BER=4.7145e-01 | Errors=100 | Frames=100 | AvgTime=6.18ms
  Eb/N0=3.50dB | BLER=1.0000e+00 | BER=4.6633e-01 | Errors=100 | Frames=100 | AvgTime=6.17ms
  Eb/N0=3.75dB | BLER=1.0000e+00 | BER=4.7063e-01 | Errors=100 | Frames=100 | AvgTime=6.13ms
  Eb/N0=4.00dB | BLER=1.0000e+00 | BER=4.6664e-01 | Errors=100 | Frames=100 | AvgTime=6.16ms
  Eb/N0=4.25dB | BLER=1.0000e+00 | BER=4.6465e-01 | Errors=100 | Frames=100 | AvgTime=6.11ms
  Eb/N0=4.50dB | BLER=1.0000e+00 | BER=4.4609e-01 | Errors=100 | Frames=100 | AvgTime=6.15ms
  Eb/N0=4.75dB | BLER=1.0000e+00 | BER=4.5586e-01 | Errors=100 | Frames=100 | AvgTime=6.14ms
  Eb/N0=5.00dB | BLER=1.0000e+00 | BER=4.4215e-01 | Errors=100 | Frames=100 | AvgTime=6.13ms
  Eb/N0=5.25dB | BLER=1.0000e+00 | BER=4.1363e-01 | Errors=100 | Frames=100 | AvgTime=6.12ms

SCL 仿真: N=512, K=256, L=2
  Eb/N0=1.00dB | BLER=1.0000e+00 | BER=4.8285e-01 | Errors=100 | Frames=100 | AvgTime=26.40ms
  Eb/N0=1.25dB | BLER=1.0000e+00 | BER=4.7813e-01 | Errors=100 | Frames=100 | AvgTime=26.34ms
  Eb/N0=1.50dB | BLER=1.0000e+00 | BER=4.8426e-01 | Errors=100 | Frames=100 | AvgTime=26.41ms
  Eb/N0=1.75dB | BLER=1.0000e+00 | BER=4.7375e-01 | Errors=100 | Frames=100 | AvgTime=26.56ms
  Eb/N0=2.00dB | BLER=1.0000e+00 | BER=4.7770e-01 | Errors=100 | Frames=100 | AvgTime=28.49ms
  Eb/N0=2.25dB | BLER=1.0000e+00 | BER=4.7867e-01 | Errors=100 | Frames=100 | AvgTime=28.13ms
  Eb/N0=2.50dB | BLER=1.0000e+00 | BER=4.6762e-01 | Errors=100 | Frames=100 | AvgTime=27.66ms
  Eb/N0=2.75dB | BLER=1.0000e+00 | BER=4.6191e-01 | Errors=100 | Frames=100 | AvgTime=27.51ms
  Eb/N0=3.00dB | BLER=1.0000e+00 | BER=4.7141e-01 | Errors=100 | Frames=100 | AvgTime=27.14ms
  Eb/N0=3.25dB | BLER=1.0000e+00 | BER=4.5660e-01 | Errors=100 | Frames=100 | AvgTime=27.62ms
  Eb/N0=3.50dB | BLER=1.0000e+00 | BER=4.5004e-01 | Errors=100 | Frames=100 | AvgTime=27.38ms
  Eb/N0=3.75dB | BLER=1.0000e+00 | BER=4.5098e-01 | Errors=100 | Frames=100 | AvgTime=27.14ms
  Eb/N0=4.00dB | BLER=1.0000e+00 | BER=4.4789e-01 | Errors=100 | Frames=100 | AvgTime=26.94ms
  Eb/N0=4.25dB | BLER=1.0000e+00 | BER=4.3676e-01 | Errors=100 | Frames=100 | AvgTime=26.90ms
  Eb/N0=4.50dB | BLER=1.0000e+00 | BER=4.2961e-01 | Errors=100 | Frames=100 | AvgTime=27.95ms
  Eb/N0=4.75dB | BLER=1.0000e+00 | BER=4.1746e-01 | Errors=100 | Frames=100 | AvgTime=26.87ms
  Eb/N0=5.00dB | BLER=1.0000e+00 | BER=4.0754e-01 | Errors=100 | Frames=100 | AvgTime=26.97ms
  Eb/N0=5.25dB | BLER=1.0000e+00 | BER=3.8574e-01 | Errors=100 | Frames=100 | AvgTime=26.61ms

SCL 仿真: N=512, K=256, L=4
  Eb/N0=1.00dB | BLER=1.0000e+00 | BER=4.7844e-01 | Errors=100 | Frames=100 | AvgTime=50.95ms
  Eb/N0=1.25dB | BLER=1.0000e+00 | BER=4.7453e-01 | Errors=100 | Frames=100 | AvgTime=50.75ms
  Eb/N0=1.50dB | BLER=1.0000e+00 | BER=4.6145e-01 | Errors=100 | Frames=100 | AvgTime=50.72ms
  Eb/N0=1.75dB | BLER=1.0000e+00 | BER=4.6387e-01 | Errors=100 | Frames=100 | AvgTime=50.80ms
  Eb/N0=2.00dB | BLER=1.0000e+00 | BER=4.6316e-01 | Errors=100 | Frames=100 | AvgTime=50.83ms
  Eb/N0=2.25dB | BLER=1.0000e+00 | BER=4.5699e-01 | Errors=100 | Frames=100 | AvgTime=50.68ms
  Eb/N0=2.50dB | BLER=1.0000e+00 | BER=4.4738e-01 | Errors=100 | Frames=100 | AvgTime=51.36ms
  Eb/N0=2.75dB | BLER=1.0000e+00 | BER=4.4957e-01 | Errors=100 | Frames=100 | AvgTime=50.72ms
  Eb/N0=3.00dB | BLER=1.0000e+00 | BER=4.3504e-01 | Errors=100 | Frames=100 | AvgTime=50.76ms
  Eb/N0=3.25dB | BLER=1.0000e+00 | BER=4.3504e-01 | Errors=100 | Frames=100 | AvgTime=51.28ms
  Eb/N0=3.50dB | BLER=1.0000e+00 | BER=4.2363e-01 | Errors=100 | Frames=100 | AvgTime=50.81ms
  Eb/N0=3.75dB | BLER=1.0000e+00 | BER=4.1066e-01 | Errors=100 | Frames=100 | AvgTime=50.77ms
  Eb/N0=4.00dB | BLER=1.0000e+00 | BER=4.0336e-01 | Errors=100 | Frames=100 | AvgTime=50.74ms
  Eb/N0=4.25dB | BLER=1.0000e+00 | BER=4.0750e-01 | Errors=100 | Frames=100 | AvgTime=50.72ms
  Eb/N0=4.50dB | BLER=1.0000e+00 | BER=3.8031e-01 | Errors=100 | Frames=100 | AvgTime=50.82ms
  Eb/N0=4.75dB | BLER=1.0000e+00 | BER=3.5563e-01 | Errors=100 | Frames=100 | AvgTime=51.30ms
  Eb/N0=5.00dB | BLER=1.0000e+00 | BER=3.4258e-01 | Errors=100 | Frames=100 | AvgTime=51.77ms
  Eb/N0=5.25dB | BLER=1.0000e+00 | BER=3.0906e-01 | Errors=100 | Frames=100 | AvgTime=51.01ms

SCL 仿真: N=512, K=256, L=8
  Eb/N0=1.00dB | BLER=1.0000e+00 | BER=4.6441e-01 | Errors=100 | Frames=100 | AvgTime=104.91ms
  Eb/N0=1.25dB | BLER=1.0000e+00 | BER=4.6301e-01 | Errors=100 | Frames=100 | AvgTime=105.19ms
  Eb/N0=1.50dB | BLER=1.0000e+00 | BER=4.5891e-01 | Errors=100 | Frames=100 | AvgTime=104.89ms
  Eb/N0=1.75dB | BLER=1.0000e+00 | BER=4.4645e-01 | Errors=100 | Frames=100 | AvgTime=105.35ms
  Eb/N0=2.00dB | BLER=1.0000e+00 | BER=4.4207e-01 | Errors=100 | Frames=100 | AvgTime=104.90ms
  Eb/N0=2.25dB | BLER=1.0000e+00 | BER=4.2047e-01 | Errors=100 | Frames=100 | AvgTime=105.05ms
  Eb/N0=2.50dB | BLER=1.0000e+00 | BER=4.4164e-01 | Errors=100 | Frames=100 | AvgTime=104.85ms
  Eb/N0=2.75dB | BLER=1.0000e+00 | BER=4.2496e-01 | Errors=100 | Frames=100 | AvgTime=105.09ms
  Eb/N0=3.00dB | BLER=1.0000e+00 | BER=4.1254e-01 | Errors=100 | Frames=100 | AvgTime=105.07ms
  Eb/N0=3.25dB | BLER=1.0000e+00 | BER=4.1512e-01 | Errors=100 | Frames=100 | AvgTime=104.60ms
  Eb/N0=3.50dB | BLER=1.0000e+00 | BER=3.8234e-01 | Errors=100 | Frames=100 | AvgTime=104.90ms
  Eb/N0=3.75dB | BLER=1.0000e+00 | BER=3.9492e-01 | Errors=100 | Frames=100 | AvgTime=105.01ms
  Eb/N0=4.00dB | BLER=1.0000e+00 | BER=3.6688e-01 | Errors=100 | Frames=100 | AvgTime=104.72ms
  Eb/N0=4.25dB | BLER=1.0000e+00 | BER=3.4602e-01 | Errors=100 | Frames=100 | AvgTime=104.58ms
  Eb/N0=4.50dB | BLER=1.0000e+00 | BER=3.3590e-01 | Errors=100 | Frames=100 | AvgTime=105.57ms
  Eb/N0=4.75dB | BLER=9.9010e-01 | BER=3.0175e-01 | Errors=100 | Frames=101 | AvgTime=104.52ms
  Eb/N0=5.00dB | BLER=1.0000e+00 | BER=3.1230e-01 | Errors=100 | Frames=100 | AvgTime=104.35ms
  Eb/N0=5.25dB | BLER=1.0000e+00 | BER=2.4516e-01 | Errors=100 | Frames=100 | AvgTime=104.79ms

CA-SCL 仿真: N=512, K=256, L=8, CRC=8
  Eb/N0=1.00dB | BLER=1.0000e+00 | BER=4.7480e-01 | Errors=100 | Frames=100 | AvgTime=106.16ms
  Eb/N0=1.25dB | BLER=1.0000e+00 | BER=4.6516e-01 | Errors=100 | Frames=100 | AvgTime=105.87ms
  Eb/N0=1.50dB | BLER=1.0000e+00 | BER=4.5194e-01 | Errors=100 | Frames=100 | AvgTime=105.69ms
  Eb/N0=1.75dB | BLER=1.0000e+00 | BER=4.5153e-01 | Errors=100 | Frames=100 | AvgTime=106.18ms
  Eb/N0=2.00dB | BLER=1.0000e+00 | BER=4.4839e-01 | Errors=100 | Frames=100 | AvgTime=106.23ms
  Eb/N0=2.25dB | BLER=1.0000e+00 | BER=4.3976e-01 | Errors=100 | Frames=100 | AvgTime=105.82ms
  Eb/N0=2.50dB | BLER=1.0000e+00 | BER=4.4661e-01 | Errors=100 | Frames=100 | AvgTime=105.70ms
  Eb/N0=2.75dB | BLER=1.0000e+00 | BER=4.2440e-01 | Errors=100 | Frames=100 | AvgTime=106.00ms
  Eb/N0=3.00dB | BLER=1.0000e+00 | BER=4.1069e-01 | Errors=100 | Frames=100 | AvgTime=105.67ms
  Eb/N0=3.25dB | BLER=1.0000e+00 | BER=3.9960e-01 | Errors=100 | Frames=100 | AvgTime=106.52ms
  Eb/N0=3.50dB | BLER=1.0000e+00 | BER=3.8294e-01 | Errors=100 | Frames=100 | AvgTime=106.10ms
  Eb/N0=3.75dB | BLER=1.0000e+00 | BER=3.8589e-01 | Errors=100 | Frames=100 | AvgTime=106.39ms
  Eb/N0=4.00dB | BLER=1.0000e+00 | BER=3.7472e-01 | Errors=100 | Frames=100 | AvgTime=106.44ms
  Eb/N0=4.25dB | BLER=1.0000e+00 | BER=3.4923e-01 | Errors=100 | Frames=100 | AvgTime=106.58ms
  Eb/N0=4.50dB | BLER=1.0000e+00 | BER=3.4238e-01 | Errors=100 | Frames=100 | AvgTime=106.73ms
  Eb/N0=4.75dB | BLER=1.0000e+00 | BER=3.4363e-01 | Errors=100 | Frames=100 | AvgTime=106.69ms
  Eb/N0=5.00dB | BLER=1.0000e+00 | BER=3.0048e-01 | Errors=100 | Frames=100 | AvgTime=107.27ms
  Eb/N0=5.25dB | BLER=1.0000e+00 | BER=2.4500e-01 | Errors=100 | Frames=100 | AvgTime=106.66ms

实验二完成。
