exp1 SC N=256
  Eb/N0=0.00dB | BLER=9.3023e-01 | BER=3.4121e-01 | Errors=40 | Frames=43 | AvgTime=2.73ms
  Eb/N0=0.50dB | BLER=7.1429e-01 | BER=2.8306e-01 | Errors=40 | Frames=56 | AvgTime=2.71ms
  Eb/N0=1.00dB | BLER=5.3333e-01 | BER=1.7125e-01 | Errors=40 | Frames=75 | AvgTime=2.71ms
  Eb/N0=1.50dB | BLER=2.9630e-01 | BER=9.4965e-02 | Errors=40 | Frames=135 | AvgTime=2.71ms
  Eb/N0=2.00dB | BLER=1.4035e-01 | BER=3.4786e-02 | Errors=40 | Frames=285 | AvgTime=2.71ms
  Eb/N0=2.50dB | BLER=5.6577e-02 | BER=1.3437e-02 | Errors=40 | Frames=707 | AvgTime=2.72ms
  Eb/N0=3.00dB | BLER=1.1393e-02 | BER=1.7111e-03 | Errors=40 | Frames=3511 | AvgTime=2.72ms
  Eb/N0=3.50dB | BLER=3.8750e-03 | BER=5.9277e-04 | Errors=31 | Frames=8000 | AvgTime=2.72ms
  Eb/N0=4.00dB | BLER=3.7500e-04 | BER=8.5937e-05 | Errors=3 | Frames=8000 | AvgTime=2.74ms
  Eb/N0=4.50dB | BLER=0.0000e+00 | BER=0.0000e+00 | Errors=0 | Frames=8000 | AvgTime=2.72ms
  Eb/N0=5.00dB | BLER=0.0000e+00 | BER=0.0000e+00 | Errors=0 | Frames=8000 | AvgTime=2.70ms
exp1 SC N=512
  Eb/N0=0.00dB | BLER=1.0000e+00 | BER=4.3096e-01 | Errors=40 | Frames=40 | AvgTime=6.20ms
  Eb/N0=0.50dB | BLER=9.0909e-01 | BER=3.3754e-01 | Errors=40 | Frames=44 | AvgTime=6.12ms
  Eb/N0=1.00dB | BLER=7.0175e-01 | BER=2.2375e-01 | Errors=40 | Frames=57 | AvgTime=6.18ms
  Eb/N0=1.50dB | BLER=3.6697e-01 | BER=1.1923e-01 | Errors=40 | Frames=109 | AvgTime=6.19ms
  Eb/N0=2.00dB | BLER=1.1594e-01 | BER=2.6404e-02 | Errors=40 | Frames=345 | AvgTime=6.15ms
  Eb/N0=2.50dB | BLER=2.8633e-02 | BER=5.2820e-03 | Errors=40 | Frames=1397 | AvgTime=6.17ms
  Eb/N0=3.00dB | BLER=3.8750e-03 | BER=8.2520e-04 | Errors=31 | Frames=8000 | AvgTime=6.19ms
  Eb/N0=3.50dB | BLER=1.0000e-03 | BER=1.4648e-04 | Errors=8 | Frames=8000 | AvgTime=6.15ms
  Eb/N0=4.00dB | BLER=0.0000e+00 | BER=0.0000e+00 | Errors=0 | Frames=8000 | AvgTime=6.17ms
  Eb/N0=4.50dB | BLER=0.0000e+00 | BER=0.0000e+00 | Errors=0 | Frames=8000 | AvgTime=6.16ms
  Eb/N0=5.00dB | BLER=0.0000e+00 | BER=0.0000e+00 | Errors=0 | Frames=8000 | AvgTime=6.17ms
exp1 SC N=1024
  Eb/N0=0.00dB | BLER=1.0000e+00 | BER=4.5278e-01 | Errors=40 | Frames=40 | AvgTime=13.59ms
  Eb/N0=0.50dB | BLER=9.5238e-01 | BER=3.8849e-01 | Errors=40 | Frames=42 | AvgTime=13.57ms
  Eb/N0=1.00dB | BLER=6.4516e-01 | BER=2.4798e-01 | Errors=40 | Frames=62 | AvgTime=13.57ms
  Eb/N0=1.50dB | BLER=3.2000e-01 | BER=7.9172e-02 | Errors=40 | Frames=125 | AvgTime=13.57ms
  Eb/N0=2.00dB | BLER=1.1364e-01 | BER=2.9114e-02 | Errors=40 | Frames=352 | AvgTime=13.57ms
  Eb/N0=2.50dB | BLER=1.0986e-02 | BER=1.8281e-03 | Errors=40 | Frames=3641 | AvgTime=13.51ms
  Eb/N0=3.00dB | BLER=2.5000e-04 | BER=1.8066e-05 | Errors=2 | Frames=8000 | AvgTime=13.47ms
  Eb/N0=3.50dB | BLER=3.7500e-04 | BER=4.1992e-05 | Errors=3 | Frames=8000 | AvgTime=13.45ms
  Eb/N0=4.00dB | BLER=1.2500e-04 | BER=4.3945e-06 | Errors=1 | Frames=8000 | AvgTime=13.44ms
  Eb/N0=4.50dB | BLER=0.0000e+00 | BER=0.0000e+00 | Errors=0 | Frames=8000 | AvgTime=13.42ms
  Eb/N0=5.00dB | BLER=0.0000e+00 | BER=0.0000e+00 | Errors=0 | Frames=8000 | AvgTime=13.41ms
/workspace/polar_codes/utils.py:61: RuntimeWarning: overflow encountered in exp
  return np.log2(1.0 + np.exp(-2.0 * snr * y)) * np.exp(-y ** 2 / 2.0)
/workspace/polar_codes/utils.py:61: RuntimeWarning: invalid value encountered in scalar multiply
  return np.log2(1.0 + np.exp(-2.0 * snr * y)) * np.exp(-y ** 2 / 2.0)
/workspace/polar_codes/utils.py:63: IntegrationWarning: The occurrence of roundoff error is detected, which prevents 
  the requested tolerance from being achieved.  The error may be 
  underestimated.
  val, _ = integrate.quad(integrand, -np.inf, np.inf)
exp2 SC
  Eb/N0=1.00dB | BLER=6.7797e-01 | BER=2.0955e-01 | Errors=40 | Frames=59 | AvgTime=6.14ms
  Eb/N0=1.50dB | BLER=4.0816e-01 | BER=1.0854e-01 | Errors=40 | Frames=98 | AvgTime=6.12ms
  Eb/N0=2.00dB | BLER=1.1869e-01 | BER=2.7552e-02 | Errors=40 | Frames=337 | AvgTime=6.13ms
  Eb/N0=2.50dB | BLER=2.7082e-02 | BER=5.1334e-03 | Errors=40 | Frames=1477 | AvgTime=6.13ms
  Eb/N0=3.00dB | BLER=3.8750e-03 | BER=8.2520e-04 | Errors=31 | Frames=8000 | AvgTime=6.11ms
  Eb/N0=3.50dB | BLER=1.0000e-03 | BER=1.4648e-04 | Errors=8 | Frames=8000 | AvgTime=6.15ms
  Eb/N0=4.00dB | BLER=0.0000e+00 | BER=0.0000e+00 | Errors=0 | Frames=8000 | AvgTime=6.11ms
  Eb/N0=4.50dB | BLER=0.0000e+00 | BER=0.0000e+00 | Errors=0 | Frames=8000 | AvgTime=6.23ms
  Eb/N0=5.00dB | BLER=0.0000e+00 | BER=0.0000e+00 | Errors=0 | Frames=8000 | AvgTime=6.11ms
exp2 SCL L=2
  Eb/N0=1.00dB | BLER=5.1948e-01 | BER=1.4032e-01 | Errors=40 | Frames=77 | AvgTime=17.41ms
  Eb/N0=1.50dB | BLER=1.4599e-01 | BER=3.5085e-02 | Errors=40 | Frames=274 | AvgTime=17.37ms
  Eb/N0=2.00dB | BLER=3.7559e-02 | BER=7.3283e-03 | Errors=40 | Frames=1065 | AvgTime=17.41ms
  Eb/N0=2.50dB | BLER=4.6250e-03 | BER=7.1533e-04 | Errors=37 | Frames=8000 | AvgTime=17.36ms
  Eb/N0=3.00dB | BLER=3.7500e-04 | BER=4.1504e-05 | Errors=3 | Frames=8000 | AvgTime=17.38ms
  Eb/N0=3.50dB | BLER=0.0000e+00 | BER=0.0000e+00 | Errors=0 | Frames=8000 | AvgTime=17.43ms
  Eb/N0=4.00dB | BLER=0.0000e+00 | BER=0.0000e+00 | Errors=0 | Frames=8000 | AvgTime=17.41ms
  Eb/N0=4.50dB | BLER=0.0000e+00 | BER=0.0000e+00 | Errors=0 | Frames=8000 | AvgTime=17.41ms
  Eb/N0=5.00dB | BLER=0.0000e+00 | BER=0.0000e+00 | Errors=0 | Frames=8000 | AvgTime=17.37ms
exp2 SCL L=4
  Eb/N0=1.00dB | BLER=4.0000e-01 | BER=9.4922e-02 | Errors=40 | Frames=100 | AvgTime=32.30ms
  Eb/N0=1.50dB | BLER=1.0283e-01 | BER=2.0967e-02 | Errors=40 | Frames=389 | AvgTime=32.18ms
  Eb/N0=2.00dB | BLER=1.7301e-02 | BER=2.3941e-03 | Errors=40 | Frames=2312 | AvgTime=32.41ms
  Eb/N0=2.50dB | BLER=2.8750e-03 | BER=3.9697e-04 | Errors=23 | Frames=8000 | AvgTime=32.50ms
  Eb/N0=3.00dB | BLER=1.2500e-04 | BER=1.5625e-05 | Errors=1 | Frames=8000 | AvgTime=32.49ms
  Eb/N0=3.50dB | BLER=0.0000e+00 | BER=0.0000e+00 | Errors=0 | Frames=8000 | AvgTime=32.92ms
  Eb/N0=4.00dB | BLER=0.0000e+00 | BER=0.0000e+00 | Errors=0 | Frames=8000 | AvgTime=32.62ms
  Eb/N0=4.50dB | BLER=0.0000e+00 | BER=0.0000e+00 | Errors=0 | Frames=8000 | AvgTime=32.50ms
  Eb/N0=5.00dB | BLER=0.0000e+00 | BER=0.0000e+00 | Errors=0 | Frames=8000 | AvgTime=32.59ms
exp2 SCL L=8
  Eb/N0=1.00dB | BLER=2.6316e-01 | BER=6.0547e-02 | Errors=40 | Frames=152 | AvgTime=66.40ms
  Eb/N0=1.50dB | BLER=6.9085e-02 | BER=1.1213e-02 | Errors=40 | Frames=579 | AvgTime=66.31ms
  Eb/N0=2.00dB | BLER=1.6103e-02 | BER=2.1371e-03 | Errors=40 | Frames=2484 | AvgTime=66.36ms
  Eb/N0=2.50dB | BLER=2.3750e-03 | BER=2.9639e-04 | Errors=19 | Frames=8000 | AvgTime=66.37ms
  Eb/N0=3.00dB | BLER=1.2500e-04 | BER=1.5625e-05 | Errors=1 | Frames=8000 | AvgTime=66.31ms
  Eb/N0=3.50dB | BLER=0.0000e+00 | BER=0.0000e+00 | Errors=0 | Frames=8000 | AvgTime=66.12ms
  Eb/N0=4.00dB | BLER=0.0000e+00 | BER=0.0000e+00 | Errors=0 | Frames=8000 | AvgTime=66.07ms
  Eb/N0=4.50dB | BLER=0.0000e+00 | BER=0.0000e+00 | Errors=0 | Frames=8000 | AvgTime=66.01ms
  Eb/N0=5.00dB | BLER=0.0000e+00 | BER=0.0000e+00 | Errors=0 | Frames=8000 | AvgTime=66.61ms
exp2 CA-SCL
  Eb/N0=1.00dB | BLER=1.6129e-01 | BER=5.4972e-02 | Errors=40 | Frames=248 | AvgTime=67.23ms
  Eb/N0=1.50dB | BLER=3.2441e-02 | BER=7.8258e-03 | Errors=40 | Frames=1233 | AvgTime=66.99ms
  Eb/N0=2.00dB | BLER=2.0000e-03 | BER=3.5988e-04 | Errors=16 | Frames=8000 | AvgTime=66.87ms
  Eb/N0=2.50dB | BLER=1.2500e-04 | BER=4.3347e-05 | Errors=1 | Frames=8000 | AvgTime=66.70ms
  Eb/N0=3.00dB | BLER=0.0000e+00 | BER=0.0000e+00 | Errors=0 | Frames=8000 | AvgTime=66.83ms
  Eb/N0=3.50dB | BLER=0.0000e+00 | BER=0.0000e+00 | Errors=0 | Frames=8000 | AvgTime=66.50ms
  Eb/N0=4.00dB | BLER=0.0000e+00 | BER=0.0000e+00 | Errors=0 | Frames=8000 | AvgTime=66.57ms
  Eb/N0=4.50dB | BLER=0.0000e+00 | BER=0.0000e+00 | Errors=0 | Frames=8000 | AvgTime=67.01ms
  Eb/N0=5.00dB | BLER=0.0000e+00 | BER=0.0000e+00 | Errors=0 | Frames=8000 | AvgTime=67.36ms
exp3 SC N=256
  Eb/N0=1.00dB | BLER=5.1948e-01 | BER=1.7573e-01 | Errors=40 | Frames=77 | AvgTime=2.72ms
  Eb/N0=1.50dB | BLER=2.7972e-01 | BER=8.4189e-02 | Errors=40 | Frames=143 | AvgTime=2.71ms
  Eb/N0=2.00dB | BLER=1.6000e-01 | BER=4.4281e-02 | Errors=40 | Frames=250 | AvgTime=2.71ms
  Eb/N0=2.50dB | BLER=5.7389e-02 | BER=1.4056e-02 | Errors=40 | Frames=697 | AvgTime=2.70ms
  Eb/N0=3.00dB | BLER=1.1176e-02 | BER=1.4953e-03 | Errors=40 | Frames=3579 | AvgTime=2.70ms
  Eb/N0=3.50dB | BLER=3.7500e-03 | BER=5.7715e-04 | Errors=30 | Frames=8000 | AvgTime=2.71ms
  Eb/N0=4.00dB | BLER=5.0000e-04 | BER=1.0156e-04 | Errors=4 | Frames=8000 | AvgTime=2.70ms
  Eb/N0=4.50dB | BLER=0.0000e+00 | BER=0.0000e+00 | Errors=0 | Frames=8000 | AvgTime=2.70ms
  Eb/N0=5.00dB | BLER=0.0000e+00 | BER=0.0000e+00 | Errors=0 | Frames=8000 | AvgTime=2.71ms
exp3 SCL N=256
  Eb/N0=1.00dB | BLER=2.9412e-01 | BER=7.5540e-02 | Errors=40 | Frames=136 | AvgTime=13.41ms
  Eb/N0=1.50dB | BLER=1.2384e-01 | BER=2.4937e-02 | Errors=40 | Frames=323 | AvgTime=13.46ms
  Eb/N0=2.00dB | BLER=4.0000e-02 | BER=7.4062e-03 | Errors=40 | Frames=1000 | AvgTime=13.48ms
  Eb/N0=2.50dB | BLER=1.3671e-02 | BER=1.1161e-03 | Errors=40 | Frames=2926 | AvgTime=13.42ms
  Eb/N0=3.00dB | BLER=5.2356e-03 | BER=5.0822e-04 | Errors=40 | Frames=7640 | AvgTime=13.41ms
  Eb/N0=3.50dB | BLER=8.7500e-04 | BER=8.0078e-05 | Errors=7 | Frames=8000 | AvgTime=13.35ms
  Eb/N0=4.00dB | BLER=2.5000e-04 | BER=4.2969e-05 | Errors=2 | Frames=8000 | AvgTime=13.32ms
  Eb/N0=4.50dB | BLER=1.2500e-04 | BER=1.9531e-06 | Errors=1 | Frames=8000 | AvgTime=13.23ms
  Eb/N0=5.00dB | BLER=0.0000e+00 | BER=0.0000e+00 | Errors=0 | Frames=8000 | AvgTime=13.24ms
exp3 BP N=256
  Eb/N0=1.00dB | BLER=1.0000e+00 | BER=5.0391e-01 | Errors=40 | Frames=40 | AvgTime=303.02ms | AvgIter=50.0
  Eb/N0=1.50dB | BLER=1.0000e+00 | BER=4.9688e-01 | Errors=40 | Frames=40 | AvgTime=302.53ms | AvgIter=50.0
  Eb/N0=2.00dB | BLER=1.0000e+00 | BER=4.8320e-01 | Errors=40 | Frames=40 | AvgTime=303.14ms | AvgIter=50.0
  Eb/N0=2.50dB | BLER=1.0000e+00 | BER=4.9863e-01 | Errors=40 | Frames=40 | AvgTime=302.71ms | AvgIter=50.0
  Eb/N0=3.00dB | BLER=1.0000e+00 | BER=4.8516e-01 | Errors=40 | Frames=40 | AvgTime=303.09ms | AvgIter=50.0
  Eb/N0=3.50dB | BLER=1.0000e+00 | BER=4.9863e-01 | Errors=40 | Frames=40 | AvgTime=302.88ms | AvgIter=50.0
  Eb/N0=4.00dB | BLER=1.0000e+00 | BER=5.0117e-01 | Errors=40 | Frames=40 | AvgTime=307.94ms | AvgIter=50.0
  Eb/N0=4.50dB | BLER=1.0000e+00 | BER=5.0039e-01 | Errors=40 | Frames=40 | AvgTime=309.54ms | AvgIter=50.0
  Eb/N0=5.00dB | BLER=1.0000e+00 | BER=4.8730e-01 | Errors=40 | Frames=40 | AvgTime=308.13ms | AvgIter=50.0
exp3 SC N=512
  Eb/N0=1.00dB | BLER=6.7797e-01 | BER=2.0955e-01 | Errors=40 | Frames=59 | AvgTime=6.27ms
  Eb/N0=1.50dB | BLER=4.0816e-01 | BER=1.0854e-01 | Errors=40 | Frames=98 | AvgTime=6.12ms
  Eb/N0=2.00dB | BLER=1.1869e-01 | BER=2.7552e-02 | Errors=40 | Frames=337 | AvgTime=6.12ms
  Eb/N0=2.50dB | BLER=2.7082e-02 | BER=5.1334e-03 | Errors=40 | Frames=1477 | AvgTime=6.11ms
  Eb/N0=3.00dB | BLER=3.8750e-03 | BER=8.2520e-04 | Errors=31 | Frames=8000 | AvgTime=6.11ms
  Eb/N0=3.50dB | BLER=1.0000e-03 | BER=1.4648e-04 | Errors=8 | Frames=8000 | AvgTime=6.11ms
  Eb/N0=4.00dB | BLER=0.0000e+00 | BER=0.0000e+00 | Errors=0 | Frames=8000 | AvgTime=6.11ms
  Eb/N0=4.50dB | BLER=0.0000e+00 | BER=0.0000e+00 | Errors=0 | Frames=8000 | AvgTime=6.10ms
  Eb/N0=5.00dB | BLER=0.0000e+00 | BER=0.0000e+00 | Errors=0 | Frames=8000 | AvgTime=6.10ms
exp3 SCL N=512
  Eb/N0=1.00dB | BLER=4.0000e-01 | BER=9.4922e-02 | Errors=40 | Frames=100 | AvgTime=32.76ms
  Eb/N0=1.50dB | BLER=1.0283e-01 | BER=2.0967e-02 | Errors=40 | Frames=389 | AvgTime=32.65ms
  Eb/N0=2.00dB | BLER=1.7301e-02 | BER=2.3941e-03 | Errors=40 | Frames=2312 | AvgTime=32.54ms
  Eb/N0=2.50dB | BLER=2.8750e-03 | BER=3.9697e-04 | Errors=23 | Frames=8000 | AvgTime=32.34ms
  Eb/N0=3.00dB | BLER=1.2500e-04 | BER=1.5625e-05 | Errors=1 | Frames=8000 | AvgTime=32.20ms
  Eb/N0=3.50dB | BLER=0.0000e+00 | BER=0.0000e+00 | Errors=0 | Frames=8000 | AvgTime=32.27ms
  Eb/N0=4.00dB | BLER=0.0000e+00 | BER=0.0000e+00 | Errors=0 | Frames=8000 | AvgTime=32.17ms
  Eb/N0=4.50dB | BLER=0.0000e+00 | BER=0.0000e+00 | Errors=0 | Frames=8000 | AvgTime=32.19ms
  Eb/N0=5.00dB | BLER=0.0000e+00 | BER=0.0000e+00 | Errors=0 | Frames=8000 | AvgTime=32.16ms
exp3 BP N=512
  Eb/N0=1.00dB | BLER=1.0000e+00 | BER=4.8936e-01 | Errors=40 | Frames=40 | AvgTime=688.02ms | AvgIter=50.0
  Eb/N0=1.50dB | BLER=1.0000e+00 | BER=5.0156e-01 | Errors=40 | Frames=40 | AvgTime=687.86ms | AvgIter=50.0
  Eb/N0=2.00dB | BLER=1.0000e+00 | BER=4.9932e-01 | Errors=40 | Frames=40 | AvgTime=688.05ms | AvgIter=50.0
  Eb/N0=2.50dB | BLER=1.0000e+00 | BER=4.9814e-01 | Errors=40 | Frames=40 | AvgTime=688.34ms | AvgIter=50.0
  Eb/N0=3.00dB | BLER=1.0000e+00 | BER=4.9404e-01 | Errors=40 | Frames=40 | AvgTime=687.66ms | AvgIter=50.0
  Eb/N0=3.50dB | BLER=1.0000e+00 | BER=5.0830e-01 | Errors=40 | Frames=40 | AvgTime=687.26ms | AvgIter=50.0
  Eb/N0=4.00dB | BLER=1.0000e+00 | BER=4.8672e-01 | Errors=40 | Frames=40 | AvgTime=687.69ms | AvgIter=50.0
  Eb/N0=4.50dB | BLER=1.0000e+00 | BER=4.9609e-01 | Errors=40 | Frames=40 | AvgTime=687.33ms | AvgIter=50.0
  Eb/N0=5.00dB | BLER=1.0000e+00 | BER=4.9102e-01 | Errors=40 | Frames=40 | AvgTime=687.73ms | AvgIter=50.0
全部实验完成。
