/workspace/polar_codes/utils.py:57: RuntimeWarning: overflow encountered in exp
  return np.log2(1.0 + np.exp(-2.0 * s * y)) * np.exp(-y ** 2 / 2.0)
/workspace/polar_codes/utils.py:57: RuntimeWarning: invalid value encountered in scalar multiply
  return np.log2(1.0 + np.exp(-2.0 * s * y)) * np.exp(-y ** 2 / 2.0)
/workspace/polar_codes/utils.py:59: IntegrationWarning: The occurrence of roundoff error is detected, which prevents 
  the requested tolerance from being achieved.  The error may be 
  underestimated.
  integral, _ = integrate.quad(integrand, -np.inf, np.inf)
单元测试通过。

============================================================
SC 仿真: N=256, K=128, R=0.5
============================================================
  Eb/N0=0.00dB | BLER=1.0000e+00 | BER=4.8305e-01 | Errors=100 | Frames=100 | AvgTime=2.71ms
  Eb/N0=0.25dB | BLER=1.0000e+00 | BER=4.9078e-01 | Errors=100 | Frames=100 | AvgTime=2.76ms
  Eb/N0=0.50dB | BLER=1.0000e+00 | BER=4.8453e-01 | Errors=100 | Frames=100 | AvgTime=2.71ms
  Eb/N0=0.75dB | BLER=1.0000e+00 | BER=4.9312e-01 | Errors=100 | Frames=100 | AvgTime=2.71ms
  Eb/N0=1.00dB | BLER=1.0000e+00 | BER=4.8812e-01 | Errors=100 | Frames=100 | AvgTime=2.71ms
  Eb/N0=1.25dB | BLER=1.0000e+00 | BER=4.8852e-01 | Errors=100 | Frames=100 | AvgTime=2.70ms
  Eb/N0=1.50dB | BLER=1.0000e+00 | BER=4.8391e-01 | Errors=100 | Frames=100 | AvgTime=2.70ms
  Eb/N0=1.75dB | BLER=1.0000e+00 | BER=4.7313e-01 | Errors=100 | Frames=100 | AvgTime=2.70ms
  Eb/N0=2.00dB | BLER=1.0000e+00 | BER=4.7570e-01 | Errors=100 | Frames=100 | AvgTime=2.70ms
  Eb/N0=2.25dB | BLER=1.0000e+00 | BER=4.6773e-01 | Errors=100 | Frames=100 | AvgTime=2.71ms
  Eb/N0=2.50dB | BLER=1.0000e+00 | BER=4.7789e-01 | Errors=100 | Frames=100 | AvgTime=2.71ms
  Eb/N0=2.75dB | BLER=1.0000e+00 | BER=4.7180e-01 | Errors=100 | Frames=100 | AvgTime=2.71ms
  Eb/N0=3.00dB | BLER=1.0000e+00 | BER=4.7406e-01 | Errors=100 | Frames=100 | AvgTime=2.71ms
  Eb/N0=3.25dB | BLER=1.0000e+00 | BER=4.7266e-01 | Errors=100 | Frames=100 | AvgTime=2.72ms
  Eb/N0=3.50dB | BLER=1.0000e+00 | BER=4.5148e-01 | Errors=100 | Frames=100 | AvgTime=2.71ms
  Eb/N0=3.75dB | BLER=1.0000e+00 | BER=4.5375e-01 | Errors=100 | Frames=100 | AvgTime=2.71ms
  Eb/N0=4.00dB | BLER=1.0000e+00 | BER=4.4820e-01 | Errors=100 | Frames=100 | AvgTime=2.71ms
  Eb/N0=4.25dB | BLER=1.0000e+00 | BER=4.4188e-01 | Errors=100 | Frames=100 | AvgTime=2.71ms
  Eb/N0=4.50dB | BLER=1.0000e+00 | BER=4.2344e-01 | Errors=100 | Frames=100 | AvgTime=2.76ms
  Eb/N0=4.75dB | BLER=9.9010e-01 | BER=4.1453e-01 | Errors=100 | Frames=101 | AvgTime=2.71ms
  Eb/N0=5.00dB | BLER=9.9010e-01 | BER=4.1120e-01 | Errors=100 | Frames=101 | AvgTime=2.71ms
  Eb/N0=5.25dB | BLER=1.0000e+00 | BER=3.7273e-01 | Errors=100 | Frames=100 | AvgTime=2.71ms

============================================================
SC 仿真: N=512, K=256, R=0.5
============================================================
  Eb/N0=0.00dB | BLER=1.0000e+00 | BER=5.0262e-01 | Errors=100 | Frames=100 | AvgTime=6.10ms
  Eb/N0=0.25dB | BLER=1.0000e+00 | BER=5.0059e-01 | Errors=100 | Frames=100 | AvgTime=6.10ms
  Eb/N0=0.50dB | BLER=1.0000e+00 | BER=4.9785e-01 | Errors=100 | Frames=100 | AvgTime=6.09ms
  Eb/N0=0.75dB | BLER=1.0000e+00 | BER=4.9531e-01 | Errors=100 | Frames=100 | AvgTime=6.10ms
  Eb/N0=1.00dB | BLER=1.0000e+00 | BER=4.9312e-01 | Errors=100 | Frames=100 | AvgTime=6.10ms
  Eb/N0=1.25dB | BLER=1.0000e+00 | BER=4.9480e-01 | Errors=100 | Frames=100 | AvgTime=6.11ms
  Eb/N0=1.50dB | BLER=1.0000e+00 | BER=4.9785e-01 | Errors=100 | Frames=100 | AvgTime=6.09ms
  Eb/N0=1.75dB | BLER=1.0000e+00 | BER=4.9719e-01 | Errors=100 | Frames=100 | AvgTime=6.10ms
  Eb/N0=2.00dB | BLER=1.0000e+00 | BER=4.8785e-01 | Errors=100 | Frames=100 | AvgTime=6.10ms
  Eb/N0=2.25dB | BLER=1.0000e+00 | BER=4.8750e-01 | Errors=100 | Frames=100 | AvgTime=6.10ms
  Eb/N0=2.50dB | BLER=1.0000e+00 | BER=4.9492e-01 | Errors=100 | Frames=100 | AvgTime=6.08ms
  Eb/N0=2.75dB | BLER=1.0000e+00 | BER=4.9223e-01 | Errors=100 | Frames=100 | AvgTime=6.13ms
  Eb/N0=3.00dB | BLER=1.0000e+00 | BER=4.8941e-01 | Errors=100 | Frames=100 | AvgTime=6.10ms
  Eb/N0=3.25dB | BLER=1.0000e+00 | BER=4.8410e-01 | Errors=100 | Frames=100 | AvgTime=6.10ms
  Eb/N0=3.50dB | BLER=1.0000e+00 | BER=4.8160e-01 | Errors=100 | Frames=100 | AvgTime=6.10ms
  Eb/N0=3.75dB | BLER=1.0000e+00 | BER=4.7219e-01 | Errors=100 | Frames=100 | AvgTime=6.09ms
  Eb/N0=4.00dB | BLER=1.0000e+00 | BER=4.7691e-01 | Errors=100 | Frames=100 | AvgTime=6.09ms
  Eb/N0=4.25dB | BLER=1.0000e+00 | BER=4.7156e-01 | Errors=100 | Frames=100 | AvgTime=6.09ms
  Eb/N0=4.50dB | BLER=1.0000e+00 | BER=4.6543e-01 | Errors=100 | Frames=100 | AvgTime=6.10ms
  Eb/N0=4.75dB | BLER=1.0000e+00 | BER=4.6996e-01 | Errors=100 | Frames=100 | AvgTime=6.10ms
  Eb/N0=5.00dB | BLER=1.0000e+00 | BER=4.6457e-01 | Errors=100 | Frames=100 | AvgTime=6.09ms
  Eb/N0=5.25dB | BLER=1.0000e+00 | BER=4.7219e-01 | Errors=100 | Frames=100 | AvgTime=6.09ms

============================================================
SC 仿真: N=1024, K=512, R=0.5
============================================================
  Eb/N0=0.00dB | BLER=1.0000e+00 | BER=5.0020e-01 | Errors=100 | Frames=100 | AvgTime=13.44ms
  Eb/N0=0.25dB | BLER=1.0000e+00 | BER=5.0410e-01 | Errors=100 | Frames=100 | AvgTime=13.44ms
  Eb/N0=0.50dB | BLER=1.0000e+00 | BER=4.9836e-01 | Errors=100 | Frames=100 | AvgTime=13.45ms
  Eb/N0=0.75dB | BLER=1.0000e+00 | BER=4.9627e-01 | Errors=100 | Frames=100 | AvgTime=13.44ms
  Eb/N0=1.00dB | BLER=1.0000e+00 | BER=4.9707e-01 | Errors=100 | Frames=100 | AvgTime=13.45ms
  Eb/N0=1.25dB | BLER=1.0000e+00 | BER=4.9727e-01 | Errors=100 | Frames=100 | AvgTime=13.57ms
  Eb/N0=1.50dB | BLER=1.0000e+00 | BER=4.9715e-01 | Errors=100 | Frames=100 | AvgTime=13.57ms
  Eb/N0=1.75dB | BLER=1.0000e+00 | BER=4.9822e-01 | Errors=100 | Frames=100 | AvgTime=13.47ms
  Eb/N0=2.00dB | BLER=1.0000e+00 | BER=5.0166e-01 | Errors=100 | Frames=100 | AvgTime=13.47ms
  Eb/N0=2.25dB | BLER=1.0000e+00 | BER=4.9301e-01 | Errors=100 | Frames=100 | AvgTime=13.49ms
  Eb/N0=2.50dB | BLER=1.0000e+00 | BER=4.9410e-01 | Errors=100 | Frames=100 | AvgTime=13.51ms
  Eb/N0=2.75dB | BLER=1.0000e+00 | BER=4.9555e-01 | Errors=100 | Frames=100 | AvgTime=13.47ms
  Eb/N0=3.00dB | BLER=1.0000e+00 | BER=4.9361e-01 | Errors=100 | Frames=100 | AvgTime=13.49ms
  Eb/N0=3.25dB | BLER=1.0000e+00 | BER=4.9717e-01 | Errors=100 | Frames=100 | AvgTime=13.48ms
  Eb/N0=3.50dB | BLER=1.0000e+00 | BER=4.9373e-01 | Errors=100 | Frames=100 | AvgTime=13.49ms
  Eb/N0=3.75dB | BLER=1.0000e+00 | BER=4.9770e-01 | Errors=100 | Frames=100 | AvgTime=13.48ms
  Eb/N0=4.00dB | BLER=1.0000e+00 | BER=4.9613e-01 | Errors=100 | Frames=100 | AvgTime=13.50ms
  Eb/N0=4.25dB | BLER=1.0000e+00 | BER=4.9043e-01 | Errors=100 | Frames=100 | AvgTime=13.45ms
  Eb/N0=4.50dB | BLER=1.0000e+00 | BER=4.9115e-01 | Errors=100 | Frames=100 | AvgTime=13.46ms
  Eb/N0=4.75dB | BLER=1.0000e+00 | BER=4.9164e-01 | Errors=100 | Frames=100 | AvgTime=13.45ms
  Eb/N0=5.00dB | BLER=1.0000e+00 | BER=4.8547e-01 | Errors=100 | Frames=100 | AvgTime=13.45ms
  Eb/N0=5.25dB | BLER=1.0000e+00 | BER=4.7967e-01 | Errors=100 | Frames=100 | AvgTime=13.46ms

BPSK 信道容量限（R=0.5）: Eb/N0 = 20.000 dB

实验一完成。结果保存至 results/ 目录。
