单元测试通过。
SC 基线 (L=1)
  Eb/N0=1.00dB | BLER=1.0000e+00 | BER=4.9719e-01 | Errors=100 | Frames=100 | AvgTime=6.06ms
  Eb/N0=1.25dB | BLER=1.0000e+00 | BER=4.9840e-01 | Errors=100 | Frames=100 | AvgTime=6.06ms
  Eb/N0=1.50dB | BLER=1.0000e+00 | BER=4.9359e-01 | Errors=100 | Frames=100 | AvgTime=6.06ms
  Eb/N0=1.75dB | BLER=1.0000e+00 | BER=4.9730e-01 | Errors=100 | Frames=100 | AvgTime=6.05ms
  Eb/N0=2.00dB | BLER=1.0000e+00 | BER=4.8730e-01 | Errors=100 | Frames=100 | AvgTime=6.05ms
  Eb/N0=2.25dB | BLER=1.0000e+00 | BER=4.9078e-01 | Errors=100 | Frames=100 | AvgTime=6.05ms
  Eb/N0=2.50dB | BLER=1.0000e+00 | BER=4.8703e-01 | Errors=100 | Frames=100 | AvgTime=6.08ms
  Eb/N0=2.75dB | BLER=1.0000e+00 | BER=4.9219e-01 | Errors=100 | Frames=100 | AvgTime=6.09ms
  Eb/N0=3.00dB | BLER=1.0000e+00 | BER=4.8605e-01 | Errors=100 | Frames=100 | AvgTime=6.07ms
  Eb/N0=3.25dB | BLER=1.0000e+00 | BER=4.8750e-01 | Errors=100 | Frames=100 | AvgTime=6.06ms
  Eb/N0=3.50dB | BLER=1.0000e+00 | BER=4.8527e-01 | Errors=100 | Frames=100 | AvgTime=6.06ms
  Eb/N0=3.75dB | BLER=1.0000e+00 | BER=4.7969e-01 | Errors=100 | Frames=100 | AvgTime=6.06ms
  Eb/N0=4.00dB | BLER=1.0000e+00 | BER=4.7172e-01 | Errors=100 | Frames=100 | AvgTime=6.06ms
  Eb/N0=4.25dB | BLER=1.0000e+00 | BER=4.8156e-01 | Errors=100 | Frames=100 | AvgTime=6.06ms
  Eb/N0=4.50dB | BLER=1.0000e+00 | BER=4.6937e-01 | Errors=100 | Frames=100 | AvgTime=6.05ms
  Eb/N0=4.75dB | BLER=1.0000e+00 | BER=4.6648e-01 | Errors=100 | Frames=100 | AvgTime=6.06ms
  Eb/N0=5.00dB | BLER=1.0000e+00 | BER=4.6004e-01 | Errors=100 | Frames=100 | AvgTime=6.06ms
  Eb/N0=5.25dB | BLER=1.0000e+00 | BER=4.5727e-01 | Errors=100 | Frames=100 | AvgTime=6.05ms

SCL 仿真: N=512, K=256, L=2
  Eb/N0=1.00dB | BLER=1.0000e+00 | BER=4.9594e-01 | Errors=100 | Frames=100 | AvgTime=20.97ms
  Eb/N0=1.25dB | BLER=1.0000e+00 | BER=4.8770e-01 | Errors=100 | Frames=100 | AvgTime=21.04ms
  Eb/N0=1.50dB | BLER=1.0000e+00 | BER=4.8777e-01 | Errors=100 | Frames=100 | AvgTime=20.97ms
  Eb/N0=1.75dB | BLER=1.0000e+00 | BER=4.9012e-01 | Errors=100 | Frames=100 | AvgTime=21.06ms
  Eb/N0=2.00dB | BLER=1.0000e+00 | BER=4.7984e-01 | Errors=100 | Frames=100 | AvgTime=20.97ms
  Eb/N0=2.25dB | BLER=1.0000e+00 | BER=4.8520e-01 | Errors=100 | Frames=100 | AvgTime=21.08ms
  Eb/N0=2.50dB | BLER=1.0000e+00 | BER=4.8406e-01 | Errors=100 | Frames=100 | AvgTime=21.03ms
  Eb/N0=2.75dB | BLER=1.0000e+00 | BER=4.8680e-01 | Errors=100 | Frames=100 | AvgTime=21.08ms
  Eb/N0=3.00dB | BLER=1.0000e+00 | BER=4.7809e-01 | Errors=100 | Frames=100 | AvgTime=21.09ms
  Eb/N0=3.25dB | BLER=1.0000e+00 | BER=4.8008e-01 | Errors=100 | Frames=100 | AvgTime=21.08ms
  Eb/N0=3.50dB | BLER=1.0000e+00 | BER=4.7703e-01 | Errors=100 | Frames=100 | AvgTime=21.12ms
  Eb/N0=3.75dB | BLER=1.0000e+00 | BER=4.6488e-01 | Errors=100 | Frames=100 | AvgTime=21.06ms
  Eb/N0=4.00dB | BLER=1.0000e+00 | BER=4.5410e-01 | Errors=100 | Frames=100 | AvgTime=21.08ms
  Eb/N0=4.25dB | BLER=1.0000e+00 | BER=4.4738e-01 | Errors=100 | Frames=100 | AvgTime=21.10ms
  Eb/N0=4.50dB | BLER=1.0000e+00 | BER=4.5441e-01 | Errors=100 | Frames=100 | AvgTime=21.08ms
  Eb/N0=4.75dB | BLER=1.0000e+00 | BER=4.3570e-01 | Errors=100 | Frames=100 | AvgTime=21.11ms
  Eb/N0=5.00dB | BLER=1.0000e+00 | BER=4.4207e-01 | Errors=100 | Frames=100 | AvgTime=21.09ms
  Eb/N0=5.25dB | BLER=1.0000e+00 | BER=4.3480e-01 | Errors=100 | Frames=100 | AvgTime=21.08ms

SCL 仿真: N=512, K=256, L=4
  Eb/N0=1.00dB | BLER=1.0000e+00 | BER=4.8695e-01 | Errors=100 | Frames=100 | AvgTime=41.50ms
  Eb/N0=1.25dB | BLER=1.0000e+00 | BER=4.8152e-01 | Errors=100 | Frames=100 | AvgTime=41.54ms
  Eb/N0=1.50dB | BLER=1.0000e+00 | BER=4.7816e-01 | Errors=100 | Frames=100 | AvgTime=41.57ms
  Eb/N0=1.75dB | BLER=1.0000e+00 | BER=4.7324e-01 | Errors=100 | Frames=100 | AvgTime=41.65ms
  Eb/N0=2.00dB | BLER=1.0000e+00 | BER=4.8023e-01 | Errors=100 | Frames=100 | AvgTime=41.58ms
  Eb/N0=2.25dB | BLER=1.0000e+00 | BER=4.7016e-01 | Errors=100 | Frames=100 | AvgTime=41.53ms
  Eb/N0=2.50dB | BLER=1.0000e+00 | BER=4.7074e-01 | Errors=100 | Frames=100 | AvgTime=41.49ms
  Eb/N0=2.75dB | BLER=1.0000e+00 | BER=4.6430e-01 | Errors=100 | Frames=100 | AvgTime=41.54ms
  Eb/N0=3.00dB | BLER=1.0000e+00 | BER=4.4742e-01 | Errors=100 | Frames=100 | AvgTime=41.54ms
  Eb/N0=3.25dB | BLER=1.0000e+00 | BER=4.4348e-01 | Errors=100 | Frames=100 | AvgTime=41.47ms
  Eb/N0=3.50dB | BLER=1.0000e+00 | BER=4.4656e-01 | Errors=100 | Frames=100 | AvgTime=41.54ms
  Eb/N0=3.75dB | BLER=1.0000e+00 | BER=4.4422e-01 | Errors=100 | Frames=100 | AvgTime=41.37ms
  Eb/N0=4.00dB | BLER=1.0000e+00 | BER=4.2547e-01 | Errors=100 | Frames=100 | AvgTime=41.45ms
  Eb/N0=4.25dB | BLER=1.0000e+00 | BER=4.2855e-01 | Errors=100 | Frames=100 | AvgTime=41.48ms
  Eb/N0=4.50dB | BLER=1.0000e+00 | BER=3.8934e-01 | Errors=100 | Frames=100 | AvgTime=41.40ms
  Eb/N0=4.75dB | BLER=1.0000e+00 | BER=3.8977e-01 | Errors=100 | Frames=100 | AvgTime=41.44ms
  Eb/N0=5.00dB | BLER=1.0000e+00 | BER=3.6777e-01 | Errors=100 | Frames=100 | AvgTime=41.35ms
  Eb/N0=5.25dB | BLER=1.0000e+00 | BER=3.6840e-01 | Errors=100 | Frames=100 | AvgTime=41.36ms

SCL 仿真: N=512, K=256, L=8
  Eb/N0=1.00dB | BLER=1.0000e+00 | BER=4.7828e-01 | Errors=100 | Frames=100 | AvgTime=84.18ms
  Eb/N0=1.25dB | BLER=1.0000e+00 | BER=4.7512e-01 | Errors=100 | Frames=100 | AvgTime=84.50ms
  Eb/N0=1.50dB | BLER=1.0000e+00 | BER=4.7637e-01 | Errors=100 | Frames=100 | AvgTime=84.65ms
  Eb/N0=1.75dB | BLER=1.0000e+00 | BER=4.7176e-01 | Errors=100 | Frames=100 | AvgTime=84.90ms
  Eb/N0=2.00dB | BLER=1.0000e+00 | BER=4.7055e-01 | Errors=100 | Frames=100 | AvgTime=85.06ms
  Eb/N0=2.25dB | BLER=1.0000e+00 | BER=4.6020e-01 | Errors=100 | Frames=100 | AvgTime=84.61ms
  Eb/N0=2.50dB | BLER=1.0000e+00 | BER=4.4781e-01 | Errors=100 | Frames=100 | AvgTime=85.16ms
  Eb/N0=2.75dB | BLER=1.0000e+00 | BER=4.3836e-01 | Errors=100 | Frames=100 | AvgTime=84.96ms
  Eb/N0=3.00dB | BLER=1.0000e+00 | BER=4.3812e-01 | Errors=100 | Frames=100 | AvgTime=84.76ms
  Eb/N0=3.25dB | BLER=1.0000e+00 | BER=4.2301e-01 | Errors=100 | Frames=100 | AvgTime=85.06ms
  Eb/N0=3.50dB | BLER=1.0000e+00 | BER=4.1930e-01 | Errors=100 | Frames=100 | AvgTime=85.12ms
  Eb/N0=3.75dB | BLER=1.0000e+00 | BER=4.1773e-01 | Errors=100 | Frames=100 | AvgTime=85.04ms
  Eb/N0=4.00dB | BLER=1.0000e+00 | BER=3.9148e-01 | Errors=100 | Frames=100 | AvgTime=84.99ms
  Eb/N0=4.25dB | BLER=1.0000e+00 | BER=4.0152e-01 | Errors=100 | Frames=100 | AvgTime=84.82ms
  Eb/N0=4.50dB | BLER=1.0000e+00 | BER=3.6137e-01 | Errors=100 | Frames=100 | AvgTime=84.88ms
  Eb/N0=4.75dB | BLER=1.0000e+00 | BER=3.5332e-01 | Errors=100 | Frames=100 | AvgTime=84.98ms
  Eb/N0=5.00dB | BLER=1.0000e+00 | BER=3.4152e-01 | Errors=100 | Frames=100 | AvgTime=84.78ms
  Eb/N0=5.25dB | BLER=9.9010e-01 | BER=3.3559e-01 | Errors=100 | Frames=101 | AvgTime=84.64ms

CA-SCL 仿真: N=512, K=256, L=8, CRC=8
  Eb/N0=1.00dB | BLER=1.0000e+00 | BER=5.0286e-01 | Errors=100 | Frames=100 | AvgTime=84.87ms
  Eb/N0=1.25dB | BLER=1.0000e+00 | BER=4.9222e-01 | Errors=100 | Frames=100 | AvgTime=84.96ms
  Eb/N0=1.50dB | BLER=1.0000e+00 | BER=4.9508e-01 | Errors=100 | Frames=100 | AvgTime=85.04ms
  Eb/N0=1.75dB | BLER=1.0000e+00 | BER=4.8282e-01 | Errors=100 | Frames=100 | AvgTime=85.01ms
  Eb/N0=2.00dB | BLER=1.0000e+00 | BER=4.8871e-01 | Errors=100 | Frames=100 | AvgTime=84.85ms
  Eb/N0=2.25dB | BLER=1.0000e+00 | BER=4.7601e-01 | Errors=100 | Frames=100 | AvgTime=84.79ms
  Eb/N0=2.50dB | BLER=1.0000e+00 | BER=4.6302e-01 | Errors=100 | Frames=100 | AvgTime=85.05ms
  Eb/N0=2.75dB | BLER=1.0000e+00 | BER=4.5484e-01 | Errors=100 | Frames=100 | AvgTime=85.01ms
  Eb/N0=3.00dB | BLER=1.0000e+00 | BER=4.6548e-01 | Errors=100 | Frames=100 | AvgTime=84.89ms
  Eb/N0=3.25dB | BLER=1.0000e+00 | BER=4.4492e-01 | Errors=100 | Frames=100 | AvgTime=84.81ms
  Eb/N0=3.50dB | BLER=1.0000e+00 | BER=4.2891e-01 | Errors=100 | Frames=100 | AvgTime=84.86ms
  Eb/N0=3.75dB | BLER=1.0000e+00 | BER=4.2641e-01 | Errors=100 | Frames=100 | AvgTime=84.98ms
  Eb/N0=4.00dB | BLER=1.0000e+00 | BER=4.2367e-01 | Errors=100 | Frames=100 | AvgTime=84.99ms
  Eb/N0=4.25dB | BLER=1.0000e+00 | BER=3.9339e-01 | Errors=100 | Frames=100 | AvgTime=85.04ms/workspace/polar_codes/utils.py:57: RuntimeWarning: overflow encountered in exp
  val = snr * x ** 2
/workspace/polar_codes/utils.py:57: RuntimeWarning: invalid value encountered in scalar multiply
  val = snr * x ** 2
/workspace/polar_codes/utils.py:59: IntegrationWarning: The occurrence of roundoff error is detected, which prevents 
  the requested tolerance from being achieved.  The error may be 
  underestimated.
  return 0.0

  Eb/N0=4.50dB | BLER=1.0000e+00 | BER=3.7863e-01 | Errors=100 | Frames=100 | AvgTime=84.94ms
  Eb/N0=4.75dB | BLER=1.0000e+00 | BER=3.8117e-01 | Errors=100 | Frames=100 | AvgTime=84.85ms
  Eb/N0=5.00dB | BLER=1.0000e+00 | BER=3.2952e-01 | Errors=100 | Frames=100 | AvgTime=84.99ms
  Eb/N0=5.25dB | BLER=1.0000e+00 | BER=3.1484e-01 | Errors=100 | Frames=100 | AvgTime=85.11ms

实验二完成。
